<html>
<body>
<pre>
<h1>µVision Build Log</h1>
<h2>Project:</h2>
C:\Users\miraj\RTES_proj\MRK-master\mRKv2.0\MRK.uvproj
Project File Date:  12/06/2012

<h2>Output:</h2>
Rebuild target 'mbed NXP LPC1768'
compiling nrk_cpu.cpp...
compiling nrk_status.cpp...
compiling nrk_timer.cpp...
mrk_uvision_lpc1768\mrk\NanoRk\src\kernel\hal\LPC1768\nrk_timer.cpp(177): warning:  #191-D: type qualifier is meaningless on cast type
mrk_uvision_lpc1768\mrk\NanoRk\src\kernel\hal\LPC1768\nrk_timer.cpp(298): warning:  #191-D: type qualifier is meaningless on cast type
compiling nrk_watchdog.cpp...
compiling nrk.cpp...
compiling nrk_error.cpp...
mrk_uvision_lpc1768\mrk\NanoRk\src\kernel\source\nrk_error.cpp(165): warning:  #177-D: variable "i" was declared but never referenced
compiling nrk_events.cpp...
mrk_uvision_lpc1768\mrk\NanoRk\src\kernel\source\nrk_events.cpp(279): warning:  #177-D: variable "task_ID" was declared but never referenced
compiling nrk_idle_task.cpp...
mrk_uvision_lpc1768\mrk\NanoRk\src\kernel\source\nrk_idle_task.cpp(39): warning:  #177-D: variable "stkc" was declared but never referenced
compiling nrk_reserve.cpp...
compiling nrk_scheduler.cpp...
compiling nrk_stack_check.cpp...
compiling nrk_stats.cpp...
compiling nrk_task.cpp...
mrk_uvision_lpc1768\mrk\NanoRk\src\kernel\source\nrk_task.cpp(230): warning:  #550-D: variable "rtype" was set but never used
mrk_uvision_lpc1768\mrk\NanoRk\src\kernel\source\nrk_task.cpp(524): warning:  #191-D: type qualifier is meaningless on cast type
compiling nrk_time.cpp...
compiling hal_wait.cpp...
compiling ulib.cpp...
mrk_uvision_lpc1768\mrk\NanoRk\src\platform\mbed\source\ulib.cpp(338): warning:  #9-D: nested comment is not allowed
mrk_uvision_lpc1768\mrk\NanoRk\src\platform\mbed\source\ulib.cpp(606): warning:  #111-D: statement is unreachable
mrk_uvision_lpc1768\mrk\NanoRk\src\platform\mbed\source\ulib.cpp(657): warning:  #940-D: missing return statement at end of non-void function "nrk_get_button"
mrk_uvision_lpc1768\mrk\NanoRk\src\platform\mbed\source\ulib.cpp(826): warning: C3017W: uClk may be used before being set
assembling my_asm.s...
mrk_uvision_lpc1768\mrk\my_asm.s(93): warning: A1581W: Added 2 bytes of padding at address 0x6a
compiling adc_driver.cpp...
mrk_uvision_lpc1768\mrk\NanoRk\src\drivers\platform\mbed\adc_driver.cpp(69): warning:  #68-D: integer conversion resulted in a change of sign
mrk_uvision_lpc1768\mrk\NanoRk\src\drivers\platform\mbed\adc_driver.cpp(73): warning:  #68-D: integer conversion resulted in a change of sign
mrk_uvision_lpc1768\mrk\NanoRk\src\drivers\platform\mbed\adc_driver.cpp(76): warning:  #68-D: integer conversion resulted in a change of sign
mrk_uvision_lpc1768\mrk\NanoRk\src\drivers\platform\mbed\adc_driver.cpp(96): warning:  #68-D: integer conversion resulted in a change of sign
mrk_uvision_lpc1768\mrk\NanoRk\src\drivers\platform\mbed\adc_driver.cpp(105): warning:  #68-D: integer conversion resulted in a change of sign
compiling ff_basic_sensor.cpp...
mrk_uvision_lpc1768\mrk\NanoRk\src\drivers\platform\mbed\ff_basic_sensor.cpp(68): warning:  #68-D: integer conversion resulted in a change of sign
mrk_uvision_lpc1768\mrk\NanoRk\src\drivers\platform\mbed\ff_basic_sensor.cpp(82): warning:  #68-D: integer conversion resulted in a change of sign
mrk_uvision_lpc1768\mrk\NanoRk\src\drivers\platform\mbed\ff_basic_sensor.cpp(86): warning:  #68-D: integer conversion resulted in a change of sign
mrk_uvision_lpc1768\mrk\NanoRk\src\drivers\platform\mbed\ff_basic_sensor.cpp(89): warning:  #68-D: integer conversion resulted in a change of sign
mrk_uvision_lpc1768\mrk\NanoRk\src\drivers\platform\mbed\ff_basic_sensor.cpp(170): warning:  #68-D: integer conversion resulted in a change of sign
mrk_uvision_lpc1768\mrk\NanoRk\src\drivers\platform\mbed\ff_basic_sensor.cpp(193): warning:  #68-D: integer conversion resulted in a change of sign
mrk_uvision_lpc1768\mrk\NanoRk\src\drivers\platform\mbed\ff_basic_sensor.cpp(209): warning:  #68-D: integer conversion resulted in a change of sign
mrk_uvision_lpc1768\mrk\NanoRk\src\drivers\platform\mbed\ff_basic_sensor.cpp(265): warning:  #1-D: last line of file ends without a newline
compiling nrk_driver.cpp...
mrk_uvision_lpc1768\mrk\NanoRk\src\kernel\source\nrk_driver.cpp(141): warning:  #186-D: pointless comparison of unsigned integer with zero
compiling bmac.cpp...
mrk_uvision_lpc1768\mrk\NanoRk\src\net\bmac\bmac.cpp(461): warning:  #550-D: variable "result" was set but never used
mrk_uvision_lpc1768\mrk\NanoRk\src\net\bmac\bmac.cpp(502): warning:  #177-D: variable "result" was declared but never referenced
mrk_uvision_lpc1768\mrk\NanoRk\src\net\bmac\bmac.cpp(554): warning:  #550-D: variable "e" was set but never used
mrk_uvision_lpc1768\mrk\NanoRk\src\net\bmac\bmac.cpp(555): warning:  #177-D: variable "backoff" was declared but never referenced
mrk_uvision_lpc1768\mrk\NanoRk\src\net\bmac\bmac.cpp(803): warning:  #1-D: last line of file ends without a newline
mrk_uvision_lpc1768\mrk\NanoRk\src\net\bmac\bmac.cpp(66): warning:  #550-D: variable "g_chan" was set but never used
mrk_uvision_lpc1768\mrk\NanoRk\src\net\bmac\bmac.cpp(72): warning:  #550-D: variable "tx_reserve" was set but never used
compiling basic_rf.cpp...
mrk_uvision_lpc1768\mrk\NanoRk\src\radio\mrf24j40\source\basic_rf.cpp(336): warning:  #61-D: integer operation result is out of range
mrk_uvision_lpc1768\mrk\NanoRk\src\radio\mrf24j40\source\basic_rf.cpp(336): warning:  #68-D: integer conversion resulted in a change of sign
compiling MRF24J40.cpp...
compiling hop_int.cpp...
..\..\proj_prac\hop_int.cpp(152): error:  #140: too many arguments in function call
..\..\proj_prac\hop_int.cpp(172): warning:  #177-D: variable "k" was declared but never referenced
..\..\proj_prac\hop_int.cpp(241): warning:  #177-D: variable "k" was declared but never referenced
..\..\proj_prac\hop_int.cpp(289): warning:  #1441-D: nonstandard cast on lvalue
..\..\proj_prac\hop_int.cpp(276): warning:  #550-D: variable "val" was set but never used
..\..\proj_prac\hop_int.cpp(278): warning:  #177-D: variable "check_period" was declared but never referenced
..\..\proj_prac\hop_int.cpp(303): warning:  #177-D: variable "j" was declared but never referenced
..\..\proj_prac\hop_int.cpp(303): warning:  #550-D: variable "val" was set but never used
..\..\proj_prac\hop_int.cpp(303): warning:  #177-D: variable "len" was declared but never referenced
..\..\proj_prac\hop_int.cpp(305): warning:  #177-D: variable "ret" was declared but never referenced
..\..\proj_prac\hop_int.cpp(306): warning:  #177-D: variable "r_period" was declared but never referenced
..\..\proj_prac\hop_int.cpp(349): warning:  #177-D: variable "j" was declared but never referenced
..\..\proj_prac\hop_int.cpp(349): warning:  #550-D: variable "val" was set but never used
..\..\proj_prac\hop_int.cpp(349): warning:  #177-D: variable "len" was declared but never referenced
..\..\proj_prac\hop_int.cpp(351): warning:  #177-D: variable "ret" was declared but never referenced
..\..\proj_prac\hop_int.cpp(352): warning:  #177-D: variable "r_period" was declared but never referenced
..\..\proj_prac\hop_int.cpp(437): warning:  #1-D: last line of file ends without a newline
Target not created
Rebuild target 'mbed NXP LPC1768'
compiling nrk_cpu.cpp...
compiling nrk_status.cpp...
compiling nrk_timer.cpp...
mrk_uvision_lpc1768\mrk\NanoRk\src\kernel\hal\LPC1768\nrk_timer.cpp(177): warning:  #191-D: type qualifier is meaningless on cast type
mrk_uvision_lpc1768\mrk\NanoRk\src\kernel\hal\LPC1768\nrk_timer.cpp(298): warning:  #191-D: type qualifier is meaningless on cast type
compiling nrk_watchdog.cpp...
compiling nrk.cpp...
compiling nrk_error.cpp...
mrk_uvision_lpc1768\mrk\NanoRk\src\kernel\source\nrk_error.cpp(165): warning:  #177-D: variable "i" was declared but never referenced
compiling nrk_events.cpp...
mrk_uvision_lpc1768\mrk\NanoRk\src\kernel\source\nrk_events.cpp(279): warning:  #177-D: variable "task_ID" was declared but never referenced
compiling nrk_idle_task.cpp...
mrk_uvision_lpc1768\mrk\NanoRk\src\kernel\source\nrk_idle_task.cpp(39): warning:  #177-D: variable "stkc" was declared but never referenced
compiling nrk_reserve.cpp...
compiling nrk_scheduler.cpp...
compiling nrk_stack_check.cpp...
compiling nrk_stats.cpp...
compiling nrk_task.cpp...
mrk_uvision_lpc1768\mrk\NanoRk\src\kernel\source\nrk_task.cpp(230): warning:  #550-D: variable "rtype" was set but never used
mrk_uvision_lpc1768\mrk\NanoRk\src\kernel\source\nrk_task.cpp(524): warning:  #191-D: type qualifier is meaningless on cast type
compiling nrk_time.cpp...
compiling hal_wait.cpp...
compiling ulib.cpp...
mrk_uvision_lpc1768\mrk\NanoRk\src\platform\mbed\source\ulib.cpp(338): warning:  #9-D: nested comment is not allowed
mrk_uvision_lpc1768\mrk\NanoRk\src\platform\mbed\source\ulib.cpp(606): warning:  #111-D: statement is unreachable
mrk_uvision_lpc1768\mrk\NanoRk\src\platform\mbed\source\ulib.cpp(657): warning:  #940-D: missing return statement at end of non-void function "nrk_get_button"
mrk_uvision_lpc1768\mrk\NanoRk\src\platform\mbed\source\ulib.cpp(826): warning: C3017W: uClk may be used before being set
assembling my_asm.s...
mrk_uvision_lpc1768\mrk\my_asm.s(93): warning: A1581W: Added 2 bytes of padding at address 0x6a
compiling adc_driver.cpp...
mrk_uvision_lpc1768\mrk\NanoRk\src\drivers\platform\mbed\adc_driver.cpp(69): warning:  #68-D: integer conversion resulted in a change of sign
mrk_uvision_lpc1768\mrk\NanoRk\src\drivers\platform\mbed\adc_driver.cpp(73): warning:  #68-D: integer conversion resulted in a change of sign
mrk_uvision_lpc1768\mrk\NanoRk\src\drivers\platform\mbed\adc_driver.cpp(76): warning:  #68-D: integer conversion resulted in a change of sign
mrk_uvision_lpc1768\mrk\NanoRk\src\drivers\platform\mbed\adc_driver.cpp(96): warning:  #68-D: integer conversion resulted in a change of sign
mrk_uvision_lpc1768\mrk\NanoRk\src\drivers\platform\mbed\adc_driver.cpp(105): warning:  #68-D: integer conversion resulted in a change of sign
compiling ff_basic_sensor.cpp...
mrk_uvision_lpc1768\mrk\NanoRk\src\drivers\platform\mbed\ff_basic_sensor.cpp(68): warning:  #68-D: integer conversion resulted in a change of sign
mrk_uvision_lpc1768\mrk\NanoRk\src\drivers\platform\mbed\ff_basic_sensor.cpp(82): warning:  #68-D: integer conversion resulted in a change of sign
mrk_uvision_lpc1768\mrk\NanoRk\src\drivers\platform\mbed\ff_basic_sensor.cpp(86): warning:  #68-D: integer conversion resulted in a change of sign
mrk_uvision_lpc1768\mrk\NanoRk\src\drivers\platform\mbed\ff_basic_sensor.cpp(89): warning:  #68-D: integer conversion resulted in a change of sign
mrk_uvision_lpc1768\mrk\NanoRk\src\drivers\platform\mbed\ff_basic_sensor.cpp(170): warning:  #68-D: integer conversion resulted in a change of sign
mrk_uvision_lpc1768\mrk\NanoRk\src\drivers\platform\mbed\ff_basic_sensor.cpp(193): warning:  #68-D: integer conversion resulted in a change of sign
mrk_uvision_lpc1768\mrk\NanoRk\src\drivers\platform\mbed\ff_basic_sensor.cpp(209): warning:  #68-D: integer conversion resulted in a change of sign
mrk_uvision_lpc1768\mrk\NanoRk\src\drivers\platform\mbed\ff_basic_sensor.cpp(265): warning:  #1-D: last line of file ends without a newline
compiling nrk_driver.cpp...
mrk_uvision_lpc1768\mrk\NanoRk\src\kernel\source\nrk_driver.cpp(141): warning:  #186-D: pointless comparison of unsigned integer with zero
compiling bmac.cpp...
mrk_uvision_lpc1768\mrk\NanoRk\src\net\bmac\bmac.cpp(461): warning:  #550-D: variable "result" was set but never used
mrk_uvision_lpc1768\mrk\NanoRk\src\net\bmac\bmac.cpp(502): warning:  #177-D: variable "result" was declared but never referenced
mrk_uvision_lpc1768\mrk\NanoRk\src\net\bmac\bmac.cpp(554): warning:  #550-D: variable "e" was set but never used
mrk_uvision_lpc1768\mrk\NanoRk\src\net\bmac\bmac.cpp(555): warning:  #177-D: variable "backoff" was declared but never referenced
mrk_uvision_lpc1768\mrk\NanoRk\src\net\bmac\bmac.cpp(803): warning:  #1-D: last line of file ends without a newline
mrk_uvision_lpc1768\mrk\NanoRk\src\net\bmac\bmac.cpp(66): warning:  #550-D: variable "g_chan" was set but never used
mrk_uvision_lpc1768\mrk\NanoRk\src\net\bmac\bmac.cpp(72): warning:  #550-D: variable "tx_reserve" was set but never used
compiling basic_rf.cpp...
mrk_uvision_lpc1768\mrk\NanoRk\src\radio\mrf24j40\source\basic_rf.cpp(336): warning:  #61-D: integer operation result is out of range
mrk_uvision_lpc1768\mrk\NanoRk\src\radio\mrf24j40\source\basic_rf.cpp(336): warning:  #68-D: integer conversion resulted in a change of sign
compiling MRF24J40.cpp...
compiling hop_int.cpp...
..\..\proj_prac\hop_int.cpp(172): warning:  #177-D: variable "k" was declared but never referenced
..\..\proj_prac\hop_int.cpp(241): warning:  #177-D: variable "k" was declared but never referenced
..\..\proj_prac\hop_int.cpp(289): warning:  #1441-D: nonstandard cast on lvalue
..\..\proj_prac\hop_int.cpp(276): warning:  #550-D: variable "val" was set but never used
..\..\proj_prac\hop_int.cpp(278): warning:  #177-D: variable "check_period" was declared but never referenced
..\..\proj_prac\hop_int.cpp(303): warning:  #177-D: variable "j" was declared but never referenced
..\..\proj_prac\hop_int.cpp(303): warning:  #550-D: variable "val" was set but never used
..\..\proj_prac\hop_int.cpp(303): warning:  #177-D: variable "len" was declared but never referenced
..\..\proj_prac\hop_int.cpp(305): warning:  #177-D: variable "ret" was declared but never referenced
..\..\proj_prac\hop_int.cpp(306): warning:  #177-D: variable "r_period" was declared but never referenced
..\..\proj_prac\hop_int.cpp(349): warning:  #177-D: variable "j" was declared but never referenced
..\..\proj_prac\hop_int.cpp(349): warning:  #550-D: variable "val" was set but never used
..\..\proj_prac\hop_int.cpp(349): warning:  #177-D: variable "len" was declared but never referenced
..\..\proj_prac\hop_int.cpp(351): warning:  #177-D: variable "ret" was declared but never referenced
..\..\proj_prac\hop_int.cpp(352): warning:  #177-D: variable "r_period" was declared but never referenced
..\..\proj_prac\hop_int.cpp(437): warning:  #1-D: last line of file ends without a newline
linking...
Program Size: Code=31830 RO-data=1546 RW-data=344 ZI-data=6096  
User command #1: fromelf --bin -o E:\MRK.bin .\build\MRK.axf
".\build\MRK.axf" - 0 Error(s), 51 Warning(s).
Rebuild target 'mbed NXP LPC1768'
compiling nrk_cpu.cpp...
compiling nrk_status.cpp...
compiling nrk_timer.cpp...
mrk_uvision_lpc1768\mrk\NanoRk\src\kernel\hal\LPC1768\nrk_timer.cpp(177): warning:  #191-D: type qualifier is meaningless on cast type
mrk_uvision_lpc1768\mrk\NanoRk\src\kernel\hal\LPC1768\nrk_timer.cpp(298): warning:  #191-D: type qualifier is meaningless on cast type
compiling nrk_watchdog.cpp...
compiling nrk.cpp...
compiling nrk_error.cpp...
mrk_uvision_lpc1768\mrk\NanoRk\src\kernel\source\nrk_error.cpp(165): warning:  #177-D: variable "i" was declared but never referenced
compiling nrk_events.cpp...
mrk_uvision_lpc1768\mrk\NanoRk\src\kernel\source\nrk_events.cpp(279): warning:  #177-D: variable "task_ID" was declared but never referenced
compiling nrk_idle_task.cpp...
mrk_uvision_lpc1768\mrk\NanoRk\src\kernel\source\nrk_idle_task.cpp(39): warning:  #177-D: variable "stkc" was declared but never referenced
compiling nrk_reserve.cpp...
compiling nrk_scheduler.cpp...
compiling nrk_stack_check.cpp...
compiling nrk_stats.cpp...
compiling nrk_task.cpp...
mrk_uvision_lpc1768\mrk\NanoRk\src\kernel\source\nrk_task.cpp(230): warning:  #550-D: variable "rtype" was set but never used
mrk_uvision_lpc1768\mrk\NanoRk\src\kernel\source\nrk_task.cpp(524): warning:  #191-D: type qualifier is meaningless on cast type
compiling nrk_time.cpp...
compiling hal_wait.cpp...
compiling ulib.cpp...
mrk_uvision_lpc1768\mrk\NanoRk\src\platform\mbed\source\ulib.cpp(338): warning:  #9-D: nested comment is not allowed
mrk_uvision_lpc1768\mrk\NanoRk\src\platform\mbed\source\ulib.cpp(606): warning:  #111-D: statement is unreachable
mrk_uvision_lpc1768\mrk\NanoRk\src\platform\mbed\source\ulib.cpp(657): warning:  #940-D: missing return statement at end of non-void function "nrk_get_button"
mrk_uvision_lpc1768\mrk\NanoRk\src\platform\mbed\source\ulib.cpp(826): warning: C3017W: uClk may be used before being set
assembling my_asm.s...
mrk_uvision_lpc1768\mrk\my_asm.s(93): warning: A1581W: Added 2 bytes of padding at address 0x6a
compiling adc_driver.cpp...
mrk_uvision_lpc1768\mrk\NanoRk\src\drivers\platform\mbed\adc_driver.cpp(69): warning:  #68-D: integer conversion resulted in a change of sign
mrk_uvision_lpc1768\mrk\NanoRk\src\drivers\platform\mbed\adc_driver.cpp(73): warning:  #68-D: integer conversion resulted in a change of sign
mrk_uvision_lpc1768\mrk\NanoRk\src\drivers\platform\mbed\adc_driver.cpp(76): warning:  #68-D: integer conversion resulted in a change of sign
mrk_uvision_lpc1768\mrk\NanoRk\src\drivers\platform\mbed\adc_driver.cpp(96): warning:  #68-D: integer conversion resulted in a change of sign
mrk_uvision_lpc1768\mrk\NanoRk\src\drivers\platform\mbed\adc_driver.cpp(105): warning:  #68-D: integer conversion resulted in a change of sign
compiling ff_basic_sensor.cpp...
mrk_uvision_lpc1768\mrk\NanoRk\src\drivers\platform\mbed\ff_basic_sensor.cpp(68): warning:  #68-D: integer conversion resulted in a change of sign
mrk_uvision_lpc1768\mrk\NanoRk\src\drivers\platform\mbed\ff_basic_sensor.cpp(82): warning:  #68-D: integer conversion resulted in a change of sign
mrk_uvision_lpc1768\mrk\NanoRk\src\drivers\platform\mbed\ff_basic_sensor.cpp(86): warning:  #68-D: integer conversion resulted in a change of sign
mrk_uvision_lpc1768\mrk\NanoRk\src\drivers\platform\mbed\ff_basic_sensor.cpp(89): warning:  #68-D: integer conversion resulted in a change of sign
mrk_uvision_lpc1768\mrk\NanoRk\src\drivers\platform\mbed\ff_basic_sensor.cpp(170): warning:  #68-D: integer conversion resulted in a change of sign
mrk_uvision_lpc1768\mrk\NanoRk\src\drivers\platform\mbed\ff_basic_sensor.cpp(193): warning:  #68-D: integer conversion resulted in a change of sign
mrk_uvision_lpc1768\mrk\NanoRk\src\drivers\platform\mbed\ff_basic_sensor.cpp(209): warning:  #68-D: integer conversion resulted in a change of sign
mrk_uvision_lpc1768\mrk\NanoRk\src\drivers\platform\mbed\ff_basic_sensor.cpp(265): warning:  #1-D: last line of file ends without a newline
compiling nrk_driver.cpp...
mrk_uvision_lpc1768\mrk\NanoRk\src\kernel\source\nrk_driver.cpp(141): warning:  #186-D: pointless comparison of unsigned integer with zero
compiling bmac.cpp...
mrk_uvision_lpc1768\mrk\NanoRk\src\net\bmac\bmac.cpp(461): warning:  #550-D: variable "result" was set but never used
mrk_uvision_lpc1768\mrk\NanoRk\src\net\bmac\bmac.cpp(502): warning:  #177-D: variable "result" was declared but never referenced
mrk_uvision_lpc1768\mrk\NanoRk\src\net\bmac\bmac.cpp(554): warning:  #550-D: variable "e" was set but never used
mrk_uvision_lpc1768\mrk\NanoRk\src\net\bmac\bmac.cpp(555): warning:  #177-D: variable "backoff" was declared but never referenced
mrk_uvision_lpc1768\mrk\NanoRk\src\net\bmac\bmac.cpp(803): warning:  #1-D: last line of file ends without a newline
mrk_uvision_lpc1768\mrk\NanoRk\src\net\bmac\bmac.cpp(66): warning:  #550-D: variable "g_chan" was set but never used
mrk_uvision_lpc1768\mrk\NanoRk\src\net\bmac\bmac.cpp(72): warning:  #550-D: variable "tx_reserve" was set but never used
compiling basic_rf.cpp...
mrk_uvision_lpc1768\mrk\NanoRk\src\radio\mrf24j40\source\basic_rf.cpp(336): warning:  #61-D: integer operation result is out of range
mrk_uvision_lpc1768\mrk\NanoRk\src\radio\mrf24j40\source\basic_rf.cpp(336): warning:  #68-D: integer conversion resulted in a change of sign
compiling MRF24J40.cpp...
compiling hop_int.cpp...
..\..\proj_prac\hop_int.cpp(172): warning:  #177-D: variable "k" was declared but never referenced
..\..\proj_prac\hop_int.cpp(241): warning:  #177-D: variable "k" was declared but never referenced
..\..\proj_prac\hop_int.cpp(289): warning:  #1441-D: nonstandard cast on lvalue
..\..\proj_prac\hop_int.cpp(276): warning:  #550-D: variable "val" was set but never used
..\..\proj_prac\hop_int.cpp(278): warning:  #177-D: variable "check_period" was declared but never referenced
..\..\proj_prac\hop_int.cpp(303): warning:  #177-D: variable "j" was declared but never referenced
..\..\proj_prac\hop_int.cpp(303): warning:  #550-D: variable "val" was set but never used
..\..\proj_prac\hop_int.cpp(303): warning:  #177-D: variable "len" was declared but never referenced
..\..\proj_prac\hop_int.cpp(305): warning:  #177-D: variable "ret" was declared but never referenced
..\..\proj_prac\hop_int.cpp(306): warning:  #177-D: variable "r_period" was declared but never referenced
..\..\proj_prac\hop_int.cpp(349): warning:  #177-D: variable "j" was declared but never referenced
..\..\proj_prac\hop_int.cpp(349): warning:  #550-D: variable "val" was set but never used
..\..\proj_prac\hop_int.cpp(349): warning:  #177-D: variable "len" was declared but never referenced
..\..\proj_prac\hop_int.cpp(351): warning:  #177-D: variable "ret" was declared but never referenced
..\..\proj_prac\hop_int.cpp(352): warning:  #177-D: variable "r_period" was declared but never referenced
..\..\proj_prac\hop_int.cpp(437): warning:  #1-D: last line of file ends without a newline
linking...
Program Size: Code=31830 RO-data=1546 RW-data=344 ZI-data=6096  
User command #1: fromelf --bin -o E:\MRK.bin .\build\MRK.axf
".\build\MRK.axf" - 0 Error(s), 51 Warning(s).
Rebuild target 'mbed NXP LPC1768'
compiling nrk_cpu.cpp...
compiling nrk_status.cpp...
compiling nrk_timer.cpp...
mrk_uvision_lpc1768\mrk\NanoRk\src\kernel\hal\LPC1768\nrk_timer.cpp(177): warning:  #191-D: type qualifier is meaningless on cast type
mrk_uvision_lpc1768\mrk\NanoRk\src\kernel\hal\LPC1768\nrk_timer.cpp(298): warning:  #191-D: type qualifier is meaningless on cast type
compiling nrk_watchdog.cpp...
compiling nrk.cpp...
compiling nrk_error.cpp...
mrk_uvision_lpc1768\mrk\NanoRk\src\kernel\source\nrk_error.cpp(165): warning:  #177-D: variable "i" was declared but never referenced
compiling nrk_events.cpp...
mrk_uvision_lpc1768\mrk\NanoRk\src\kernel\source\nrk_events.cpp(279): warning:  #177-D: variable "task_ID" was declared but never referenced
compiling nrk_idle_task.cpp...
mrk_uvision_lpc1768\mrk\NanoRk\src\kernel\source\nrk_idle_task.cpp(39): warning:  #177-D: variable "stkc" was declared but never referenced
compiling nrk_reserve.cpp...
compiling nrk_scheduler.cpp...
compiling nrk_stack_check.cpp...
compiling nrk_stats.cpp...
compiling nrk_task.cpp...
mrk_uvision_lpc1768\mrk\NanoRk\src\kernel\source\nrk_task.cpp(230): warning:  #550-D: variable "rtype" was set but never used
mrk_uvision_lpc1768\mrk\NanoRk\src\kernel\source\nrk_task.cpp(524): warning:  #191-D: type qualifier is meaningless on cast type
compiling nrk_time.cpp...
compiling hal_wait.cpp...
compiling ulib.cpp...
mrk_uvision_lpc1768\mrk\NanoRk\src\platform\mbed\source\ulib.cpp(338): warning:  #9-D: nested comment is not allowed
mrk_uvision_lpc1768\mrk\NanoRk\src\platform\mbed\source\ulib.cpp(606): warning:  #111-D: statement is unreachable
mrk_uvision_lpc1768\mrk\NanoRk\src\platform\mbed\source\ulib.cpp(657): warning:  #940-D: missing return statement at end of non-void function "nrk_get_button"
mrk_uvision_lpc1768\mrk\NanoRk\src\platform\mbed\source\ulib.cpp(826): warning: C3017W: uClk may be used before being set
assembling my_asm.s...
mrk_uvision_lpc1768\mrk\my_asm.s(93): warning: A1581W: Added 2 bytes of padding at address 0x6a
compiling adc_driver.cpp...
mrk_uvision_lpc1768\mrk\NanoRk\src\drivers\platform\mbed\adc_driver.cpp(69): warning:  #68-D: integer conversion resulted in a change of sign
mrk_uvision_lpc1768\mrk\NanoRk\src\drivers\platform\mbed\adc_driver.cpp(73): warning:  #68-D: integer conversion resulted in a change of sign
mrk_uvision_lpc1768\mrk\NanoRk\src\drivers\platform\mbed\adc_driver.cpp(76): warning:  #68-D: integer conversion resulted in a change of sign
mrk_uvision_lpc1768\mrk\NanoRk\src\drivers\platform\mbed\adc_driver.cpp(96): warning:  #68-D: integer conversion resulted in a change of sign
mrk_uvision_lpc1768\mrk\NanoRk\src\drivers\platform\mbed\adc_driver.cpp(105): warning:  #68-D: integer conversion resulted in a change of sign
compiling ff_basic_sensor.cpp...
mrk_uvision_lpc1768\mrk\NanoRk\src\drivers\platform\mbed\ff_basic_sensor.cpp(68): warning:  #68-D: integer conversion resulted in a change of sign
mrk_uvision_lpc1768\mrk\NanoRk\src\drivers\platform\mbed\ff_basic_sensor.cpp(82): warning:  #68-D: integer conversion resulted in a change of sign
mrk_uvision_lpc1768\mrk\NanoRk\src\drivers\platform\mbed\ff_basic_sensor.cpp(86): warning:  #68-D: integer conversion resulted in a change of sign
mrk_uvision_lpc1768\mrk\NanoRk\src\drivers\platform\mbed\ff_basic_sensor.cpp(89): warning:  #68-D: integer conversion resulted in a change of sign
mrk_uvision_lpc1768\mrk\NanoRk\src\drivers\platform\mbed\ff_basic_sensor.cpp(170): warning:  #68-D: integer conversion resulted in a change of sign
mrk_uvision_lpc1768\mrk\NanoRk\src\drivers\platform\mbed\ff_basic_sensor.cpp(193): warning:  #68-D: integer conversion resulted in a change of sign
mrk_uvision_lpc1768\mrk\NanoRk\src\drivers\platform\mbed\ff_basic_sensor.cpp(209): warning:  #68-D: integer conversion resulted in a change of sign
mrk_uvision_lpc1768\mrk\NanoRk\src\drivers\platform\mbed\ff_basic_sensor.cpp(265): warning:  #1-D: last line of file ends without a newline
compiling nrk_driver.cpp...
mrk_uvision_lpc1768\mrk\NanoRk\src\kernel\source\nrk_driver.cpp(141): warning:  #186-D: pointless comparison of unsigned integer with zero
compiling bmac.cpp...
mrk_uvision_lpc1768\mrk\NanoRk\src\net\bmac\bmac.cpp(461): warning:  #550-D: variable "result" was set but never used
mrk_uvision_lpc1768\mrk\NanoRk\src\net\bmac\bmac.cpp(502): warning:  #177-D: variable "result" was declared but never referenced
mrk_uvision_lpc1768\mrk\NanoRk\src\net\bmac\bmac.cpp(554): warning:  #550-D: variable "e" was set but never used
mrk_uvision_lpc1768\mrk\NanoRk\src\net\bmac\bmac.cpp(555): warning:  #177-D: variable "backoff" was declared but never referenced
mrk_uvision_lpc1768\mrk\NanoRk\src\net\bmac\bmac.cpp(803): warning:  #1-D: last line of file ends without a newline
mrk_uvision_lpc1768\mrk\NanoRk\src\net\bmac\bmac.cpp(66): warning:  #550-D: variable "g_chan" was set but never used
mrk_uvision_lpc1768\mrk\NanoRk\src\net\bmac\bmac.cpp(72): warning:  #550-D: variable "tx_reserve" was set but never used
compiling basic_rf.cpp...
mrk_uvision_lpc1768\mrk\NanoRk\src\radio\mrf24j40\source\basic_rf.cpp(336): warning:  #61-D: integer operation result is out of range
mrk_uvision_lpc1768\mrk\NanoRk\src\radio\mrf24j40\source\basic_rf.cpp(336): warning:  #68-D: integer conversion resulted in a change of sign
compiling MRF24J40.cpp...
compiling hop_int.cpp...
..\..\proj_prac\hop_int.cpp(172): warning:  #177-D: variable "k" was declared but never referenced
..\..\proj_prac\hop_int.cpp(241): warning:  #177-D: variable "k" was declared but never referenced
..\..\proj_prac\hop_int.cpp(289): warning:  #1441-D: nonstandard cast on lvalue
..\..\proj_prac\hop_int.cpp(276): warning:  #550-D: variable "val" was set but never used
..\..\proj_prac\hop_int.cpp(278): warning:  #177-D: variable "check_period" was declared but never referenced
..\..\proj_prac\hop_int.cpp(303): warning:  #177-D: variable "j" was declared but never referenced
..\..\proj_prac\hop_int.cpp(303): warning:  #550-D: variable "val" was set but never used
..\..\proj_prac\hop_int.cpp(303): warning:  #177-D: variable "len" was declared but never referenced
..\..\proj_prac\hop_int.cpp(305): warning:  #177-D: variable "ret" was declared but never referenced
..\..\proj_prac\hop_int.cpp(306): warning:  #177-D: variable "r_period" was declared but never referenced
..\..\proj_prac\hop_int.cpp(349): warning:  #177-D: variable "j" was declared but never referenced
..\..\proj_prac\hop_int.cpp(349): warning:  #550-D: variable "val" was set but never used
..\..\proj_prac\hop_int.cpp(349): warning:  #177-D: variable "len" was declared but never referenced
..\..\proj_prac\hop_int.cpp(351): warning:  #177-D: variable "ret" was declared but never referenced
..\..\proj_prac\hop_int.cpp(352): warning:  #177-D: variable "r_period" was declared but never referenced
..\..\proj_prac\hop_int.cpp(437): warning:  #1-D: last line of file ends without a newline
linking...
Program Size: Code=31830 RO-data=1546 RW-data=344 ZI-data=6096  
User command #1: fromelf --bin -o E:\MRK.bin .\build\MRK.axf
".\build\MRK.axf" - 0 Error(s), 51 Warning(s).
