<html>
<body>
<pre>
<h1>µVision Build Log</h1>
<h2>Project:</h2>
C:\Users\Neel\Dropbox\ese519\SolarSkin\code\node\mRKv2.0\MRK.uvproj
Project File Date:  12/07/2012

<h2>Output:</h2>
Rebuild target 'mbed NXP LPC1768'
compiling nrk_cpu.cpp...
compiling nrk_status.cpp...
compiling nrk_timer.cpp...
mrk_uvision_lpc1768\mrk\NanoRk\src\kernel\hal\LPC1768\nrk_timer.cpp(177): warning:  #191-D: type qualifier is meaningless on cast type
mrk_uvision_lpc1768\mrk\NanoRk\src\kernel\hal\LPC1768\nrk_timer.cpp(298): warning:  #191-D: type qualifier is meaningless on cast type
compiling nrk_watchdog.cpp...
compiling nrk.cpp...
compiling nrk_error.cpp...
mrk_uvision_lpc1768\mrk\NanoRk\src\kernel\source\nrk_error.cpp(165): warning:  #177-D: variable "i" was declared but never referenced
compiling nrk_events.cpp...
mrk_uvision_lpc1768\mrk\NanoRk\src\kernel\source\nrk_events.cpp(279): warning:  #177-D: variable "task_ID" was declared but never referenced
compiling nrk_idle_task.cpp...
mrk_uvision_lpc1768\mrk\NanoRk\src\kernel\source\nrk_idle_task.cpp(39): warning:  #177-D: variable "stkc" was declared but never referenced
compiling nrk_reserve.cpp...
compiling nrk_scheduler.cpp...
compiling nrk_stack_check.cpp...
compiling nrk_stats.cpp...
compiling nrk_task.cpp...
mrk_uvision_lpc1768\mrk\NanoRk\src\kernel\source\nrk_task.cpp(230): warning:  #550-D: variable "rtype" was set but never used
mrk_uvision_lpc1768\mrk\NanoRk\src\kernel\source\nrk_task.cpp(524): warning:  #191-D: type qualifier is meaningless on cast type
compiling nrk_time.cpp...
compiling hal_wait.cpp...
compiling ulib.cpp...
mrk_uvision_lpc1768\mrk\NanoRk\src\platform\mbed\source\ulib.cpp(338): warning:  #9-D: nested comment is not allowed
mrk_uvision_lpc1768\mrk\NanoRk\src\platform\mbed\source\ulib.cpp(606): warning:  #111-D: statement is unreachable
mrk_uvision_lpc1768\mrk\NanoRk\src\platform\mbed\source\ulib.cpp(657): warning:  #940-D: missing return statement at end of non-void function "nrk_get_button"
mrk_uvision_lpc1768\mrk\NanoRk\src\platform\mbed\source\ulib.cpp(826): warning: C3017W: uClk may be used before being set
assembling my_asm.s...
mrk_uvision_lpc1768\mrk\my_asm.s(93): warning: A1581W: Added 2 bytes of padding at address 0x6a
compiling adc_driver.cpp...
mrk_uvision_lpc1768\mrk\NanoRk\src\drivers\platform\mbed\adc_driver.cpp(69): warning:  #68-D: integer conversion resulted in a change of sign
mrk_uvision_lpc1768\mrk\NanoRk\src\drivers\platform\mbed\adc_driver.cpp(73): warning:  #68-D: integer conversion resulted in a change of sign
mrk_uvision_lpc1768\mrk\NanoRk\src\drivers\platform\mbed\adc_driver.cpp(76): warning:  #68-D: integer conversion resulted in a change of sign
mrk_uvision_lpc1768\mrk\NanoRk\src\drivers\platform\mbed\adc_driver.cpp(96): warning:  #68-D: integer conversion resulted in a change of sign
mrk_uvision_lpc1768\mrk\NanoRk\src\drivers\platform\mbed\adc_driver.cpp(105): warning:  #68-D: integer conversion resulted in a change of sign
compiling ff_basic_sensor.cpp...
mrk_uvision_lpc1768\mrk\NanoRk\src\drivers\platform\mbed\ff_basic_sensor.cpp(68): warning:  #68-D: integer conversion resulted in a change of sign
mrk_uvision_lpc1768\mrk\NanoRk\src\drivers\platform\mbed\ff_basic_sensor.cpp(82): warning:  #68-D: integer conversion resulted in a change of sign
mrk_uvision_lpc1768\mrk\NanoRk\src\drivers\platform\mbed\ff_basic_sensor.cpp(86): warning:  #68-D: integer conversion resulted in a change of sign
mrk_uvision_lpc1768\mrk\NanoRk\src\drivers\platform\mbed\ff_basic_sensor.cpp(89): warning:  #68-D: integer conversion resulted in a change of sign
mrk_uvision_lpc1768\mrk\NanoRk\src\drivers\platform\mbed\ff_basic_sensor.cpp(170): warning:  #68-D: integer conversion resulted in a change of sign
mrk_uvision_lpc1768\mrk\NanoRk\src\drivers\platform\mbed\ff_basic_sensor.cpp(193): warning:  #68-D: integer conversion resulted in a change of sign
mrk_uvision_lpc1768\mrk\NanoRk\src\drivers\platform\mbed\ff_basic_sensor.cpp(209): warning:  #68-D: integer conversion resulted in a change of sign
mrk_uvision_lpc1768\mrk\NanoRk\src\drivers\platform\mbed\ff_basic_sensor.cpp(265): warning:  #1-D: last line of file ends without a newline
compiling nrk_driver.cpp...
mrk_uvision_lpc1768\mrk\NanoRk\src\kernel\source\nrk_driver.cpp(141): warning:  #186-D: pointless comparison of unsigned integer with zero
compiling bmac.cpp...
mrk_uvision_lpc1768\mrk\NanoRk\src\net\bmac\bmac.cpp(461): warning:  #550-D: variable "result" was set but never used
mrk_uvision_lpc1768\mrk\NanoRk\src\net\bmac\bmac.cpp(502): warning:  #177-D: variable "result" was declared but never referenced
mrk_uvision_lpc1768\mrk\NanoRk\src\net\bmac\bmac.cpp(554): warning:  #550-D: variable "e" was set but never used
mrk_uvision_lpc1768\mrk\NanoRk\src\net\bmac\bmac.cpp(555): warning:  #177-D: variable "backoff" was declared but never referenced
mrk_uvision_lpc1768\mrk\NanoRk\src\net\bmac\bmac.cpp(803): warning:  #1-D: last line of file ends without a newline
mrk_uvision_lpc1768\mrk\NanoRk\src\net\bmac\bmac.cpp(66): warning:  #550-D: variable "g_chan" was set but never used
mrk_uvision_lpc1768\mrk\NanoRk\src\net\bmac\bmac.cpp(72): warning:  #550-D: variable "tx_reserve" was set but never used
compiling basic_rf.cpp...
mrk_uvision_lpc1768\mrk\NanoRk\src\radio\mrf24j40\source\basic_rf.cpp(336): warning:  #61-D: integer operation result is out of range
mrk_uvision_lpc1768\mrk\NanoRk\src\radio\mrf24j40\source\basic_rf.cpp(336): warning:  #68-D: integer conversion resulted in a change of sign
compiling MRF24J40.cpp...
compiling mainNode.cpp...
..\mainNode.cpp(168): warning:  #177-D: variable "k" was declared but never referenced
..\mainNode.cpp(238): warning:  #177-D: variable "temp" was declared but never referenced
..\mainNode.cpp(299): warning:  #1441-D: nonstandard cast on lvalue
..\mainNode.cpp(286): warning:  #550-D: variable "val" was set but never used
..\mainNode.cpp(288): warning:  #177-D: variable "check_period" was declared but never referenced
..\mainNode.cpp(313): warning:  #177-D: variable "j" was declared but never referenced
..\mainNode.cpp(313): warning:  #550-D: variable "val" was set but never used
..\mainNode.cpp(313): warning:  #177-D: variable "len" was declared but never referenced
..\mainNode.cpp(315): warning:  #177-D: variable "ret" was declared but never referenced
..\mainNode.cpp(316): warning:  #177-D: variable "r_period" was declared but never referenced
..\mainNode.cpp(361): warning:  #177-D: variable "j" was declared but never referenced
..\mainNode.cpp(361): warning:  #550-D: variable "val" was set but never used
..\mainNode.cpp(361): warning:  #177-D: variable "len" was declared but never referenced
..\mainNode.cpp(363): warning:  #177-D: variable "ret" was declared but never referenced
..\mainNode.cpp(364): warning:  #177-D: variable "r_period" was declared but never referenced
..\mainNode.cpp(421): error:  #20: identifier "data" is undefined
..\mainNode.cpp(421): error:  #20: identifier "uniqueIDsRSAL" is undefined
..\mainNode.cpp(421): error:  #29: expected an expression
..\mainNode.cpp(426): error:  #20: identifier "uniqueIDsRSAL" is undefined
..\mainNode.cpp(426): error:  #20: identifier "data" is undefined
..\mainNode.cpp(431): error:  #20: identifier "data" is undefined
..\mainNode.cpp(437): error:  #20: identifier "j" is undefined
..\mainNode.cpp(445): error:  #20: identifier "j" is undefined
..\mainNode.cpp(451): error:  #20: identifier "RsalTx" is undefined
..\mainNode.cpp(452): error:  #29: expected an expression
..\mainNode.cpp(457): error:  #28: expression must have a constant value
..\mainNode.cpp(469): error:  #20: identifier "dest" is undefined
..\mainNode.cpp(472): warning:  #550-D: variable "temp" was set but never used
..\mainNode.cpp(526): warning:  #1-D: last line of file ends without a newline
Target not created
Rebuild target 'mbed NXP LPC1768'
compiling nrk_cpu.cpp...
compiling nrk_status.cpp...
compiling nrk_timer.cpp...
mrk_uvision_lpc1768\mrk\NanoRk\src\kernel\hal\LPC1768\nrk_timer.cpp(177): warning:  #191-D: type qualifier is meaningless on cast type
mrk_uvision_lpc1768\mrk\NanoRk\src\kernel\hal\LPC1768\nrk_timer.cpp(298): warning:  #191-D: type qualifier is meaningless on cast type
compiling nrk_watchdog.cpp...
compiling nrk.cpp...
compiling nrk_error.cpp...
mrk_uvision_lpc1768\mrk\NanoRk\src\kernel\source\nrk_error.cpp(165): warning:  #177-D: variable "i" was declared but never referenced
compiling nrk_events.cpp...
mrk_uvision_lpc1768\mrk\NanoRk\src\kernel\source\nrk_events.cpp(279): warning:  #177-D: variable "task_ID" was declared but never referenced
compiling nrk_idle_task.cpp...
mrk_uvision_lpc1768\mrk\NanoRk\src\kernel\source\nrk_idle_task.cpp(39): warning:  #177-D: variable "stkc" was declared but never referenced
compiling nrk_reserve.cpp...
compiling nrk_scheduler.cpp...
compiling nrk_stack_check.cpp...
compiling nrk_stats.cpp...
compiling nrk_task.cpp...
mrk_uvision_lpc1768\mrk\NanoRk\src\kernel\source\nrk_task.cpp(230): warning:  #550-D: variable "rtype" was set but never used
mrk_uvision_lpc1768\mrk\NanoRk\src\kernel\source\nrk_task.cpp(524): warning:  #191-D: type qualifier is meaningless on cast type
compiling nrk_time.cpp...
compiling hal_wait.cpp...
compiling ulib.cpp...
mrk_uvision_lpc1768\mrk\NanoRk\src\platform\mbed\source\ulib.cpp(338): warning:  #9-D: nested comment is not allowed
mrk_uvision_lpc1768\mrk\NanoRk\src\platform\mbed\source\ulib.cpp(606): warning:  #111-D: statement is unreachable
mrk_uvision_lpc1768\mrk\NanoRk\src\platform\mbed\source\ulib.cpp(657): warning:  #940-D: missing return statement at end of non-void function "nrk_get_button"
mrk_uvision_lpc1768\mrk\NanoRk\src\platform\mbed\source\ulib.cpp(826): warning: C3017W: uClk may be used before being set
assembling my_asm.s...
mrk_uvision_lpc1768\mrk\my_asm.s(93): warning: A1581W: Added 2 bytes of padding at address 0x6a
compiling adc_driver.cpp...
mrk_uvision_lpc1768\mrk\NanoRk\src\drivers\platform\mbed\adc_driver.cpp(69): warning:  #68-D: integer conversion resulted in a change of sign
mrk_uvision_lpc1768\mrk\NanoRk\src\drivers\platform\mbed\adc_driver.cpp(73): warning:  #68-D: integer conversion resulted in a change of sign
mrk_uvision_lpc1768\mrk\NanoRk\src\drivers\platform\mbed\adc_driver.cpp(76): warning:  #68-D: integer conversion resulted in a change of sign
mrk_uvision_lpc1768\mrk\NanoRk\src\drivers\platform\mbed\adc_driver.cpp(96): warning:  #68-D: integer conversion resulted in a change of sign
mrk_uvision_lpc1768\mrk\NanoRk\src\drivers\platform\mbed\adc_driver.cpp(105): warning:  #68-D: integer conversion resulted in a change of sign
compiling ff_basic_sensor.cpp...
mrk_uvision_lpc1768\mrk\NanoRk\src\drivers\platform\mbed\ff_basic_sensor.cpp(68): warning:  #68-D: integer conversion resulted in a change of sign
mrk_uvision_lpc1768\mrk\NanoRk\src\drivers\platform\mbed\ff_basic_sensor.cpp(82): warning:  #68-D: integer conversion resulted in a change of sign
mrk_uvision_lpc1768\mrk\NanoRk\src\drivers\platform\mbed\ff_basic_sensor.cpp(86): warning:  #68-D: integer conversion resulted in a change of sign
mrk_uvision_lpc1768\mrk\NanoRk\src\drivers\platform\mbed\ff_basic_sensor.cpp(89): warning:  #68-D: integer conversion resulted in a change of sign
mrk_uvision_lpc1768\mrk\NanoRk\src\drivers\platform\mbed\ff_basic_sensor.cpp(170): warning:  #68-D: integer conversion resulted in a change of sign
mrk_uvision_lpc1768\mrk\NanoRk\src\drivers\platform\mbed\ff_basic_sensor.cpp(193): warning:  #68-D: integer conversion resulted in a change of sign
mrk_uvision_lpc1768\mrk\NanoRk\src\drivers\platform\mbed\ff_basic_sensor.cpp(209): warning:  #68-D: integer conversion resulted in a change of sign
mrk_uvision_lpc1768\mrk\NanoRk\src\drivers\platform\mbed\ff_basic_sensor.cpp(265): warning:  #1-D: last line of file ends without a newline
compiling nrk_driver.cpp...
mrk_uvision_lpc1768\mrk\NanoRk\src\kernel\source\nrk_driver.cpp(141): warning:  #186-D: pointless comparison of unsigned integer with zero
compiling bmac.cpp...
mrk_uvision_lpc1768\mrk\NanoRk\src\net\bmac\bmac.cpp(461): warning:  #550-D: variable "result" was set but never used
mrk_uvision_lpc1768\mrk\NanoRk\src\net\bmac\bmac.cpp(502): warning:  #177-D: variable "result" was declared but never referenced
mrk_uvision_lpc1768\mrk\NanoRk\src\net\bmac\bmac.cpp(554): warning:  #550-D: variable "e" was set but never used
mrk_uvision_lpc1768\mrk\NanoRk\src\net\bmac\bmac.cpp(555): warning:  #177-D: variable "backoff" was declared but never referenced
mrk_uvision_lpc1768\mrk\NanoRk\src\net\bmac\bmac.cpp(803): warning:  #1-D: last line of file ends without a newline
mrk_uvision_lpc1768\mrk\NanoRk\src\net\bmac\bmac.cpp(66): warning:  #550-D: variable "g_chan" was set but never used
mrk_uvision_lpc1768\mrk\NanoRk\src\net\bmac\bmac.cpp(72): warning:  #550-D: variable "tx_reserve" was set but never used
compiling basic_rf.cpp...
mrk_uvision_lpc1768\mrk\NanoRk\src\radio\mrf24j40\source\basic_rf.cpp(336): warning:  #61-D: integer operation result is out of range
mrk_uvision_lpc1768\mrk\NanoRk\src\radio\mrf24j40\source\basic_rf.cpp(336): warning:  #68-D: integer conversion resulted in a change of sign
compiling MRF24J40.cpp...
compiling mainNode.cpp...
..\mainNode.cpp(168): warning:  #177-D: variable "k" was declared but never referenced
..\mainNode.cpp(238): warning:  #177-D: variable "temp" was declared but never referenced
..\mainNode.cpp(299): warning:  #1441-D: nonstandard cast on lvalue
..\mainNode.cpp(286): warning:  #550-D: variable "val" was set but never used
..\mainNode.cpp(288): warning:  #177-D: variable "check_period" was declared but never referenced
..\mainNode.cpp(313): warning:  #177-D: variable "j" was declared but never referenced
..\mainNode.cpp(313): warning:  #550-D: variable "val" was set but never used
..\mainNode.cpp(313): warning:  #177-D: variable "len" was declared but never referenced
..\mainNode.cpp(315): warning:  #177-D: variable "ret" was declared but never referenced
..\mainNode.cpp(316): warning:  #177-D: variable "r_period" was declared but never referenced
..\mainNode.cpp(361): warning:  #177-D: variable "j" was declared but never referenced
..\mainNode.cpp(361): warning:  #550-D: variable "val" was set but never used
..\mainNode.cpp(361): warning:  #177-D: variable "len" was declared but never referenced
..\mainNode.cpp(363): warning:  #177-D: variable "ret" was declared but never referenced
..\mainNode.cpp(364): warning:  #177-D: variable "r_period" was declared but never referenced
..\mainNode.cpp(457): error:  #28: expression must have a constant value
..\mainNode.cpp(469): error:  #20: identifier "dest" is undefined
..\mainNode.cpp(472): warning:  #550-D: variable "temp" was set but never used
..\mainNode.cpp(526): warning:  #1-D: last line of file ends without a newline
Target not created
Rebuild target 'mbed NXP LPC1768'
compiling nrk_cpu.cpp...
compiling nrk_status.cpp...
compiling nrk_timer.cpp...
mrk_uvision_lpc1768\mrk\NanoRk\src\kernel\hal\LPC1768\nrk_timer.cpp(177): warning:  #191-D: type qualifier is meaningless on cast type
mrk_uvision_lpc1768\mrk\NanoRk\src\kernel\hal\LPC1768\nrk_timer.cpp(298): warning:  #191-D: type qualifier is meaningless on cast type
compiling nrk_watchdog.cpp...
compiling nrk.cpp...
compiling nrk_error.cpp...
mrk_uvision_lpc1768\mrk\NanoRk\src\kernel\source\nrk_error.cpp(165): warning:  #177-D: variable "i" was declared but never referenced
compiling nrk_events.cpp...
mrk_uvision_lpc1768\mrk\NanoRk\src\kernel\source\nrk_events.cpp(279): warning:  #177-D: variable "task_ID" was declared but never referenced
compiling nrk_idle_task.cpp...
mrk_uvision_lpc1768\mrk\NanoRk\src\kernel\source\nrk_idle_task.cpp(39): warning:  #177-D: variable "stkc" was declared but never referenced
compiling nrk_reserve.cpp...
compiling nrk_scheduler.cpp...
compiling nrk_stack_check.cpp...
compiling nrk_stats.cpp...
compiling nrk_task.cpp...
mrk_uvision_lpc1768\mrk\NanoRk\src\kernel\source\nrk_task.cpp(230): warning:  #550-D: variable "rtype" was set but never used
mrk_uvision_lpc1768\mrk\NanoRk\src\kernel\source\nrk_task.cpp(524): warning:  #191-D: type qualifier is meaningless on cast type
compiling nrk_time.cpp...
compiling hal_wait.cpp...
compiling ulib.cpp...
mrk_uvision_lpc1768\mrk\NanoRk\src\platform\mbed\source\ulib.cpp(338): warning:  #9-D: nested comment is not allowed
mrk_uvision_lpc1768\mrk\NanoRk\src\platform\mbed\source\ulib.cpp(606): warning:  #111-D: statement is unreachable
mrk_uvision_lpc1768\mrk\NanoRk\src\platform\mbed\source\ulib.cpp(657): warning:  #940-D: missing return statement at end of non-void function "nrk_get_button"
mrk_uvision_lpc1768\mrk\NanoRk\src\platform\mbed\source\ulib.cpp(826): warning: C3017W: uClk may be used before being set
assembling my_asm.s...
mrk_uvision_lpc1768\mrk\my_asm.s(93): warning: A1581W: Added 2 bytes of padding at address 0x6a
compiling adc_driver.cpp...
mrk_uvision_lpc1768\mrk\NanoRk\src\drivers\platform\mbed\adc_driver.cpp(69): warning:  #68-D: integer conversion resulted in a change of sign
mrk_uvision_lpc1768\mrk\NanoRk\src\drivers\platform\mbed\adc_driver.cpp(73): warning:  #68-D: integer conversion resulted in a change of sign
mrk_uvision_lpc1768\mrk\NanoRk\src\drivers\platform\mbed\adc_driver.cpp(76): warning:  #68-D: integer conversion resulted in a change of sign
mrk_uvision_lpc1768\mrk\NanoRk\src\drivers\platform\mbed\adc_driver.cpp(96): warning:  #68-D: integer conversion resulted in a change of sign
mrk_uvision_lpc1768\mrk\NanoRk\src\drivers\platform\mbed\adc_driver.cpp(105): warning:  #68-D: integer conversion resulted in a change of sign
compiling ff_basic_sensor.cpp...
mrk_uvision_lpc1768\mrk\NanoRk\src\drivers\platform\mbed\ff_basic_sensor.cpp(68): warning:  #68-D: integer conversion resulted in a change of sign
mrk_uvision_lpc1768\mrk\NanoRk\src\drivers\platform\mbed\ff_basic_sensor.cpp(82): warning:  #68-D: integer conversion resulted in a change of sign
mrk_uvision_lpc1768\mrk\NanoRk\src\drivers\platform\mbed\ff_basic_sensor.cpp(86): warning:  #68-D: integer conversion resulted in a change of sign
mrk_uvision_lpc1768\mrk\NanoRk\src\drivers\platform\mbed\ff_basic_sensor.cpp(89): warning:  #68-D: integer conversion resulted in a change of sign
mrk_uvision_lpc1768\mrk\NanoRk\src\drivers\platform\mbed\ff_basic_sensor.cpp(170): warning:  #68-D: integer conversion resulted in a change of sign
mrk_uvision_lpc1768\mrk\NanoRk\src\drivers\platform\mbed\ff_basic_sensor.cpp(193): warning:  #68-D: integer conversion resulted in a change of sign
mrk_uvision_lpc1768\mrk\NanoRk\src\drivers\platform\mbed\ff_basic_sensor.cpp(209): warning:  #68-D: integer conversion resulted in a change of sign
mrk_uvision_lpc1768\mrk\NanoRk\src\drivers\platform\mbed\ff_basic_sensor.cpp(265): warning:  #1-D: last line of file ends without a newline
compiling nrk_driver.cpp...
mrk_uvision_lpc1768\mrk\NanoRk\src\kernel\source\nrk_driver.cpp(141): warning:  #186-D: pointless comparison of unsigned integer with zero
compiling bmac.cpp...
mrk_uvision_lpc1768\mrk\NanoRk\src\net\bmac\bmac.cpp(461): warning:  #550-D: variable "result" was set but never used
mrk_uvision_lpc1768\mrk\NanoRk\src\net\bmac\bmac.cpp(502): warning:  #177-D: variable "result" was declared but never referenced
mrk_uvision_lpc1768\mrk\NanoRk\src\net\bmac\bmac.cpp(554): warning:  #550-D: variable "e" was set but never used
mrk_uvision_lpc1768\mrk\NanoRk\src\net\bmac\bmac.cpp(555): warning:  #177-D: variable "backoff" was declared but never referenced
mrk_uvision_lpc1768\mrk\NanoRk\src\net\bmac\bmac.cpp(803): warning:  #1-D: last line of file ends without a newline
mrk_uvision_lpc1768\mrk\NanoRk\src\net\bmac\bmac.cpp(66): warning:  #550-D: variable "g_chan" was set but never used
mrk_uvision_lpc1768\mrk\NanoRk\src\net\bmac\bmac.cpp(72): warning:  #550-D: variable "tx_reserve" was set but never used
compiling basic_rf.cpp...
mrk_uvision_lpc1768\mrk\NanoRk\src\radio\mrf24j40\source\basic_rf.cpp(336): warning:  #61-D: integer operation result is out of range
mrk_uvision_lpc1768\mrk\NanoRk\src\radio\mrf24j40\source\basic_rf.cpp(336): warning:  #68-D: integer conversion resulted in a change of sign
compiling MRF24J40.cpp...
compiling mainNode.cpp...
..\mainNode.cpp(168): warning:  #177-D: variable "k" was declared but never referenced
..\mainNode.cpp(238): warning:  #177-D: variable "temp" was declared but never referenced
..\mainNode.cpp(299): warning:  #1441-D: nonstandard cast on lvalue
..\mainNode.cpp(286): warning:  #550-D: variable "val" was set but never used
..\mainNode.cpp(288): warning:  #177-D: variable "check_period" was declared but never referenced
..\mainNode.cpp(313): warning:  #177-D: variable "j" was declared but never referenced
..\mainNode.cpp(313): warning:  #550-D: variable "val" was set but never used
..\mainNode.cpp(313): warning:  #177-D: variable "len" was declared but never referenced
..\mainNode.cpp(315): warning:  #177-D: variable "ret" was declared but never referenced
..\mainNode.cpp(316): warning:  #177-D: variable "r_period" was declared but never referenced
..\mainNode.cpp(361): warning:  #177-D: variable "j" was declared but never referenced
..\mainNode.cpp(361): warning:  #550-D: variable "val" was set but never used
..\mainNode.cpp(361): warning:  #177-D: variable "len" was declared but never referenced
..\mainNode.cpp(363): warning:  #177-D: variable "ret" was declared but never referenced
..\mainNode.cpp(364): warning:  #177-D: variable "r_period" was declared but never referenced
..\mainNode.cpp(526): warning:  #1-D: last line of file ends without a newline
linking...
Program Size: Code=31918 RO-data=1546 RW-data=344 ZI-data=6096  
User command #1: fromelf --bin -o G:\MRK.bin .\build\MRK.axf
Error: Q0108E: Could not create output file 'G:\MRK.bin': No such file or directory
Finished: 0 information, 0 warning and 1 error messages.
".\build\MRK.axf" - 0 Error(s), 51 Warning(s).
Rebuild target 'mbed NXP LPC1768'
compiling nrk_cpu.cpp...
compiling nrk_status.cpp...
compiling nrk_timer.cpp...
mrk_uvision_lpc1768\mrk\NanoRk\src\kernel\hal\LPC1768\nrk_timer.cpp(177): warning:  #191-D: type qualifier is meaningless on cast type
mrk_uvision_lpc1768\mrk\NanoRk\src\kernel\hal\LPC1768\nrk_timer.cpp(298): warning:  #191-D: type qualifier is meaningless on cast type
compiling nrk_watchdog.cpp...
compiling nrk.cpp...
compiling nrk_error.cpp...
mrk_uvision_lpc1768\mrk\NanoRk\src\kernel\source\nrk_error.cpp(165): warning:  #177-D: variable "i" was declared but never referenced
compiling nrk_events.cpp...
mrk_uvision_lpc1768\mrk\NanoRk\src\kernel\source\nrk_events.cpp(279): warning:  #177-D: variable "task_ID" was declared but never referenced
compiling nrk_idle_task.cpp...
mrk_uvision_lpc1768\mrk\NanoRk\src\kernel\source\nrk_idle_task.cpp(39): warning:  #177-D: variable "stkc" was declared but never referenced
compiling nrk_reserve.cpp...
compiling nrk_scheduler.cpp...
compiling nrk_stack_check.cpp...
compiling nrk_stats.cpp...
compiling nrk_task.cpp...
mrk_uvision_lpc1768\mrk\NanoRk\src\kernel\source\nrk_task.cpp(230): warning:  #550-D: variable "rtype" was set but never used
mrk_uvision_lpc1768\mrk\NanoRk\src\kernel\source\nrk_task.cpp(524): warning:  #191-D: type qualifier is meaningless on cast type
compiling nrk_time.cpp...
compiling hal_wait.cpp...
compiling ulib.cpp...
mrk_uvision_lpc1768\mrk\NanoRk\src\platform\mbed\source\ulib.cpp(338): warning:  #9-D: nested comment is not allowed
mrk_uvision_lpc1768\mrk\NanoRk\src\platform\mbed\source\ulib.cpp(606): warning:  #111-D: statement is unreachable
mrk_uvision_lpc1768\mrk\NanoRk\src\platform\mbed\source\ulib.cpp(657): warning:  #940-D: missing return statement at end of non-void function "nrk_get_button"
mrk_uvision_lpc1768\mrk\NanoRk\src\platform\mbed\source\ulib.cpp(826): warning: C3017W: uClk may be used before being set
assembling my_asm.s...
mrk_uvision_lpc1768\mrk\my_asm.s(93): warning: A1581W: Added 2 bytes of padding at address 0x6a
compiling adc_driver.cpp...
mrk_uvision_lpc1768\mrk\NanoRk\src\drivers\platform\mbed\adc_driver.cpp(69): warning:  #68-D: integer conversion resulted in a change of sign
mrk_uvision_lpc1768\mrk\NanoRk\src\drivers\platform\mbed\adc_driver.cpp(73): warning:  #68-D: integer conversion resulted in a change of sign
mrk_uvision_lpc1768\mrk\NanoRk\src\drivers\platform\mbed\adc_driver.cpp(76): warning:  #68-D: integer conversion resulted in a change of sign
mrk_uvision_lpc1768\mrk\NanoRk\src\drivers\platform\mbed\adc_driver.cpp(96): warning:  #68-D: integer conversion resulted in a change of sign
mrk_uvision_lpc1768\mrk\NanoRk\src\drivers\platform\mbed\adc_driver.cpp(105): warning:  #68-D: integer conversion resulted in a change of sign
compiling ff_basic_sensor.cpp...
mrk_uvision_lpc1768\mrk\NanoRk\src\drivers\platform\mbed\ff_basic_sensor.cpp(68): warning:  #68-D: integer conversion resulted in a change of sign
mrk_uvision_lpc1768\mrk\NanoRk\src\drivers\platform\mbed\ff_basic_sensor.cpp(82): warning:  #68-D: integer conversion resulted in a change of sign
mrk_uvision_lpc1768\mrk\NanoRk\src\drivers\platform\mbed\ff_basic_sensor.cpp(86): warning:  #68-D: integer conversion resulted in a change of sign
mrk_uvision_lpc1768\mrk\NanoRk\src\drivers\platform\mbed\ff_basic_sensor.cpp(89): warning:  #68-D: integer conversion resulted in a change of sign
mrk_uvision_lpc1768\mrk\NanoRk\src\drivers\platform\mbed\ff_basic_sensor.cpp(170): warning:  #68-D: integer conversion resulted in a change of sign
mrk_uvision_lpc1768\mrk\NanoRk\src\drivers\platform\mbed\ff_basic_sensor.cpp(193): warning:  #68-D: integer conversion resulted in a change of sign
mrk_uvision_lpc1768\mrk\NanoRk\src\drivers\platform\mbed\ff_basic_sensor.cpp(209): warning:  #68-D: integer conversion resulted in a change of sign
mrk_uvision_lpc1768\mrk\NanoRk\src\drivers\platform\mbed\ff_basic_sensor.cpp(265): warning:  #1-D: last line of file ends without a newline
compiling nrk_driver.cpp...
mrk_uvision_lpc1768\mrk\NanoRk\src\kernel\source\nrk_driver.cpp(141): warning:  #186-D: pointless comparison of unsigned integer with zero
compiling bmac.cpp...
mrk_uvision_lpc1768\mrk\NanoRk\src\net\bmac\bmac.cpp(461): warning:  #550-D: variable "result" was set but never used
mrk_uvision_lpc1768\mrk\NanoRk\src\net\bmac\bmac.cpp(502): warning:  #177-D: variable "result" was declared but never referenced
mrk_uvision_lpc1768\mrk\NanoRk\src\net\bmac\bmac.cpp(554): warning:  #550-D: variable "e" was set but never used
mrk_uvision_lpc1768\mrk\NanoRk\src\net\bmac\bmac.cpp(555): warning:  #177-D: variable "backoff" was declared but never referenced
mrk_uvision_lpc1768\mrk\NanoRk\src\net\bmac\bmac.cpp(803): warning:  #1-D: last line of file ends without a newline
mrk_uvision_lpc1768\mrk\NanoRk\src\net\bmac\bmac.cpp(66): warning:  #550-D: variable "g_chan" was set but never used
mrk_uvision_lpc1768\mrk\NanoRk\src\net\bmac\bmac.cpp(72): warning:  #550-D: variable "tx_reserve" was set but never used
compiling basic_rf.cpp...
mrk_uvision_lpc1768\mrk\NanoRk\src\radio\mrf24j40\source\basic_rf.cpp(336): warning:  #61-D: integer operation result is out of range
mrk_uvision_lpc1768\mrk\NanoRk\src\radio\mrf24j40\source\basic_rf.cpp(336): warning:  #68-D: integer conversion resulted in a change of sign
compiling MRF24J40.cpp...
compiling mainNode.cpp...
..\mainNode.cpp(168): warning:  #177-D: variable "k" was declared but never referenced
..\mainNode.cpp(238): warning:  #177-D: variable "temp" was declared but never referenced
..\mainNode.cpp(290): warning:  #1441-D: nonstandard cast on lvalue
..\mainNode.cpp(299): warning:  #177-D: variable "j" was declared but never referenced
..\mainNode.cpp(299): warning:  #550-D: variable "val" was set but never used
..\mainNode.cpp(299): warning:  #177-D: variable "len" was declared but never referenced
..\mainNode.cpp(301): warning:  #177-D: variable "ret" was declared but never referenced
..\mainNode.cpp(302): warning:  #177-D: variable "r_period" was declared but never referenced
..\mainNode.cpp(346): warning:  #177-D: variable "j" was declared but never referenced
..\mainNode.cpp(346): warning:  #550-D: variable "val" was set but never used
..\mainNode.cpp(346): warning:  #177-D: variable "len" was declared but never referenced
..\mainNode.cpp(348): warning:  #177-D: variable "ret" was declared but never referenced
..\mainNode.cpp(349): warning:  #177-D: variable "r_period" was declared but never referenced
..\mainNode.cpp(509): warning:  #1-D: last line of file ends without a newline
linking...
Program Size: Code=31922 RO-data=1546 RW-data=344 ZI-data=6096  
User command #1: fromelf --bin -o G:\MRK.bin .\build\MRK.axf
Error: Q0108E: Could not create output file 'G:\MRK.bin': No such file or directory
Finished: 0 information, 0 warning and 1 error messages.
".\build\MRK.axf" - 0 Error(s), 49 Warning(s).
Rebuild target 'mbed NXP LPC1768'
compiling nrk_cpu.cpp...
compiling nrk_status.cpp...
compiling nrk_timer.cpp...
mrk_uvision_lpc1768\mrk\NanoRk\src\kernel\hal\LPC1768\nrk_timer.cpp(177): warning:  #191-D: type qualifier is meaningless on cast type
mrk_uvision_lpc1768\mrk\NanoRk\src\kernel\hal\LPC1768\nrk_timer.cpp(298): warning:  #191-D: type qualifier is meaningless on cast type
compiling nrk_watchdog.cpp...
compiling nrk.cpp...
compiling nrk_error.cpp...
mrk_uvision_lpc1768\mrk\NanoRk\src\kernel\source\nrk_error.cpp(165): warning:  #177-D: variable "i" was declared but never referenced
compiling nrk_events.cpp...
mrk_uvision_lpc1768\mrk\NanoRk\src\kernel\source\nrk_events.cpp(279): warning:  #177-D: variable "task_ID" was declared but never referenced
compiling nrk_idle_task.cpp...
mrk_uvision_lpc1768\mrk\NanoRk\src\kernel\source\nrk_idle_task.cpp(39): warning:  #177-D: variable "stkc" was declared but never referenced
compiling nrk_reserve.cpp...
compiling nrk_scheduler.cpp...
compiling nrk_stack_check.cpp...
compiling nrk_stats.cpp...
compiling nrk_task.cpp...
mrk_uvision_lpc1768\mrk\NanoRk\src\kernel\source\nrk_task.cpp(230): warning:  #550-D: variable "rtype" was set but never used
mrk_uvision_lpc1768\mrk\NanoRk\src\kernel\source\nrk_task.cpp(524): warning:  #191-D: type qualifier is meaningless on cast type
compiling nrk_time.cpp...
compiling hal_wait.cpp...
compiling ulib.cpp...
mrk_uvision_lpc1768\mrk\NanoRk\src\platform\mbed\source\ulib.cpp(338): warning:  #9-D: nested comment is not allowed
mrk_uvision_lpc1768\mrk\NanoRk\src\platform\mbed\source\ulib.cpp(606): warning:  #111-D: statement is unreachable
mrk_uvision_lpc1768\mrk\NanoRk\src\platform\mbed\source\ulib.cpp(657): warning:  #940-D: missing return statement at end of non-void function "nrk_get_button"
mrk_uvision_lpc1768\mrk\NanoRk\src\platform\mbed\source\ulib.cpp(826): warning: C3017W: uClk may be used before being set
assembling my_asm.s...
mrk_uvision_lpc1768\mrk\my_asm.s(93): warning: A1581W: Added 2 bytes of padding at address 0x6a
compiling adc_driver.cpp...
mrk_uvision_lpc1768\mrk\NanoRk\src\drivers\platform\mbed\adc_driver.cpp(69): warning:  #68-D: integer conversion resulted in a change of sign
mrk_uvision_lpc1768\mrk\NanoRk\src\drivers\platform\mbed\adc_driver.cpp(73): warning:  #68-D: integer conversion resulted in a change of sign
mrk_uvision_lpc1768\mrk\NanoRk\src\drivers\platform\mbed\adc_driver.cpp(76): warning:  #68-D: integer conversion resulted in a change of sign
mrk_uvision_lpc1768\mrk\NanoRk\src\drivers\platform\mbed\adc_driver.cpp(96): warning:  #68-D: integer conversion resulted in a change of sign
mrk_uvision_lpc1768\mrk\NanoRk\src\drivers\platform\mbed\adc_driver.cpp(105): warning:  #68-D: integer conversion resulted in a change of sign
compiling ff_basic_sensor.cpp...
mrk_uvision_lpc1768\mrk\NanoRk\src\drivers\platform\mbed\ff_basic_sensor.cpp(68): warning:  #68-D: integer conversion resulted in a change of sign
mrk_uvision_lpc1768\mrk\NanoRk\src\drivers\platform\mbed\ff_basic_sensor.cpp(82): warning:  #68-D: integer conversion resulted in a change of sign
mrk_uvision_lpc1768\mrk\NanoRk\src\drivers\platform\mbed\ff_basic_sensor.cpp(86): warning:  #68-D: integer conversion resulted in a change of sign
mrk_uvision_lpc1768\mrk\NanoRk\src\drivers\platform\mbed\ff_basic_sensor.cpp(89): warning:  #68-D: integer conversion resulted in a change of sign
mrk_uvision_lpc1768\mrk\NanoRk\src\drivers\platform\mbed\ff_basic_sensor.cpp(170): warning:  #68-D: integer conversion resulted in a change of sign
mrk_uvision_lpc1768\mrk\NanoRk\src\drivers\platform\mbed\ff_basic_sensor.cpp(193): warning:  #68-D: integer conversion resulted in a change of sign
mrk_uvision_lpc1768\mrk\NanoRk\src\drivers\platform\mbed\ff_basic_sensor.cpp(209): warning:  #68-D: integer conversion resulted in a change of sign
mrk_uvision_lpc1768\mrk\NanoRk\src\drivers\platform\mbed\ff_basic_sensor.cpp(265): warning:  #1-D: last line of file ends without a newline
compiling nrk_driver.cpp...
mrk_uvision_lpc1768\mrk\NanoRk\src\kernel\source\nrk_driver.cpp(141): warning:  #186-D: pointless comparison of unsigned integer with zero
compiling bmac.cpp...
mrk_uvision_lpc1768\mrk\NanoRk\src\net\bmac\bmac.cpp(461): warning:  #550-D: variable "result" was set but never used
mrk_uvision_lpc1768\mrk\NanoRk\src\net\bmac\bmac.cpp(502): warning:  #177-D: variable "result" was declared but never referenced
mrk_uvision_lpc1768\mrk\NanoRk\src\net\bmac\bmac.cpp(554): warning:  #550-D: variable "e" was set but never used
mrk_uvision_lpc1768\mrk\NanoRk\src\net\bmac\bmac.cpp(555): warning:  #177-D: variable "backoff" was declared but never referenced
mrk_uvision_lpc1768\mrk\NanoRk\src\net\bmac\bmac.cpp(803): warning:  #1-D: last line of file ends without a newline
mrk_uvision_lpc1768\mrk\NanoRk\src\net\bmac\bmac.cpp(66): warning:  #550-D: variable "g_chan" was set but never used
mrk_uvision_lpc1768\mrk\NanoRk\src\net\bmac\bmac.cpp(72): warning:  #550-D: variable "tx_reserve" was set but never used
compiling basic_rf.cpp...
mrk_uvision_lpc1768\mrk\NanoRk\src\radio\mrf24j40\source\basic_rf.cpp(336): warning:  #61-D: integer operation result is out of range
mrk_uvision_lpc1768\mrk\NanoRk\src\radio\mrf24j40\source\basic_rf.cpp(336): warning:  #68-D: integer conversion resulted in a change of sign
compiling MRF24J40.cpp...
compiling mainNode.cpp...
..\mainNode.cpp(168): warning:  #177-D: variable "k" was declared but never referenced
..\mainNode.cpp(238): warning:  #177-D: variable "temp" was declared but never referenced
..\mainNode.cpp(290): warning:  #1441-D: nonstandard cast on lvalue
..\mainNode.cpp(299): warning:  #177-D: variable "j" was declared but never referenced
..\mainNode.cpp(299): warning:  #177-D: variable "len" was declared but never referenced
..\mainNode.cpp(301): warning:  #177-D: variable "ret" was declared but never referenced
..\mainNode.cpp(302): warning:  #177-D: variable "r_period" was declared but never referenced
..\mainNode.cpp(329): warning:  #177-D: variable "j" was declared but never referenced
..\mainNode.cpp(329): warning:  #177-D: variable "len" was declared but never referenced
..\mainNode.cpp(331): warning:  #177-D: variable "ret" was declared but never referenced
..\mainNode.cpp(332): warning:  #177-D: variable "r_period" was declared but never referenced
..\mainNode.cpp(469): warning:  #1-D: last line of file ends without a newline
linking...
Program Size: Code=31902 RO-data=1546 RW-data=336 ZI-data=6096  
User command #1: fromelf --bin -o G:\MRK.bin .\build\MRK.axf
Error: Q0108E: Could not create output file 'G:\MRK.bin': No such file or directory
Finished: 0 information, 0 warning and 1 error messages.
".\build\MRK.axf" - 0 Error(s), 47 Warning(s).
Rebuild target 'mbed NXP LPC1768'
compiling nrk_cpu.cpp...
compiling nrk_status.cpp...
compiling nrk_timer.cpp...
mrk_uvision_lpc1768\mrk\NanoRk\src\kernel\hal\LPC1768\nrk_timer.cpp(177): warning:  #191-D: type qualifier is meaningless on cast type
mrk_uvision_lpc1768\mrk\NanoRk\src\kernel\hal\LPC1768\nrk_timer.cpp(298): warning:  #191-D: type qualifier is meaningless on cast type
compiling nrk_watchdog.cpp...
compiling nrk.cpp...
compiling nrk_error.cpp...
mrk_uvision_lpc1768\mrk\NanoRk\src\kernel\source\nrk_error.cpp(165): warning:  #177-D: variable "i" was declared but never referenced
compiling nrk_events.cpp...
mrk_uvision_lpc1768\mrk\NanoRk\src\kernel\source\nrk_events.cpp(279): warning:  #177-D: variable "task_ID" was declared but never referenced
compiling nrk_idle_task.cpp...
mrk_uvision_lpc1768\mrk\NanoRk\src\kernel\source\nrk_idle_task.cpp(39): warning:  #177-D: variable "stkc" was declared but never referenced
compiling nrk_reserve.cpp...
compiling nrk_scheduler.cpp...
compiling nrk_stack_check.cpp...
compiling nrk_stats.cpp...
compiling nrk_task.cpp...
mrk_uvision_lpc1768\mrk\NanoRk\src\kernel\source\nrk_task.cpp(230): warning:  #550-D: variable "rtype" was set but never used
mrk_uvision_lpc1768\mrk\NanoRk\src\kernel\source\nrk_task.cpp(524): warning:  #191-D: type qualifier is meaningless on cast type
compiling nrk_time.cpp...
compiling hal_wait.cpp...
compiling ulib.cpp...
mrk_uvision_lpc1768\mrk\NanoRk\src\platform\mbed\source\ulib.cpp(338): warning:  #9-D: nested comment is not allowed
mrk_uvision_lpc1768\mrk\NanoRk\src\platform\mbed\source\ulib.cpp(606): warning:  #111-D: statement is unreachable
mrk_uvision_lpc1768\mrk\NanoRk\src\platform\mbed\source\ulib.cpp(657): warning:  #940-D: missing return statement at end of non-void function "nrk_get_button"
mrk_uvision_lpc1768\mrk\NanoRk\src\platform\mbed\source\ulib.cpp(826): warning: C3017W: uClk may be used before being set
assembling my_asm.s...
mrk_uvision_lpc1768\mrk\my_asm.s(93): warning: A1581W: Added 2 bytes of padding at address 0x6a
compiling adc_driver.cpp...
mrk_uvision_lpc1768\mrk\NanoRk\src\drivers\platform\mbed\adc_driver.cpp(69): warning:  #68-D: integer conversion resulted in a change of sign
mrk_uvision_lpc1768\mrk\NanoRk\src\drivers\platform\mbed\adc_driver.cpp(73): warning:  #68-D: integer conversion resulted in a change of sign
mrk_uvision_lpc1768\mrk\NanoRk\src\drivers\platform\mbed\adc_driver.cpp(76): warning:  #68-D: integer conversion resulted in a change of sign
mrk_uvision_lpc1768\mrk\NanoRk\src\drivers\platform\mbed\adc_driver.cpp(96): warning:  #68-D: integer conversion resulted in a change of sign
mrk_uvision_lpc1768\mrk\NanoRk\src\drivers\platform\mbed\adc_driver.cpp(105): warning:  #68-D: integer conversion resulted in a change of sign
compiling ff_basic_sensor.cpp...
mrk_uvision_lpc1768\mrk\NanoRk\src\drivers\platform\mbed\ff_basic_sensor.cpp(68): warning:  #68-D: integer conversion resulted in a change of sign
mrk_uvision_lpc1768\mrk\NanoRk\src\drivers\platform\mbed\ff_basic_sensor.cpp(82): warning:  #68-D: integer conversion resulted in a change of sign
mrk_uvision_lpc1768\mrk\NanoRk\src\drivers\platform\mbed\ff_basic_sensor.cpp(86): warning:  #68-D: integer conversion resulted in a change of sign
mrk_uvision_lpc1768\mrk\NanoRk\src\drivers\platform\mbed\ff_basic_sensor.cpp(89): warning:  #68-D: integer conversion resulted in a change of sign
mrk_uvision_lpc1768\mrk\NanoRk\src\drivers\platform\mbed\ff_basic_sensor.cpp(170): warning:  #68-D: integer conversion resulted in a change of sign
mrk_uvision_lpc1768\mrk\NanoRk\src\drivers\platform\mbed\ff_basic_sensor.cpp(193): warning:  #68-D: integer conversion resulted in a change of sign
mrk_uvision_lpc1768\mrk\NanoRk\src\drivers\platform\mbed\ff_basic_sensor.cpp(209): warning:  #68-D: integer conversion resulted in a change of sign
mrk_uvision_lpc1768\mrk\NanoRk\src\drivers\platform\mbed\ff_basic_sensor.cpp(265): warning:  #1-D: last line of file ends without a newline
compiling nrk_driver.cpp...
mrk_uvision_lpc1768\mrk\NanoRk\src\kernel\source\nrk_driver.cpp(141): warning:  #186-D: pointless comparison of unsigned integer with zero
compiling bmac.cpp...
mrk_uvision_lpc1768\mrk\NanoRk\src\net\bmac\bmac.cpp(461): warning:  #550-D: variable "result" was set but never used
mrk_uvision_lpc1768\mrk\NanoRk\src\net\bmac\bmac.cpp(502): warning:  #177-D: variable "result" was declared but never referenced
mrk_uvision_lpc1768\mrk\NanoRk\src\net\bmac\bmac.cpp(554): warning:  #550-D: variable "e" was set but never used
mrk_uvision_lpc1768\mrk\NanoRk\src\net\bmac\bmac.cpp(555): warning:  #177-D: variable "backoff" was declared but never referenced
mrk_uvision_lpc1768\mrk\NanoRk\src\net\bmac\bmac.cpp(803): warning:  #1-D: last line of file ends without a newline
mrk_uvision_lpc1768\mrk\NanoRk\src\net\bmac\bmac.cpp(66): warning:  #550-D: variable "g_chan" was set but never used
mrk_uvision_lpc1768\mrk\NanoRk\src\net\bmac\bmac.cpp(72): warning:  #550-D: variable "tx_reserve" was set but never used
compiling basic_rf.cpp...
mrk_uvision_lpc1768\mrk\NanoRk\src\radio\mrf24j40\source\basic_rf.cpp(336): warning:  #61-D: integer operation result is out of range
mrk_uvision_lpc1768\mrk\NanoRk\src\radio\mrf24j40\source\basic_rf.cpp(336): warning:  #68-D: integer conversion resulted in a change of sign
compiling MRF24J40.cpp...
compiling mainNode.cpp...
..\mainNode.cpp(289): warning:  #1441-D: nonstandard cast on lvalue
linking...
Program Size: Code=31902 RO-data=1546 RW-data=336 ZI-data=6096  
User command #1: fromelf --bin -o G:\MRK.bin .\build\MRK.axf
Error: Q0108E: Could not create output file 'G:\MRK.bin': No such file or directory
Finished: 0 information, 0 warning and 1 error messages.
".\build\MRK.axf" - 0 Error(s), 36 Warning(s).
Rebuild target 'mbed NXP LPC1768'
compiling nrk_cpu.cpp...
compiling nrk_status.cpp...
compiling nrk_timer.cpp...
mrk_uvision_lpc1768\mrk\NanoRk\src\kernel\hal\LPC1768\nrk_timer.cpp(177): warning:  #191-D: type qualifier is meaningless on cast type
mrk_uvision_lpc1768\mrk\NanoRk\src\kernel\hal\LPC1768\nrk_timer.cpp(298): warning:  #191-D: type qualifier is meaningless on cast type
compiling nrk_watchdog.cpp...
compiling nrk.cpp...
compiling nrk_error.cpp...
mrk_uvision_lpc1768\mrk\NanoRk\src\kernel\source\nrk_error.cpp(165): warning:  #177-D: variable "i" was declared but never referenced
compiling nrk_events.cpp...
mrk_uvision_lpc1768\mrk\NanoRk\src\kernel\source\nrk_events.cpp(279): warning:  #177-D: variable "task_ID" was declared but never referenced
compiling nrk_idle_task.cpp...
mrk_uvision_lpc1768\mrk\NanoRk\src\kernel\source\nrk_idle_task.cpp(39): warning:  #177-D: variable "stkc" was declared but never referenced
compiling nrk_reserve.cpp...
compiling nrk_scheduler.cpp...
compiling nrk_stack_check.cpp...
compiling nrk_stats.cpp...
compiling nrk_task.cpp...
mrk_uvision_lpc1768\mrk\NanoRk\src\kernel\source\nrk_task.cpp(230): warning:  #550-D: variable "rtype" was set but never used
mrk_uvision_lpc1768\mrk\NanoRk\src\kernel\source\nrk_task.cpp(524): warning:  #191-D: type qualifier is meaningless on cast type
compiling nrk_time.cpp...
compiling hal_wait.cpp...
compiling ulib.cpp...
mrk_uvision_lpc1768\mrk\NanoRk\src\platform\mbed\source\ulib.cpp(338): warning:  #9-D: nested comment is not allowed
mrk_uvision_lpc1768\mrk\NanoRk\src\platform\mbed\source\ulib.cpp(606): warning:  #111-D: statement is unreachable
mrk_uvision_lpc1768\mrk\NanoRk\src\platform\mbed\source\ulib.cpp(657): warning:  #940-D: missing return statement at end of non-void function "nrk_get_button"
mrk_uvision_lpc1768\mrk\NanoRk\src\platform\mbed\source\ulib.cpp(826): warning: C3017W: uClk may be used before being set
assembling my_asm.s...
mrk_uvision_lpc1768\mrk\my_asm.s(93): warning: A1581W: Added 2 bytes of padding at address 0x6a
compiling adc_driver.cpp...
mrk_uvision_lpc1768\mrk\NanoRk\src\drivers\platform\mbed\adc_driver.cpp(69): warning:  #68-D: integer conversion resulted in a change of sign
mrk_uvision_lpc1768\mrk\NanoRk\src\drivers\platform\mbed\adc_driver.cpp(73): warning:  #68-D: integer conversion resulted in a change of sign
mrk_uvision_lpc1768\mrk\NanoRk\src\drivers\platform\mbed\adc_driver.cpp(76): warning:  #68-D: integer conversion resulted in a change of sign
mrk_uvision_lpc1768\mrk\NanoRk\src\drivers\platform\mbed\adc_driver.cpp(96): warning:  #68-D: integer conversion resulted in a change of sign
mrk_uvision_lpc1768\mrk\NanoRk\src\drivers\platform\mbed\adc_driver.cpp(105): warning:  #68-D: integer conversion resulted in a change of sign
compiling ff_basic_sensor.cpp...
mrk_uvision_lpc1768\mrk\NanoRk\src\drivers\platform\mbed\ff_basic_sensor.cpp(68): warning:  #68-D: integer conversion resulted in a change of sign
mrk_uvision_lpc1768\mrk\NanoRk\src\drivers\platform\mbed\ff_basic_sensor.cpp(82): warning:  #68-D: integer conversion resulted in a change of sign
mrk_uvision_lpc1768\mrk\NanoRk\src\drivers\platform\mbed\ff_basic_sensor.cpp(86): warning:  #68-D: integer conversion resulted in a change of sign
mrk_uvision_lpc1768\mrk\NanoRk\src\drivers\platform\mbed\ff_basic_sensor.cpp(89): warning:  #68-D: integer conversion resulted in a change of sign
mrk_uvision_lpc1768\mrk\NanoRk\src\drivers\platform\mbed\ff_basic_sensor.cpp(170): warning:  #68-D: integer conversion resulted in a change of sign
mrk_uvision_lpc1768\mrk\NanoRk\src\drivers\platform\mbed\ff_basic_sensor.cpp(193): warning:  #68-D: integer conversion resulted in a change of sign
mrk_uvision_lpc1768\mrk\NanoRk\src\drivers\platform\mbed\ff_basic_sensor.cpp(209): warning:  #68-D: integer conversion resulted in a change of sign
mrk_uvision_lpc1768\mrk\NanoRk\src\drivers\platform\mbed\ff_basic_sensor.cpp(265): warning:  #1-D: last line of file ends without a newline
compiling nrk_driver.cpp...
mrk_uvision_lpc1768\mrk\NanoRk\src\kernel\source\nrk_driver.cpp(141): warning:  #186-D: pointless comparison of unsigned integer with zero
compiling bmac.cpp...
mrk_uvision_lpc1768\mrk\NanoRk\src\net\bmac\bmac.cpp(461): warning:  #550-D: variable "result" was set but never used
mrk_uvision_lpc1768\mrk\NanoRk\src\net\bmac\bmac.cpp(502): warning:  #177-D: variable "result" was declared but never referenced
mrk_uvision_lpc1768\mrk\NanoRk\src\net\bmac\bmac.cpp(554): warning:  #550-D: variable "e" was set but never used
mrk_uvision_lpc1768\mrk\NanoRk\src\net\bmac\bmac.cpp(555): warning:  #177-D: variable "backoff" was declared but never referenced
mrk_uvision_lpc1768\mrk\NanoRk\src\net\bmac\bmac.cpp(803): warning:  #1-D: last line of file ends without a newline
mrk_uvision_lpc1768\mrk\NanoRk\src\net\bmac\bmac.cpp(66): warning:  #550-D: variable "g_chan" was set but never used
mrk_uvision_lpc1768\mrk\NanoRk\src\net\bmac\bmac.cpp(72): warning:  #550-D: variable "tx_reserve" was set but never used
compiling basic_rf.cpp...
mrk_uvision_lpc1768\mrk\NanoRk\src\radio\mrf24j40\source\basic_rf.cpp(336): warning:  #61-D: integer operation result is out of range
mrk_uvision_lpc1768\mrk\NanoRk\src\radio\mrf24j40\source\basic_rf.cpp(336): warning:  #68-D: integer conversion resulted in a change of sign
compiling MRF24J40.cpp...
compiling mainNode.cpp...
..\mainNode.cpp(289): warning:  #1441-D: nonstandard cast on lvalue
linking...
Program Size: Code=31902 RO-data=1546 RW-data=336 ZI-data=6096  
User command #1: fromelf --bin -o F:\MRK.bin .\build\MRK.axf
".\build\MRK.axf" - 0 Error(s), 36 Warning(s).
Rebuild target 'mbed NXP LPC1768'
compiling nrk_cpu.cpp...
compiling nrk_status.cpp...
compiling nrk_timer.cpp...
mrk_uvision_lpc1768\mrk\NanoRk\src\kernel\hal\LPC1768\nrk_timer.cpp(177): warning:  #191-D: type qualifier is meaningless on cast type
mrk_uvision_lpc1768\mrk\NanoRk\src\kernel\hal\LPC1768\nrk_timer.cpp(298): warning:  #191-D: type qualifier is meaningless on cast type
compiling nrk_watchdog.cpp...
compiling nrk.cpp...
compiling nrk_error.cpp...
mrk_uvision_lpc1768\mrk\NanoRk\src\kernel\source\nrk_error.cpp(165): warning:  #177-D: variable "i" was declared but never referenced
compiling nrk_events.cpp...
mrk_uvision_lpc1768\mrk\NanoRk\src\kernel\source\nrk_events.cpp(279): warning:  #177-D: variable "task_ID" was declared but never referenced
compiling nrk_idle_task.cpp...
mrk_uvision_lpc1768\mrk\NanoRk\src\kernel\source\nrk_idle_task.cpp(39): warning:  #177-D: variable "stkc" was declared but never referenced
compiling nrk_reserve.cpp...
compiling nrk_scheduler.cpp...
compiling nrk_stack_check.cpp...
compiling nrk_stats.cpp...
compiling nrk_task.cpp...
mrk_uvision_lpc1768\mrk\NanoRk\src\kernel\source\nrk_task.cpp(230): warning:  #550-D: variable "rtype" was set but never used
mrk_uvision_lpc1768\mrk\NanoRk\src\kernel\source\nrk_task.cpp(524): warning:  #191-D: type qualifier is meaningless on cast type
compiling nrk_time.cpp...
compiling hal_wait.cpp...
compiling ulib.cpp...
mrk_uvision_lpc1768\mrk\NanoRk\src\platform\mbed\source\ulib.cpp(338): warning:  #9-D: nested comment is not allowed
mrk_uvision_lpc1768\mrk\NanoRk\src\platform\mbed\source\ulib.cpp(606): warning:  #111-D: statement is unreachable
mrk_uvision_lpc1768\mrk\NanoRk\src\platform\mbed\source\ulib.cpp(657): warning:  #940-D: missing return statement at end of non-void function "nrk_get_button"
mrk_uvision_lpc1768\mrk\NanoRk\src\platform\mbed\source\ulib.cpp(826): warning: C3017W: uClk may be used before being set
assembling my_asm.s...
mrk_uvision_lpc1768\mrk\my_asm.s(93): warning: A1581W: Added 2 bytes of padding at address 0x6a
compiling adc_driver.cpp...
mrk_uvision_lpc1768\mrk\NanoRk\src\drivers\platform\mbed\adc_driver.cpp(69): warning:  #68-D: integer conversion resulted in a change of sign
mrk_uvision_lpc1768\mrk\NanoRk\src\drivers\platform\mbed\adc_driver.cpp(73): warning:  #68-D: integer conversion resulted in a change of sign
mrk_uvision_lpc1768\mrk\NanoRk\src\drivers\platform\mbed\adc_driver.cpp(76): warning:  #68-D: integer conversion resulted in a change of sign
mrk_uvision_lpc1768\mrk\NanoRk\src\drivers\platform\mbed\adc_driver.cpp(96): warning:  #68-D: integer conversion resulted in a change of sign
mrk_uvision_lpc1768\mrk\NanoRk\src\drivers\platform\mbed\adc_driver.cpp(105): warning:  #68-D: integer conversion resulted in a change of sign
compiling ff_basic_sensor.cpp...
mrk_uvision_lpc1768\mrk\NanoRk\src\drivers\platform\mbed\ff_basic_sensor.cpp(68): warning:  #68-D: integer conversion resulted in a change of sign
mrk_uvision_lpc1768\mrk\NanoRk\src\drivers\platform\mbed\ff_basic_sensor.cpp(82): warning:  #68-D: integer conversion resulted in a change of sign
mrk_uvision_lpc1768\mrk\NanoRk\src\drivers\platform\mbed\ff_basic_sensor.cpp(86): warning:  #68-D: integer conversion resulted in a change of sign
mrk_uvision_lpc1768\mrk\NanoRk\src\drivers\platform\mbed\ff_basic_sensor.cpp(89): warning:  #68-D: integer conversion resulted in a change of sign
mrk_uvision_lpc1768\mrk\NanoRk\src\drivers\platform\mbed\ff_basic_sensor.cpp(170): warning:  #68-D: integer conversion resulted in a change of sign
mrk_uvision_lpc1768\mrk\NanoRk\src\drivers\platform\mbed\ff_basic_sensor.cpp(193): warning:  #68-D: integer conversion resulted in a change of sign
mrk_uvision_lpc1768\mrk\NanoRk\src\drivers\platform\mbed\ff_basic_sensor.cpp(209): warning:  #68-D: integer conversion resulted in a change of sign
mrk_uvision_lpc1768\mrk\NanoRk\src\drivers\platform\mbed\ff_basic_sensor.cpp(265): warning:  #1-D: last line of file ends without a newline
compiling nrk_driver.cpp...
mrk_uvision_lpc1768\mrk\NanoRk\src\kernel\source\nrk_driver.cpp(141): warning:  #186-D: pointless comparison of unsigned integer with zero
compiling bmac.cpp...
mrk_uvision_lpc1768\mrk\NanoRk\src\net\bmac\bmac.cpp(461): warning:  #550-D: variable "result" was set but never used
mrk_uvision_lpc1768\mrk\NanoRk\src\net\bmac\bmac.cpp(502): warning:  #177-D: variable "result" was declared but never referenced
mrk_uvision_lpc1768\mrk\NanoRk\src\net\bmac\bmac.cpp(554): warning:  #550-D: variable "e" was set but never used
mrk_uvision_lpc1768\mrk\NanoRk\src\net\bmac\bmac.cpp(555): warning:  #177-D: variable "backoff" was declared but never referenced
mrk_uvision_lpc1768\mrk\NanoRk\src\net\bmac\bmac.cpp(803): warning:  #1-D: last line of file ends without a newline
mrk_uvision_lpc1768\mrk\NanoRk\src\net\bmac\bmac.cpp(66): warning:  #550-D: variable "g_chan" was set but never used
mrk_uvision_lpc1768\mrk\NanoRk\src\net\bmac\bmac.cpp(72): warning:  #550-D: variable "tx_reserve" was set but never used
compiling basic_rf.cpp...
mrk_uvision_lpc1768\mrk\NanoRk\src\radio\mrf24j40\source\basic_rf.cpp(336): warning:  #61-D: integer operation result is out of range
mrk_uvision_lpc1768\mrk\NanoRk\src\radio\mrf24j40\source\basic_rf.cpp(336): warning:  #68-D: integer conversion resulted in a change of sign
compiling MRF24J40.cpp...
compiling mainNode.cpp...
..\mainNode.cpp(289): warning:  #1441-D: nonstandard cast on lvalue
linking...
Program Size: Code=31902 RO-data=1546 RW-data=336 ZI-data=6096  
User command #1: fromelf --bin -o F:\MRK.bin .\build\MRK.axf
".\build\MRK.axf" - 0 Error(s), 36 Warning(s).
Rebuild target 'mbed NXP LPC1768'
compiling nrk_cpu.cpp...
compiling nrk_status.cpp...
compiling nrk_timer.cpp...
mrk_uvision_lpc1768\mrk\NanoRk\src\kernel\hal\LPC1768\nrk_timer.cpp(177): warning:  #191-D: type qualifier is meaningless on cast type
mrk_uvision_lpc1768\mrk\NanoRk\src\kernel\hal\LPC1768\nrk_timer.cpp(298): warning:  #191-D: type qualifier is meaningless on cast type
compiling nrk_watchdog.cpp...
compiling nrk.cpp...
compiling nrk_error.cpp...
mrk_uvision_lpc1768\mrk\NanoRk\src\kernel\source\nrk_error.cpp(165): warning:  #177-D: variable "i" was declared but never referenced
compiling nrk_events.cpp...
mrk_uvision_lpc1768\mrk\NanoRk\src\kernel\source\nrk_events.cpp(279): warning:  #177-D: variable "task_ID" was declared but never referenced
compiling nrk_idle_task.cpp...
mrk_uvision_lpc1768\mrk\NanoRk\src\kernel\source\nrk_idle_task.cpp(39): warning:  #177-D: variable "stkc" was declared but never referenced
compiling nrk_reserve.cpp...
compiling nrk_scheduler.cpp...
compiling nrk_stack_check.cpp...
compiling nrk_stats.cpp...
compiling nrk_task.cpp...
mrk_uvision_lpc1768\mrk\NanoRk\src\kernel\source\nrk_task.cpp(230): warning:  #550-D: variable "rtype" was set but never used
mrk_uvision_lpc1768\mrk\NanoRk\src\kernel\source\nrk_task.cpp(524): warning:  #191-D: type qualifier is meaningless on cast type
compiling nrk_time.cpp...
compiling hal_wait.cpp...
compiling ulib.cpp...
mrk_uvision_lpc1768\mrk\NanoRk\src\platform\mbed\source\ulib.cpp(338): warning:  #9-D: nested comment is not allowed
mrk_uvision_lpc1768\mrk\NanoRk\src\platform\mbed\source\ulib.cpp(606): warning:  #111-D: statement is unreachable
mrk_uvision_lpc1768\mrk\NanoRk\src\platform\mbed\source\ulib.cpp(657): warning:  #940-D: missing return statement at end of non-void function "nrk_get_button"
mrk_uvision_lpc1768\mrk\NanoRk\src\platform\mbed\source\ulib.cpp(826): warning: C3017W: uClk may be used before being set
assembling my_asm.s...
mrk_uvision_lpc1768\mrk\my_asm.s(93): warning: A1581W: Added 2 bytes of padding at address 0x6a
compiling adc_driver.cpp...
mrk_uvision_lpc1768\mrk\NanoRk\src\drivers\platform\mbed\adc_driver.cpp(69): warning:  #68-D: integer conversion resulted in a change of sign
mrk_uvision_lpc1768\mrk\NanoRk\src\drivers\platform\mbed\adc_driver.cpp(73): warning:  #68-D: integer conversion resulted in a change of sign
mrk_uvision_lpc1768\mrk\NanoRk\src\drivers\platform\mbed\adc_driver.cpp(76): warning:  #68-D: integer conversion resulted in a change of sign
mrk_uvision_lpc1768\mrk\NanoRk\src\drivers\platform\mbed\adc_driver.cpp(96): warning:  #68-D: integer conversion resulted in a change of sign
mrk_uvision_lpc1768\mrk\NanoRk\src\drivers\platform\mbed\adc_driver.cpp(105): warning:  #68-D: integer conversion resulted in a change of sign
compiling ff_basic_sensor.cpp...
mrk_uvision_lpc1768\mrk\NanoRk\src\drivers\platform\mbed\ff_basic_sensor.cpp(68): warning:  #68-D: integer conversion resulted in a change of sign
mrk_uvision_lpc1768\mrk\NanoRk\src\drivers\platform\mbed\ff_basic_sensor.cpp(82): warning:  #68-D: integer conversion resulted in a change of sign
mrk_uvision_lpc1768\mrk\NanoRk\src\drivers\platform\mbed\ff_basic_sensor.cpp(86): warning:  #68-D: integer conversion resulted in a change of sign
mrk_uvision_lpc1768\mrk\NanoRk\src\drivers\platform\mbed\ff_basic_sensor.cpp(89): warning:  #68-D: integer conversion resulted in a change of sign
mrk_uvision_lpc1768\mrk\NanoRk\src\drivers\platform\mbed\ff_basic_sensor.cpp(170): warning:  #68-D: integer conversion resulted in a change of sign
mrk_uvision_lpc1768\mrk\NanoRk\src\drivers\platform\mbed\ff_basic_sensor.cpp(193): warning:  #68-D: integer conversion resulted in a change of sign
mrk_uvision_lpc1768\mrk\NanoRk\src\drivers\platform\mbed\ff_basic_sensor.cpp(209): warning:  #68-D: integer conversion resulted in a change of sign
mrk_uvision_lpc1768\mrk\NanoRk\src\drivers\platform\mbed\ff_basic_sensor.cpp(265): warning:  #1-D: last line of file ends without a newline
compiling nrk_driver.cpp...
mrk_uvision_lpc1768\mrk\NanoRk\src\kernel\source\nrk_driver.cpp(141): warning:  #186-D: pointless comparison of unsigned integer with zero
compiling bmac.cpp...
mrk_uvision_lpc1768\mrk\NanoRk\src\net\bmac\bmac.cpp(461): warning:  #550-D: variable "result" was set but never used
mrk_uvision_lpc1768\mrk\NanoRk\src\net\bmac\bmac.cpp(502): warning:  #177-D: variable "result" was declared but never referenced
mrk_uvision_lpc1768\mrk\NanoRk\src\net\bmac\bmac.cpp(554): warning:  #550-D: variable "e" was set but never used
mrk_uvision_lpc1768\mrk\NanoRk\src\net\bmac\bmac.cpp(555): warning:  #177-D: variable "backoff" was declared but never referenced
mrk_uvision_lpc1768\mrk\NanoRk\src\net\bmac\bmac.cpp(803): warning:  #1-D: last line of file ends without a newline
mrk_uvision_lpc1768\mrk\NanoRk\src\net\bmac\bmac.cpp(66): warning:  #550-D: variable "g_chan" was set but never used
mrk_uvision_lpc1768\mrk\NanoRk\src\net\bmac\bmac.cpp(72): warning:  #550-D: variable "tx_reserve" was set but never used
compiling basic_rf.cpp...
mrk_uvision_lpc1768\mrk\NanoRk\src\radio\mrf24j40\source\basic_rf.cpp(336): warning:  #61-D: integer operation result is out of range
mrk_uvision_lpc1768\mrk\NanoRk\src\radio\mrf24j40\source\basic_rf.cpp(336): warning:  #68-D: integer conversion resulted in a change of sign
compiling MRF24J40.cpp...
compiling mainNode.cpp...
..\mainNode.cpp(289): warning:  #1441-D: nonstandard cast on lvalue
linking...
Program Size: Code=31902 RO-data=1546 RW-data=336 ZI-data=6096  
User command #1: fromelf --bin -o F:\MRK.bin .\build\MRK.axf
".\build\MRK.axf" - 0 Error(s), 36 Warning(s).
Rebuild target 'mbed NXP LPC1768'
compiling nrk_cpu.cpp...
compiling nrk_status.cpp...
compiling nrk_timer.cpp...
mrk_uvision_lpc1768\mrk\NanoRk\src\kernel\hal\LPC1768\nrk_timer.cpp(177): warning:  #191-D: type qualifier is meaningless on cast type
mrk_uvision_lpc1768\mrk\NanoRk\src\kernel\hal\LPC1768\nrk_timer.cpp(298): warning:  #191-D: type qualifier is meaningless on cast type
compiling nrk_watchdog.cpp...
compiling nrk.cpp...
compiling nrk_error.cpp...
mrk_uvision_lpc1768\mrk\NanoRk\src\kernel\source\nrk_error.cpp(165): warning:  #177-D: variable "i" was declared but never referenced
compiling nrk_events.cpp...
mrk_uvision_lpc1768\mrk\NanoRk\src\kernel\source\nrk_events.cpp(279): warning:  #177-D: variable "task_ID" was declared but never referenced
compiling nrk_idle_task.cpp...
mrk_uvision_lpc1768\mrk\NanoRk\src\kernel\source\nrk_idle_task.cpp(39): warning:  #177-D: variable "stkc" was declared but never referenced
compiling nrk_reserve.cpp...
compiling nrk_scheduler.cpp...
compiling nrk_stack_check.cpp...
compiling nrk_stats.cpp...
compiling nrk_task.cpp...
mrk_uvision_lpc1768\mrk\NanoRk\src\kernel\source\nrk_task.cpp(230): warning:  #550-D: variable "rtype" was set but never used
mrk_uvision_lpc1768\mrk\NanoRk\src\kernel\source\nrk_task.cpp(524): warning:  #191-D: type qualifier is meaningless on cast type
compiling nrk_time.cpp...
compiling hal_wait.cpp...
compiling ulib.cpp...
mrk_uvision_lpc1768\mrk\NanoRk\src\platform\mbed\source\ulib.cpp(338): warning:  #9-D: nested comment is not allowed
mrk_uvision_lpc1768\mrk\NanoRk\src\platform\mbed\source\ulib.cpp(606): warning:  #111-D: statement is unreachable
mrk_uvision_lpc1768\mrk\NanoRk\src\platform\mbed\source\ulib.cpp(657): warning:  #940-D: missing return statement at end of non-void function "nrk_get_button"
mrk_uvision_lpc1768\mrk\NanoRk\src\platform\mbed\source\ulib.cpp(826): warning: C3017W: uClk may be used before being set
assembling my_asm.s...
mrk_uvision_lpc1768\mrk\my_asm.s(93): warning: A1581W: Added 2 bytes of padding at address 0x6a
compiling adc_driver.cpp...
mrk_uvision_lpc1768\mrk\NanoRk\src\drivers\platform\mbed\adc_driver.cpp(69): warning:  #68-D: integer conversion resulted in a change of sign
mrk_uvision_lpc1768\mrk\NanoRk\src\drivers\platform\mbed\adc_driver.cpp(73): warning:  #68-D: integer conversion resulted in a change of sign
mrk_uvision_lpc1768\mrk\NanoRk\src\drivers\platform\mbed\adc_driver.cpp(76): warning:  #68-D: integer conversion resulted in a change of sign
mrk_uvision_lpc1768\mrk\NanoRk\src\drivers\platform\mbed\adc_driver.cpp(96): warning:  #68-D: integer conversion resulted in a change of sign
mrk_uvision_lpc1768\mrk\NanoRk\src\drivers\platform\mbed\adc_driver.cpp(105): warning:  #68-D: integer conversion resulted in a change of sign
compiling ff_basic_sensor.cpp...
mrk_uvision_lpc1768\mrk\NanoRk\src\drivers\platform\mbed\ff_basic_sensor.cpp(68): warning:  #68-D: integer conversion resulted in a change of sign
mrk_uvision_lpc1768\mrk\NanoRk\src\drivers\platform\mbed\ff_basic_sensor.cpp(82): warning:  #68-D: integer conversion resulted in a change of sign
mrk_uvision_lpc1768\mrk\NanoRk\src\drivers\platform\mbed\ff_basic_sensor.cpp(86): warning:  #68-D: integer conversion resulted in a change of sign
mrk_uvision_lpc1768\mrk\NanoRk\src\drivers\platform\mbed\ff_basic_sensor.cpp(89): warning:  #68-D: integer conversion resulted in a change of sign
mrk_uvision_lpc1768\mrk\NanoRk\src\drivers\platform\mbed\ff_basic_sensor.cpp(170): warning:  #68-D: integer conversion resulted in a change of sign
mrk_uvision_lpc1768\mrk\NanoRk\src\drivers\platform\mbed\ff_basic_sensor.cpp(193): warning:  #68-D: integer conversion resulted in a change of sign
mrk_uvision_lpc1768\mrk\NanoRk\src\drivers\platform\mbed\ff_basic_sensor.cpp(209): warning:  #68-D: integer conversion resulted in a change of sign
mrk_uvision_lpc1768\mrk\NanoRk\src\drivers\platform\mbed\ff_basic_sensor.cpp(265): warning:  #1-D: last line of file ends without a newline
compiling nrk_driver.cpp...
mrk_uvision_lpc1768\mrk\NanoRk\src\kernel\source\nrk_driver.cpp(141): warning:  #186-D: pointless comparison of unsigned integer with zero
compiling bmac.cpp...
mrk_uvision_lpc1768\mrk\NanoRk\src\net\bmac\bmac.cpp(461): warning:  #550-D: variable "result" was set but never used
mrk_uvision_lpc1768\mrk\NanoRk\src\net\bmac\bmac.cpp(502): warning:  #177-D: variable "result" was declared but never referenced
mrk_uvision_lpc1768\mrk\NanoRk\src\net\bmac\bmac.cpp(554): warning:  #550-D: variable "e" was set but never used
mrk_uvision_lpc1768\mrk\NanoRk\src\net\bmac\bmac.cpp(555): warning:  #177-D: variable "backoff" was declared but never referenced
mrk_uvision_lpc1768\mrk\NanoRk\src\net\bmac\bmac.cpp(803): warning:  #1-D: last line of file ends without a newline
mrk_uvision_lpc1768\mrk\NanoRk\src\net\bmac\bmac.cpp(66): warning:  #550-D: variable "g_chan" was set but never used
mrk_uvision_lpc1768\mrk\NanoRk\src\net\bmac\bmac.cpp(72): warning:  #550-D: variable "tx_reserve" was set but never used
compiling basic_rf.cpp...
mrk_uvision_lpc1768\mrk\NanoRk\src\radio\mrf24j40\source\basic_rf.cpp(336): warning:  #61-D: integer operation result is out of range
mrk_uvision_lpc1768\mrk\NanoRk\src\radio\mrf24j40\source\basic_rf.cpp(336): warning:  #68-D: integer conversion resulted in a change of sign
compiling MRF24J40.cpp...
compiling mainNode.cpp...
..\mainNode.cpp(289): warning:  #1441-D: nonstandard cast on lvalue
linking...
Program Size: Code=31902 RO-data=1546 RW-data=336 ZI-data=6096  
User command #1: fromelf --bin -o F:\MRK.bin .\build\MRK.axf
".\build\MRK.axf" - 0 Error(s), 36 Warning(s).
Rebuild target 'mbed NXP LPC1768'
compiling nrk_cpu.cpp...
compiling nrk_status.cpp...
compiling nrk_timer.cpp...
mrk_uvision_lpc1768\mrk\NanoRk\src\kernel\hal\LPC1768\nrk_timer.cpp(177): warning:  #191-D: type qualifier is meaningless on cast type
mrk_uvision_lpc1768\mrk\NanoRk\src\kernel\hal\LPC1768\nrk_timer.cpp(298): warning:  #191-D: type qualifier is meaningless on cast type
compiling nrk_watchdog.cpp...
compiling nrk.cpp...
compiling nrk_error.cpp...
mrk_uvision_lpc1768\mrk\NanoRk\src\kernel\source\nrk_error.cpp(165): warning:  #177-D: variable "i" was declared but never referenced
compiling nrk_events.cpp...
mrk_uvision_lpc1768\mrk\NanoRk\src\kernel\source\nrk_events.cpp(279): warning:  #177-D: variable "task_ID" was declared but never referenced
compiling nrk_idle_task.cpp...
mrk_uvision_lpc1768\mrk\NanoRk\src\kernel\source\nrk_idle_task.cpp(39): warning:  #177-D: variable "stkc" was declared but never referenced
compiling nrk_reserve.cpp...
compiling nrk_scheduler.cpp...
compiling nrk_stack_check.cpp...
compiling nrk_stats.cpp...
compiling nrk_task.cpp...
mrk_uvision_lpc1768\mrk\NanoRk\src\kernel\source\nrk_task.cpp(230): warning:  #550-D: variable "rtype" was set but never used
mrk_uvision_lpc1768\mrk\NanoRk\src\kernel\source\nrk_task.cpp(524): warning:  #191-D: type qualifier is meaningless on cast type
compiling nrk_time.cpp...
compiling hal_wait.cpp...
compiling ulib.cpp...
mrk_uvision_lpc1768\mrk\NanoRk\src\platform\mbed\source\ulib.cpp(338): warning:  #9-D: nested comment is not allowed
mrk_uvision_lpc1768\mrk\NanoRk\src\platform\mbed\source\ulib.cpp(606): warning:  #111-D: statement is unreachable
mrk_uvision_lpc1768\mrk\NanoRk\src\platform\mbed\source\ulib.cpp(657): warning:  #940-D: missing return statement at end of non-void function "nrk_get_button"
mrk_uvision_lpc1768\mrk\NanoRk\src\platform\mbed\source\ulib.cpp(826): warning: C3017W: uClk may be used before being set
assembling my_asm.s...
mrk_uvision_lpc1768\mrk\my_asm.s(93): warning: A1581W: Added 2 bytes of padding at address 0x6a
compiling adc_driver.cpp...
mrk_uvision_lpc1768\mrk\NanoRk\src\drivers\platform\mbed\adc_driver.cpp(69): warning:  #68-D: integer conversion resulted in a change of sign
mrk_uvision_lpc1768\mrk\NanoRk\src\drivers\platform\mbed\adc_driver.cpp(73): warning:  #68-D: integer conversion resulted in a change of sign
mrk_uvision_lpc1768\mrk\NanoRk\src\drivers\platform\mbed\adc_driver.cpp(76): warning:  #68-D: integer conversion resulted in a change of sign
mrk_uvision_lpc1768\mrk\NanoRk\src\drivers\platform\mbed\adc_driver.cpp(96): warning:  #68-D: integer conversion resulted in a change of sign
mrk_uvision_lpc1768\mrk\NanoRk\src\drivers\platform\mbed\adc_driver.cpp(105): warning:  #68-D: integer conversion resulted in a change of sign
compiling ff_basic_sensor.cpp...
mrk_uvision_lpc1768\mrk\NanoRk\src\drivers\platform\mbed\ff_basic_sensor.cpp(68): warning:  #68-D: integer conversion resulted in a change of sign
mrk_uvision_lpc1768\mrk\NanoRk\src\drivers\platform\mbed\ff_basic_sensor.cpp(82): warning:  #68-D: integer conversion resulted in a change of sign
mrk_uvision_lpc1768\mrk\NanoRk\src\drivers\platform\mbed\ff_basic_sensor.cpp(86): warning:  #68-D: integer conversion resulted in a change of sign
mrk_uvision_lpc1768\mrk\NanoRk\src\drivers\platform\mbed\ff_basic_sensor.cpp(89): warning:  #68-D: integer conversion resulted in a change of sign
mrk_uvision_lpc1768\mrk\NanoRk\src\drivers\platform\mbed\ff_basic_sensor.cpp(170): warning:  #68-D: integer conversion resulted in a change of sign
mrk_uvision_lpc1768\mrk\NanoRk\src\drivers\platform\mbed\ff_basic_sensor.cpp(193): warning:  #68-D: integer conversion resulted in a change of sign
mrk_uvision_lpc1768\mrk\NanoRk\src\drivers\platform\mbed\ff_basic_sensor.cpp(209): warning:  #68-D: integer conversion resulted in a change of sign
mrk_uvision_lpc1768\mrk\NanoRk\src\drivers\platform\mbed\ff_basic_sensor.cpp(265): warning:  #1-D: last line of file ends without a newline
compiling nrk_driver.cpp...
mrk_uvision_lpc1768\mrk\NanoRk\src\kernel\source\nrk_driver.cpp(141): warning:  #186-D: pointless comparison of unsigned integer with zero
compiling bmac.cpp...
mrk_uvision_lpc1768\mrk\NanoRk\src\net\bmac\bmac.cpp(461): warning:  #550-D: variable "result" was set but never used
mrk_uvision_lpc1768\mrk\NanoRk\src\net\bmac\bmac.cpp(502): warning:  #177-D: variable "result" was declared but never referenced
mrk_uvision_lpc1768\mrk\NanoRk\src\net\bmac\bmac.cpp(554): warning:  #550-D: variable "e" was set but never used
mrk_uvision_lpc1768\mrk\NanoRk\src\net\bmac\bmac.cpp(555): warning:  #177-D: variable "backoff" was declared but never referenced
mrk_uvision_lpc1768\mrk\NanoRk\src\net\bmac\bmac.cpp(803): warning:  #1-D: last line of file ends without a newline
mrk_uvision_lpc1768\mrk\NanoRk\src\net\bmac\bmac.cpp(66): warning:  #550-D: variable "g_chan" was set but never used
mrk_uvision_lpc1768\mrk\NanoRk\src\net\bmac\bmac.cpp(72): warning:  #550-D: variable "tx_reserve" was set but never used
compiling basic_rf.cpp...
mrk_uvision_lpc1768\mrk\NanoRk\src\radio\mrf24j40\source\basic_rf.cpp(336): warning:  #61-D: integer operation result is out of range
mrk_uvision_lpc1768\mrk\NanoRk\src\radio\mrf24j40\source\basic_rf.cpp(336): warning:  #68-D: integer conversion resulted in a change of sign
compiling MRF24J40.cpp...
compiling mainNode.cpp...
..\mainNode.cpp(289): warning:  #1441-D: nonstandard cast on lvalue
linking...
Program Size: Code=31902 RO-data=1546 RW-data=336 ZI-data=6096  
User command #1: fromelf --bin -o F:\MRK.bin .\build\MRK.axf
".\build\MRK.axf" - 0 Error(s), 36 Warning(s).
Rebuild target 'mbed NXP LPC1768'
compiling nrk_cpu.cpp...
compiling nrk_status.cpp...
compiling nrk_timer.cpp...
mrk_uvision_lpc1768\mrk\NanoRk\src\kernel\hal\LPC1768\nrk_timer.cpp(177): warning:  #191-D: type qualifier is meaningless on cast type
mrk_uvision_lpc1768\mrk\NanoRk\src\kernel\hal\LPC1768\nrk_timer.cpp(298): warning:  #191-D: type qualifier is meaningless on cast type
compiling nrk_watchdog.cpp...
compiling nrk.cpp...
compiling nrk_error.cpp...
mrk_uvision_lpc1768\mrk\NanoRk\src\kernel\source\nrk_error.cpp(165): warning:  #177-D: variable "i" was declared but never referenced
compiling nrk_events.cpp...
mrk_uvision_lpc1768\mrk\NanoRk\src\kernel\source\nrk_events.cpp(279): warning:  #177-D: variable "task_ID" was declared but never referenced
compiling nrk_idle_task.cpp...
mrk_uvision_lpc1768\mrk\NanoRk\src\kernel\source\nrk_idle_task.cpp(39): warning:  #177-D: variable "stkc" was declared but never referenced
compiling nrk_reserve.cpp...
compiling nrk_scheduler.cpp...
compiling nrk_stack_check.cpp...
compiling nrk_stats.cpp...
compiling nrk_task.cpp...
mrk_uvision_lpc1768\mrk\NanoRk\src\kernel\source\nrk_task.cpp(230): warning:  #550-D: variable "rtype" was set but never used
mrk_uvision_lpc1768\mrk\NanoRk\src\kernel\source\nrk_task.cpp(524): warning:  #191-D: type qualifier is meaningless on cast type
compiling nrk_time.cpp...
compiling hal_wait.cpp...
compiling ulib.cpp...
mrk_uvision_lpc1768\mrk\NanoRk\src\platform\mbed\source\ulib.cpp(338): warning:  #9-D: nested comment is not allowed
mrk_uvision_lpc1768\mrk\NanoRk\src\platform\mbed\source\ulib.cpp(606): warning:  #111-D: statement is unreachable
mrk_uvision_lpc1768\mrk\NanoRk\src\platform\mbed\source\ulib.cpp(657): warning:  #940-D: missing return statement at end of non-void function "nrk_get_button"
mrk_uvision_lpc1768\mrk\NanoRk\src\platform\mbed\source\ulib.cpp(826): warning: C3017W: uClk may be used before being set
assembling my_asm.s...
mrk_uvision_lpc1768\mrk\my_asm.s(93): warning: A1581W: Added 2 bytes of padding at address 0x6a
compiling adc_driver.cpp...
mrk_uvision_lpc1768\mrk\NanoRk\src\drivers\platform\mbed\adc_driver.cpp(69): warning:  #68-D: integer conversion resulted in a change of sign
mrk_uvision_lpc1768\mrk\NanoRk\src\drivers\platform\mbed\adc_driver.cpp(73): warning:  #68-D: integer conversion resulted in a change of sign
mrk_uvision_lpc1768\mrk\NanoRk\src\drivers\platform\mbed\adc_driver.cpp(76): warning:  #68-D: integer conversion resulted in a change of sign
mrk_uvision_lpc1768\mrk\NanoRk\src\drivers\platform\mbed\adc_driver.cpp(96): warning:  #68-D: integer conversion resulted in a change of sign
mrk_uvision_lpc1768\mrk\NanoRk\src\drivers\platform\mbed\adc_driver.cpp(105): warning:  #68-D: integer conversion resulted in a change of sign
compiling ff_basic_sensor.cpp...
mrk_uvision_lpc1768\mrk\NanoRk\src\drivers\platform\mbed\ff_basic_sensor.cpp(68): warning:  #68-D: integer conversion resulted in a change of sign
mrk_uvision_lpc1768\mrk\NanoRk\src\drivers\platform\mbed\ff_basic_sensor.cpp(82): warning:  #68-D: integer conversion resulted in a change of sign
mrk_uvision_lpc1768\mrk\NanoRk\src\drivers\platform\mbed\ff_basic_sensor.cpp(86): warning:  #68-D: integer conversion resulted in a change of sign
mrk_uvision_lpc1768\mrk\NanoRk\src\drivers\platform\mbed\ff_basic_sensor.cpp(89): warning:  #68-D: integer conversion resulted in a change of sign
mrk_uvision_lpc1768\mrk\NanoRk\src\drivers\platform\mbed\ff_basic_sensor.cpp(170): warning:  #68-D: integer conversion resulted in a change of sign
mrk_uvision_lpc1768\mrk\NanoRk\src\drivers\platform\mbed\ff_basic_sensor.cpp(193): warning:  #68-D: integer conversion resulted in a change of sign
mrk_uvision_lpc1768\mrk\NanoRk\src\drivers\platform\mbed\ff_basic_sensor.cpp(209): warning:  #68-D: integer conversion resulted in a change of sign
mrk_uvision_lpc1768\mrk\NanoRk\src\drivers\platform\mbed\ff_basic_sensor.cpp(265): warning:  #1-D: last line of file ends without a newline
compiling nrk_driver.cpp...
mrk_uvision_lpc1768\mrk\NanoRk\src\kernel\source\nrk_driver.cpp(141): warning:  #186-D: pointless comparison of unsigned integer with zero
compiling bmac.cpp...
mrk_uvision_lpc1768\mrk\NanoRk\src\net\bmac\bmac.cpp(461): warning:  #550-D: variable "result" was set but never used
mrk_uvision_lpc1768\mrk\NanoRk\src\net\bmac\bmac.cpp(502): warning:  #177-D: variable "result" was declared but never referenced
mrk_uvision_lpc1768\mrk\NanoRk\src\net\bmac\bmac.cpp(554): warning:  #550-D: variable "e" was set but never used
mrk_uvision_lpc1768\mrk\NanoRk\src\net\bmac\bmac.cpp(555): warning:  #177-D: variable "backoff" was declared but never referenced
mrk_uvision_lpc1768\mrk\NanoRk\src\net\bmac\bmac.cpp(803): warning:  #1-D: last line of file ends without a newline
mrk_uvision_lpc1768\mrk\NanoRk\src\net\bmac\bmac.cpp(66): warning:  #550-D: variable "g_chan" was set but never used
mrk_uvision_lpc1768\mrk\NanoRk\src\net\bmac\bmac.cpp(72): warning:  #550-D: variable "tx_reserve" was set but never used
compiling basic_rf.cpp...
mrk_uvision_lpc1768\mrk\NanoRk\src\radio\mrf24j40\source\basic_rf.cpp(336): warning:  #61-D: integer operation result is out of range
mrk_uvision_lpc1768\mrk\NanoRk\src\radio\mrf24j40\source\basic_rf.cpp(336): warning:  #68-D: integer conversion resulted in a change of sign
compiling MRF24J40.cpp...
compiling mainNode.cpp...
..\mainNode.cpp(289): warning:  #1441-D: nonstandard cast on lvalue
linking...
Program Size: Code=31902 RO-data=1546 RW-data=336 ZI-data=6096  
User command #1: fromelf --bin -o F:\MRK.bin .\build\MRK.axf
".\build\MRK.axf" - 0 Error(s), 36 Warning(s).
Rebuild target 'mbed NXP LPC1768'
compiling nrk_cpu.cpp...
compiling nrk_status.cpp...
compiling nrk_timer.cpp...
mrk_uvision_lpc1768\mrk\NanoRk\src\kernel\hal\LPC1768\nrk_timer.cpp(177): warning:  #191-D: type qualifier is meaningless on cast type
mrk_uvision_lpc1768\mrk\NanoRk\src\kernel\hal\LPC1768\nrk_timer.cpp(298): warning:  #191-D: type qualifier is meaningless on cast type
compiling nrk_watchdog.cpp...
compiling nrk.cpp...
compiling nrk_error.cpp...
mrk_uvision_lpc1768\mrk\NanoRk\src\kernel\source\nrk_error.cpp(165): warning:  #177-D: variable "i" was declared but never referenced
compiling nrk_events.cpp...
mrk_uvision_lpc1768\mrk\NanoRk\src\kernel\source\nrk_events.cpp(279): warning:  #177-D: variable "task_ID" was declared but never referenced
compiling nrk_idle_task.cpp...
mrk_uvision_lpc1768\mrk\NanoRk\src\kernel\source\nrk_idle_task.cpp(39): warning:  #177-D: variable "stkc" was declared but never referenced
compiling nrk_reserve.cpp...
compiling nrk_scheduler.cpp...
compiling nrk_stack_check.cpp...
compiling nrk_stats.cpp...
compiling nrk_task.cpp...
mrk_uvision_lpc1768\mrk\NanoRk\src\kernel\source\nrk_task.cpp(230): warning:  #550-D: variable "rtype" was set but never used
mrk_uvision_lpc1768\mrk\NanoRk\src\kernel\source\nrk_task.cpp(524): warning:  #191-D: type qualifier is meaningless on cast type
compiling nrk_time.cpp...
compiling hal_wait.cpp...
compiling ulib.cpp...
mrk_uvision_lpc1768\mrk\NanoRk\src\platform\mbed\source\ulib.cpp(338): warning:  #9-D: nested comment is not allowed
mrk_uvision_lpc1768\mrk\NanoRk\src\platform\mbed\source\ulib.cpp(606): warning:  #111-D: statement is unreachable
mrk_uvision_lpc1768\mrk\NanoRk\src\platform\mbed\source\ulib.cpp(657): warning:  #940-D: missing return statement at end of non-void function "nrk_get_button"
mrk_uvision_lpc1768\mrk\NanoRk\src\platform\mbed\source\ulib.cpp(826): warning: C3017W: uClk may be used before being set
assembling my_asm.s...
mrk_uvision_lpc1768\mrk\my_asm.s(93): warning: A1581W: Added 2 bytes of padding at address 0x6a
compiling adc_driver.cpp...
mrk_uvision_lpc1768\mrk\NanoRk\src\drivers\platform\mbed\adc_driver.cpp(69): warning:  #68-D: integer conversion resulted in a change of sign
mrk_uvision_lpc1768\mrk\NanoRk\src\drivers\platform\mbed\adc_driver.cpp(73): warning:  #68-D: integer conversion resulted in a change of sign
mrk_uvision_lpc1768\mrk\NanoRk\src\drivers\platform\mbed\adc_driver.cpp(76): warning:  #68-D: integer conversion resulted in a change of sign
mrk_uvision_lpc1768\mrk\NanoRk\src\drivers\platform\mbed\adc_driver.cpp(96): warning:  #68-D: integer conversion resulted in a change of sign
mrk_uvision_lpc1768\mrk\NanoRk\src\drivers\platform\mbed\adc_driver.cpp(105): warning:  #68-D: integer conversion resulted in a change of sign
compiling ff_basic_sensor.cpp...
mrk_uvision_lpc1768\mrk\NanoRk\src\drivers\platform\mbed\ff_basic_sensor.cpp(68): warning:  #68-D: integer conversion resulted in a change of sign
mrk_uvision_lpc1768\mrk\NanoRk\src\drivers\platform\mbed\ff_basic_sensor.cpp(82): warning:  #68-D: integer conversion resulted in a change of sign
mrk_uvision_lpc1768\mrk\NanoRk\src\drivers\platform\mbed\ff_basic_sensor.cpp(86): warning:  #68-D: integer conversion resulted in a change of sign
mrk_uvision_lpc1768\mrk\NanoRk\src\drivers\platform\mbed\ff_basic_sensor.cpp(89): warning:  #68-D: integer conversion resulted in a change of sign
mrk_uvision_lpc1768\mrk\NanoRk\src\drivers\platform\mbed\ff_basic_sensor.cpp(170): warning:  #68-D: integer conversion resulted in a change of sign
mrk_uvision_lpc1768\mrk\NanoRk\src\drivers\platform\mbed\ff_basic_sensor.cpp(193): warning:  #68-D: integer conversion resulted in a change of sign
mrk_uvision_lpc1768\mrk\NanoRk\src\drivers\platform\mbed\ff_basic_sensor.cpp(209): warning:  #68-D: integer conversion resulted in a change of sign
mrk_uvision_lpc1768\mrk\NanoRk\src\drivers\platform\mbed\ff_basic_sensor.cpp(265): warning:  #1-D: last line of file ends without a newline
compiling nrk_driver.cpp...
[...]
mrk_uvision_lpc1768\mrk\NanoRk\src\drivers\platform\mbed\adc_driver.cpp(105): warning:  #68-D: integer conversion resulted in a change of sign
compiling ff_basic_sensor.cpp...
mrk_uvision_lpc1768\mrk\NanoRk\src\drivers\platform\mbed\ff_basic_sensor.cpp(68): warning:  #68-D: integer conversion resulted in a change of sign
mrk_uvision_lpc1768\mrk\NanoRk\src\drivers\platform\mbed\ff_basic_sensor.cpp(82): warning:  #68-D: integer conversion resulted in a change of sign
mrk_uvision_lpc1768\mrk\NanoRk\src\drivers\platform\mbed\ff_basic_sensor.cpp(86): warning:  #68-D: integer conversion resulted in a change of sign
mrk_uvision_lpc1768\mrk\NanoRk\src\drivers\platform\mbed\ff_basic_sensor.cpp(89): warning:  #68-D: integer conversion resulted in a change of sign
mrk_uvision_lpc1768\mrk\NanoRk\src\drivers\platform\mbed\ff_basic_sensor.cpp(170): warning:  #68-D: integer conversion resulted in a change of sign
mrk_uvision_lpc1768\mrk\NanoRk\src\drivers\platform\mbed\ff_basic_sensor.cpp(193): warning:  #68-D: integer conversion resulted in a change of sign
mrk_uvision_lpc1768\mrk\NanoRk\src\drivers\platform\mbed\ff_basic_sensor.cpp(209): warning:  #68-D: integer conversion resulted in a change of sign
mrk_uvision_lpc1768\mrk\NanoRk\src\drivers\platform\mbed\ff_basic_sensor.cpp(265): warning:  #1-D: last line of file ends without a newline
compiling nrk_driver.cpp...
mrk_uvision_lpc1768\mrk\NanoRk\src\kernel\source\nrk_driver.cpp(141): warning:  #186-D: pointless comparison of unsigned integer with zero
compiling bmac.cpp...
mrk_uvision_lpc1768\mrk\NanoRk\src\net\bmac\bmac.cpp(461): warning:  #550-D: variable "result" was set but never used
mrk_uvision_lpc1768\mrk\NanoRk\src\net\bmac\bmac.cpp(502): warning:  #177-D: variable "result" was declared but never referenced
mrk_uvision_lpc1768\mrk\NanoRk\src\net\bmac\bmac.cpp(554): warning:  #550-D: variable "e" was set but never used
mrk_uvision_lpc1768\mrk\NanoRk\src\net\bmac\bmac.cpp(555): warning:  #177-D: variable "backoff" was declared but never referenced
mrk_uvision_lpc1768\mrk\NanoRk\src\net\bmac\bmac.cpp(803): warning:  #1-D: last line of file ends without a newline
mrk_uvision_lpc1768\mrk\NanoRk\src\net\bmac\bmac.cpp(66): warning:  #550-D: variable "g_chan" was set but never used
mrk_uvision_lpc1768\mrk\NanoRk\src\net\bmac\bmac.cpp(72): warning:  #550-D: variable "tx_reserve" was set but never used
compiling basic_rf.cpp...
mrk_uvision_lpc1768\mrk\NanoRk\src\radio\mrf24j40\source\basic_rf.cpp(336): warning:  #61-D: integer operation result is out of range
mrk_uvision_lpc1768\mrk\NanoRk\src\radio\mrf24j40\source\basic_rf.cpp(336): warning:  #68-D: integer conversion resulted in a change of sign
compiling MRF24J40.cpp...
compiling mainNode.cpp...
..\mainNode.cpp(301): warning:  #1441-D: nonstandard cast on lvalue
..\mainNode.cpp(415): error:  #29: expected an expression
..\mainNode.cpp(419): error:  #28: expression must have a constant value
Target not created
Rebuild target 'mbed NXP LPC1768'
compiling nrk_cpu.cpp...
compiling nrk_status.cpp...
compiling nrk_timer.cpp...
mrk_uvision_lpc1768\mrk\NanoRk\src\kernel\hal\LPC1768\nrk_timer.cpp(177): warning:  #191-D: type qualifier is meaningless on cast type
mrk_uvision_lpc1768\mrk\NanoRk\src\kernel\hal\LPC1768\nrk_timer.cpp(298): warning:  #191-D: type qualifier is meaningless on cast type
compiling nrk_watchdog.cpp...
compiling nrk.cpp...
compiling nrk_error.cpp...
mrk_uvision_lpc1768\mrk\NanoRk\src\kernel\source\nrk_error.cpp(165): warning:  #177-D: variable "i" was declared but never referenced
compiling nrk_events.cpp...
mrk_uvision_lpc1768\mrk\NanoRk\src\kernel\source\nrk_events.cpp(279): warning:  #177-D: variable "task_ID" was declared but never referenced
compiling nrk_idle_task.cpp...
mrk_uvision_lpc1768\mrk\NanoRk\src\kernel\source\nrk_idle_task.cpp(39): warning:  #177-D: variable "stkc" was declared but never referenced
compiling nrk_reserve.cpp...
compiling nrk_scheduler.cpp...
compiling nrk_stack_check.cpp...
compiling nrk_stats.cpp...
compiling nrk_task.cpp...
mrk_uvision_lpc1768\mrk\NanoRk\src\kernel\source\nrk_task.cpp(230): warning:  #550-D: variable "rtype" was set but never used
mrk_uvision_lpc1768\mrk\NanoRk\src\kernel\source\nrk_task.cpp(524): warning:  #191-D: type qualifier is meaningless on cast type
compiling nrk_time.cpp...
compiling hal_wait.cpp...
compiling ulib.cpp...
mrk_uvision_lpc1768\mrk\NanoRk\src\platform\mbed\source\ulib.cpp(338): warning:  #9-D: nested comment is not allowed
mrk_uvision_lpc1768\mrk\NanoRk\src\platform\mbed\source\ulib.cpp(606): warning:  #111-D: statement is unreachable
mrk_uvision_lpc1768\mrk\NanoRk\src\platform\mbed\source\ulib.cpp(657): warning:  #940-D: missing return statement at end of non-void function "nrk_get_button"
mrk_uvision_lpc1768\mrk\NanoRk\src\platform\mbed\source\ulib.cpp(826): warning: C3017W: uClk may be used before being set
assembling my_asm.s...
mrk_uvision_lpc1768\mrk\my_asm.s(93): warning: A1581W: Added 2 bytes of padding at address 0x6a
compiling adc_driver.cpp...
mrk_uvision_lpc1768\mrk\NanoRk\src\drivers\platform\mbed\adc_driver.cpp(69): warning:  #68-D: integer conversion resulted in a change of sign
mrk_uvision_lpc1768\mrk\NanoRk\src\drivers\platform\mbed\adc_driver.cpp(73): warning:  #68-D: integer conversion resulted in a change of sign
mrk_uvision_lpc1768\mrk\NanoRk\src\drivers\platform\mbed\adc_driver.cpp(76): warning:  #68-D: integer conversion resulted in a change of sign
mrk_uvision_lpc1768\mrk\NanoRk\src\drivers\platform\mbed\adc_driver.cpp(96): warning:  #68-D: integer conversion resulted in a change of sign
mrk_uvision_lpc1768\mrk\NanoRk\src\drivers\platform\mbed\adc_driver.cpp(105): warning:  #68-D: integer conversion resulted in a change of sign
compiling ff_basic_sensor.cpp...
mrk_uvision_lpc1768\mrk\NanoRk\src\drivers\platform\mbed\ff_basic_sensor.cpp(68): warning:  #68-D: integer conversion resulted in a change of sign
mrk_uvision_lpc1768\mrk\NanoRk\src\drivers\platform\mbed\ff_basic_sensor.cpp(82): warning:  #68-D: integer conversion resulted in a change of sign
mrk_uvision_lpc1768\mrk\NanoRk\src\drivers\platform\mbed\ff_basic_sensor.cpp(86): warning:  #68-D: integer conversion resulted in a change of sign
mrk_uvision_lpc1768\mrk\NanoRk\src\drivers\platform\mbed\ff_basic_sensor.cpp(89): warning:  #68-D: integer conversion resulted in a change of sign
mrk_uvision_lpc1768\mrk\NanoRk\src\drivers\platform\mbed\ff_basic_sensor.cpp(170): warning:  #68-D: integer conversion resulted in a change of sign
mrk_uvision_lpc1768\mrk\NanoRk\src\drivers\platform\mbed\ff_basic_sensor.cpp(193): warning:  #68-D: integer conversion resulted in a change of sign
mrk_uvision_lpc1768\mrk\NanoRk\src\drivers\platform\mbed\ff_basic_sensor.cpp(209): warning:  #68-D: integer conversion resulted in a change of sign
mrk_uvision_lpc1768\mrk\NanoRk\src\drivers\platform\mbed\ff_basic_sensor.cpp(265): warning:  #1-D: last line of file ends without a newline
compiling nrk_driver.cpp...
mrk_uvision_lpc1768\mrk\NanoRk\src\kernel\source\nrk_driver.cpp(141): warning:  #186-D: pointless comparison of unsigned integer with zero
compiling bmac.cpp...
mrk_uvision_lpc1768\mrk\NanoRk\src\net\bmac\bmac.cpp(461): warning:  #550-D: variable "result" was set but never used
mrk_uvision_lpc1768\mrk\NanoRk\src\net\bmac\bmac.cpp(502): warning:  #177-D: variable "result" was declared but never referenced
mrk_uvision_lpc1768\mrk\NanoRk\src\net\bmac\bmac.cpp(554): warning:  #550-D: variable "e" was set but never used
mrk_uvision_lpc1768\mrk\NanoRk\src\net\bmac\bmac.cpp(555): warning:  #177-D: variable "backoff" was declared but never referenced
mrk_uvision_lpc1768\mrk\NanoRk\src\net\bmac\bmac.cpp(803): warning:  #1-D: last line of file ends without a newline
mrk_uvision_lpc1768\mrk\NanoRk\src\net\bmac\bmac.cpp(66): warning:  #550-D: variable "g_chan" was set but never used
mrk_uvision_lpc1768\mrk\NanoRk\src\net\bmac\bmac.cpp(72): warning:  #550-D: variable "tx_reserve" was set but never used
compiling basic_rf.cpp...
mrk_uvision_lpc1768\mrk\NanoRk\src\radio\mrf24j40\source\basic_rf.cpp(336): warning:  #61-D: integer operation result is out of range
mrk_uvision_lpc1768\mrk\NanoRk\src\radio\mrf24j40\source\basic_rf.cpp(336): warning:  #68-D: integer conversion resulted in a change of sign
compiling MRF24J40.cpp...
compiling mainNode.cpp...
..\mainNode.cpp(301): warning:  #1441-D: nonstandard cast on lvalue
linking...
Program Size: Code=32406 RO-data=1546 RW-data=340 ZI-data=4160  
User command #1: fromelf --bin -o F:\MRK.bin .\build\MRK.axf
Error: Q0108E: Could not create output file 'F:\MRK.bin': No such file or directory
Finished: 0 information, 0 warning and 1 error messages.
".\build\MRK.axf" - 0 Error(s), 36 Warning(s).
Build target 'mbed NXP LPC1768'
compiling mainNode.cpp...
..\mainNode.cpp(301): warning:  #1441-D: nonstandard cast on lvalue
linking...
Program Size: Code=32418 RO-data=1546 RW-data=340 ZI-data=4160  
User command #1: fromelf --bin -o F:\MRK.bin .\build\MRK.axf
Error: Q0108E: Could not create output file 'F:\MRK.bin': No such file or directory
Finished: 0 information, 0 warning and 1 error messages.
".\build\MRK.axf" - 0 Error(s), 1 Warning(s).
Build target 'mbed NXP LPC1768'
linking...
Program Size: Code=32418 RO-data=1546 RW-data=340 ZI-data=4160  
User command #1: fromelf --bin -o F:\MRK.bin .\build\MRK.axf
Error: Q0108E: Could not create output file 'F:\MRK.bin': No such file or directory
Finished: 0 information, 0 warning and 1 error messages.
".\build\MRK.axf" - 0 Error(s), 0 Warning(s).
Build target 'mbed NXP LPC1768'
compiling mainNode.cpp...
..\mainNode.cpp(96): error:  #20: identifier "RouteRequestRx" is undefined
..\mainNode.cpp(99): error:  #20: identifier "RouteReplyRx" is undefined
..\mainNode.cpp(102): error:  #20: identifier "DataRx" is undefined
..\mainNode.cpp(105): error:  #20: identifier "DackRx" is undefined
..\mainNode.cpp(109): error:  #29: expected an expression
..\mainNode.cpp(110): error:  #18: expected a ")"
..\mainNode.cpp(108): error:  #20: identifier "RsalRx" is undefined
..\mainNode.cpp(156): error:  #20: identifier "DataTx" is undefined
..\mainNode.cpp(226): error:  #20: identifier "RouteReplyTx" is undefined
..\mainNode.cpp(238): error:  #20: identifier "RouteReplyTx" is undefined
..\mainNode.cpp(251): error:  #20: identifier "RouteReplyTx" is undefined
..\mainNode.cpp(303): warning:  #1441-D: nonstandard cast on lvalue
..\mainNode.cpp(361): error:  #20: identifier "RsalInitiate" is undefined
..\mainNode.cpp(426): error:  #20: identifier "RsalTx" is undefined
Target not created
Build target 'mbed NXP LPC1768'
compiling mainNode.cpp...
..\mainNode.cpp(55): error:  #130: expected a "{"
..\mainNode.cpp(77): warning:  #12-D: parsing restarts here after previous syntax error
..\mainNode.cpp(82): error:  #20: identifier "nrk_create_taskset" is undefined
..\mainNode.cpp(84): error:  #120: return value type does not match the function type
..\mainNode.cpp(106): error:  #20: identifier "DackRx" is undefined
..\mainNode.cpp(110): error:  #29: expected an expression
..\mainNode.cpp(111): error:  #18: expected a ")"
..\mainNode.cpp(109): error:  #20: identifier "RsalRx" is undefined
..\mainNode.cpp(135): error:  #247: function "DackTx" has already been defined
..\mainNode.cpp(300): error:  #20: identifier "rx_buf" is undefined
..\mainNode.cpp(304): warning:  #1441-D: nonstandard cast on lvalue
..\mainNode.cpp(330): error:  #20: identifier "tx_buf" is undefined
..\mainNode.cpp(333): error:  #20: identifier "tx_buf" is undefined
..\mainNode.cpp(362): error:  #20: identifier "RsalInitiate" is undefined
..\mainNode.cpp(378): error:  #20: identifier "tx_buf" is undefined
..\mainNode.cpp(381): error:  #20: identifier "tx_buf" is undefined
..\mainNode.cpp(427): error:  #20: identifier "RsalTx" is undefined
..\mainNode.cpp(452): error:  #20: identifier "RX_TASK" is undefined
..\mainNode.cpp(453): error:  #20: identifier "rx_task_stack" is undefined
..\mainNode.cpp(466): error:  #20: identifier "TX_TASK" is undefined
..\mainNode.cpp(467): error:  #20: identifier "tx_task_stack" is undefined
..\mainNode.cpp(480): error:  #20: identifier "INTER_TX_TASK" is undefined
..\mainNode.cpp(481): error:  #20: identifier "inter_tx_task_stack" is undefined
Target not created
Build target 'mbed NXP LPC1768'
compiling mainNode.cpp...
..\mainNode.cpp(110): error:  #29: expected an expression
..\mainNode.cpp(111): error:  #18: expected a ")"
..\mainNode.cpp(111): error:  #165: too few arguments in function call
..\mainNode.cpp(304): warning:  #1441-D: nonstandard cast on lvalue
Target not created
Build target 'mbed NXP LPC1768'
compiling mainNode.cpp...
..\mainNode.cpp(304): warning:  #1441-D: nonstandard cast on lvalue
linking...
Program Size: Code=32570 RO-data=1546 RW-data=340 ZI-data=4160  
User command #1: fromelf --bin -o F:\MRK.bin .\build\MRK.axf
Error: Q0108E: Could not create output file 'F:\MRK.bin': No such file or directory
Finished: 0 information, 0 warning and 1 error messages.
".\build\MRK.axf" - 0 Error(s), 1 Warning(s).
Build target 'mbed NXP LPC1768'
linking...
Program Size: Code=32570 RO-data=1546 RW-data=340 ZI-data=4160  
User command #1: fromelf --bin -o F:\MRK.bin .\build\MRK.axf
Error: Q0108E: Could not create output file 'F:\MRK.bin': No such file or directory
Finished: 0 information, 0 warning and 1 error messages.
".\build\MRK.axf" - 0 Error(s), 0 Warning(s).
Build target 'mbed NXP LPC1768'
compiling mainNode.cpp...
..\mainNode.cpp(303): warning:  #1441-D: nonstandard cast on lvalue
linking...
Program Size: Code=32570 RO-data=1546 RW-data=340 ZI-data=4160  
User command #1: fromelf --bin -o F:\MRK.bin .\build\MRK.axf
Error: Q0108E: Could not create output file 'F:\MRK.bin': No such file or directory
Finished: 0 information, 0 warning and 1 error messages.
".\build\MRK.axf" - 0 Error(s), 1 Warning(s).
Build target 'mbed NXP LPC1768'
compiling mainNode.cpp...
..\mainNode.cpp(303): warning:  #1441-D: nonstandard cast on lvalue
linking...
Program Size: Code=32570 RO-data=1546 RW-data=340 ZI-data=4160  
User command #1: fromelf --bin -o F:\MRK.bin .\build\MRK.axf
".\build\MRK.axf" - 0 Error(s), 1 Warning(s).
Build target 'mbed NXP LPC1768'
compiling mainNode.cpp...
..\mainNode.cpp(303): warning:  #1441-D: nonstandard cast on lvalue
linking...
Program Size: Code=32566 RO-data=1546 RW-data=340 ZI-data=4160  
User command #1: fromelf --bin -o F:\MRK.bin .\build\MRK.axf
".\build\MRK.axf" - 0 Error(s), 1 Warning(s).
Build target 'mbed NXP LPC1768'
compiling mainNode.cpp...
..\mainNode.cpp(303): warning:  #1441-D: nonstandard cast on lvalue
linking...
Program Size: Code=32570 RO-data=1546 RW-data=340 ZI-data=4160  
User command #1: fromelf --bin -o F:\MRK.bin .\build\MRK.axf
".\build\MRK.axf" - 0 Error(s), 1 Warning(s).
Build target 'mbed NXP LPC1768'
compiling mainNode.cpp...
..\mainNode.cpp(304): warning:  #1441-D: nonstandard cast on lvalue
linking...
Program Size: Code=32586 RO-data=1546 RW-data=340 ZI-data=4160  
User command #1: fromelf --bin -o F:\MRK.bin .\build\MRK.axf
".\build\MRK.axf" - 0 Error(s), 1 Warning(s).
Build target 'mbed NXP LPC1768'
compiling mainNode.cpp...
..\mainNode.cpp(304): warning:  #1441-D: nonstandard cast on lvalue
linking...
Program Size: Code=32586 RO-data=1546 RW-data=340 ZI-data=4160  
User command #1: fromelf --bin -o F:\MRK.bin .\build\MRK.axf
".\build\MRK.axf" - 0 Error(s), 1 Warning(s).
Build target 'mbed NXP LPC1768'
compiling mainNode.cpp...
..\mainNode.cpp(304): warning:  #1441-D: nonstandard cast on lvalue
linking...
Program Size: Code=32586 RO-data=1546 RW-data=340 ZI-data=4160  
User command #1: fromelf --bin -o F:\MRK.bin .\build\MRK.axf
".\build\MRK.axf" - 0 Error(s), 1 Warning(s).
Build target 'mbed NXP LPC1768'
compiling mainNode.cpp...
..\mainNode.cpp(303): error:  #20: identifier "nrk_led_clear" is undefined
..\mainNode.cpp(306): warning:  #1441-D: nonstandard cast on lvalue
Target not created
Build target 'mbed NXP LPC1768'
compiling mainNode.cpp...
..\mainNode.cpp(306): warning:  #1441-D: nonstandard cast on lvalue
linking...
Program Size: Code=32630 RO-data=1546 RW-data=340 ZI-data=4160  
User command #1: fromelf --bin -o F:\MRK.bin .\build\MRK.axf
".\build\MRK.axf" - 0 Error(s), 1 Warning(s).
Build target 'mbed NXP LPC1768'
compiling mainNode.cpp...
..\mainNode.cpp(306): warning:  #1441-D: nonstandard cast on lvalue
linking...
Program Size: Code=32626 RO-data=1546 RW-data=340 ZI-data=4160  
User command #1: fromelf --bin -o F:\MRK.bin .\build\MRK.axf
Error: Q0108E: Could not create output file 'F:\MRK.bin': No such file or directory
Finished: 0 information, 0 warning and 1 error messages.
".\build\MRK.axf" - 0 Error(s), 1 Warning(s).
Build target 'mbed NXP LPC1768'
linking...
Program Size: Code=32626 RO-data=1546 RW-data=340 ZI-data=4160  
User command #1: fromelf --bin -o F:\MRK.bin .\build\MRK.axf
".\build\MRK.axf" - 0 Error(s), 0 Warning(s).
Build target 'mbed NXP LPC1768'
linking...
Program Size: Code=32626 RO-data=1546 RW-data=340 ZI-data=4160  
User command #1: fromelf --bin -o F:\MRK.bin .\build\MRK.axf
".\build\MRK.axf" - 0 Error(s), 0 Warning(s).
Build target 'mbed NXP LPC1768'
compiling mainNode.cpp...
..\mainNode.cpp(306): warning:  #1441-D: nonstandard cast on lvalue
linking...
Program Size: Code=32630 RO-data=1546 RW-data=340 ZI-data=4160  
User command #1: fromelf --bin -o F:\MRK.bin .\build\MRK.axf
".\build\MRK.axf" - 0 Error(s), 1 Warning(s).
Build target 'mbed NXP LPC1768'
compiling mainNode.cpp...
..\mainNode.cpp(306): warning:  #1441-D: nonstandard cast on lvalue
linking...
Program Size: Code=32630 RO-data=1546 RW-data=340 ZI-data=4160  
User command #1: fromelf --bin -o F:\MRK.bin .\build\MRK.axf
".\build\MRK.axf" - 0 Error(s), 1 Warning(s).
Build target 'mbed NXP LPC1768'
compiling mainNode.cpp...
..\mainNode.cpp(306): warning:  #1441-D: nonstandard cast on lvalue
linking...
Program Size: Code=32622 RO-data=1546 RW-data=340 ZI-data=4160  
User command #1: fromelf --bin -o F:\MRK.bin .\build\MRK.axf
".\build\MRK.axf" - 0 Error(s), 1 Warning(s).
Build target 'mbed NXP LPC1768'
compiling mainNode.cpp...
..\mainNode.cpp(306): warning:  #1441-D: nonstandard cast on lvalue
linking...
Program Size: Code=32622 RO-data=1546 RW-data=340 ZI-data=4160  
User command #1: fromelf --bin -o F:\MRK.bin .\build\MRK.axf
".\build\MRK.axf" - 0 Error(s), 1 Warning(s).
Build target 'mbed NXP LPC1768'
compiling mainNode.cpp...
..\mainNode.cpp(306): warning:  #1441-D: nonstandard cast on lvalue
linking...
Program Size: Code=32622 RO-data=1546 RW-data=340 ZI-data=4160  
User command #1: fromelf --bin -o F:\MRK.bin .\build\MRK.axf
".\build\MRK.axf" - 0 Error(s), 1 Warning(s).
Build target 'mbed NXP LPC1768'
compiling mainNode.cpp...
..\mainNode.cpp(306): warning:  #1441-D: nonstandard cast on lvalue
linking...
Program Size: Code=32618 RO-data=1546 RW-data=340 ZI-data=4160  
User command #1: fromelf --bin -o F:\MRK.bin .\build\MRK.axf
".\build\MRK.axf" - 0 Error(s), 1 Warning(s).
Build target 'mbed NXP LPC1768'
compiling mainNode.cpp...
..\mainNode.cpp(306): warning:  #1441-D: nonstandard cast on lvalue
linking...
Program Size: Code=32622 RO-data=1546 RW-data=340 ZI-data=4160  
User command #1: fromelf --bin -o F:\MRK.bin .\build\MRK.axf
".\build\MRK.axf" - 0 Error(s), 1 Warning(s).
Build target 'mbed NXP LPC1768'
compiling mainNode.cpp...
..\mainNode.cpp(306): warning:  #1441-D: nonstandard cast on lvalue
linking...
Program Size: Code=32622 RO-data=1546 RW-data=340 ZI-data=4160  
User command #1: fromelf --bin -o F:\MRK.bin .\build\MRK.axf
".\build\MRK.axf" - 0 Error(s), 1 Warning(s).
