ARM Linker, 5.02 [Build 28] [MDK-ARM Standard]

==============================================================================

Section Cross References

    nrk_cpu.o(i._Z16nrk_target_startv) refers to nrk_timer.o(i._Z16_nrk_setup_timerv) for _nrk_setup_timer()
    nrk_cpu.o(i._Z16nrk_task_set_stkP9task_typePjt) refers to nrk_error.o(i._Z13nrk_error_addh) for nrk_error_add(unsigned char)
    nrk_cpu.o(i._Z22nrk_stack_pointer_initv) refers to nrk.o(.bss) for nrk_kernel_stk
    nrk_cpu.o(i._Z22nrk_stack_pointer_initv) refers to nrk.o(.data) for nrk_kernel_stk_ptr
    nrk_cpu.o(i._Z22nrk_stack_pointer_initv) refers to nrk.o(i._nrk_timer_tick) for _nrk_timer_tick
    nrk_cpu.o(i._Z25nrk_stack_pointer_restorev) refers to nrk.o(.bss) for nrk_kernel_stk
    nrk_cpu.o(i._Z25nrk_stack_pointer_restorev) refers to nrk.o(i._nrk_timer_tick) for _nrk_timer_tick
    nrk_cpu.o(i._Z25nrk_stack_pointer_restorev) refers to nrk.o(.data) for nrk_kernel_stk_ptr
    nrk_cpu.o(.ARM.exidx) refers to nrk_cpu.o(i._Z16nrk_battery_savev) for i._Z16nrk_battery_savev
    nrk_cpu.o(.ARM.exidx) refers to nrk_cpu.o(i._Z9nrk_sleepv) for i._Z9nrk_sleepv
    nrk_cpu.o(.ARM.exidx) refers to nrk_cpu.o(i._Z8nrk_idlev) for i._Z8nrk_idlev
    nrk_cpu.o(.ARM.exidx) refers to nrk_cpu.o(i._Z27nrk_task_set_entry_functionP9task_typePFvvE) for i._Z27nrk_task_set_entry_functionP9task_typePFvvE
    nrk_cpu.o(.ARM.exidx) refers to nrk_cpu.o(i._Z16nrk_task_set_stkP9task_typePjt) for i._Z16nrk_task_set_stkP9task_typePjt
    nrk_cpu.o(.ARM.exidx) refers to nrk_cpu.o(i._Z17nrk_task_stk_initPFvvEPjS1_) for i._Z17nrk_task_stk_initPFvvEPjS1_
    nrk_cpu.o(.ARM.exidx) refers to nrk_cpu.o(i._Z22nrk_stack_pointer_initv) for i._Z22nrk_stack_pointer_initv
    nrk_cpu.o(.ARM.exidx) refers to nrk_cpu.o(i._Z25nrk_stack_pointer_restorev) for i._Z25nrk_stack_pointer_restorev
    nrk_cpu.o(.ARM.exidx) refers to nrk_cpu.o(i._Z16nrk_target_startv) for i._Z16nrk_target_startv
    nrk_status.o(.ARM.exidx) refers to nrk_status.o(i._Z18_nrk_startup_errorv) for i._Z18_nrk_startup_errorv
    nrk_timer.o(i.TIMER0_IRQHandler) refers to my_asm.o(.text) for _swap
    nrk_timer.o(i._Z16_nrk_setup_timerv) refers to nrk_timer.o(i._Z14NVIC_EnableIRQ4IRQn) for NVIC_EnableIRQ(IRQn)
    nrk_timer.o(i._Z16_nrk_setup_timerv) refers to nrk_timer.o(i._Z19_nrk_os_timer_resetv) for _nrk_os_timer_reset()
    nrk_timer.o(i._Z16_nrk_setup_timerv) refers to nrk_timer.o(i._Z19_nrk_os_timer_startv) for _nrk_os_timer_start()
    nrk_timer.o(i._Z16_nrk_setup_timerv) refers to nrk_timer.o(.data) for .data
    nrk_timer.o(i._Z16nrk_spin_wait_usj) refers to wait_api.c.lpc1768.arm.o(i.wait_us) for wait_us
    nrk_timer.o(i._Z19_nrk_os_timer_resetv) refers to nrk_timer.o(.data) for .data
    nrk_timer.o(i._Z25nrk_high_speed_timer_waittt) refers to nrk_timer.o(i._Z25_nrk_high_speed_timer_getv) for _nrk_high_speed_timer_get()
    nrk_timer.o(.ARM.exidx) refers to nrk_timer.o(i._Z16nrk_spin_wait_usj) for i._Z16nrk_spin_wait_usj
    nrk_timer.o(.ARM.exidx) refers to nrk_timer.o(i._Z19_nrk_os_timer_startv) for i._Z19_nrk_os_timer_startv
    nrk_timer.o(.ARM.exidx) refers to nrk_timer.o(i._Z19_nrk_os_timer_resetv) for i._Z19_nrk_os_timer_resetv
    nrk_timer.o(.ARM.exidx) refers to nrk_timer.o(i._Z16_nrk_setup_timerv) for i._Z16_nrk_setup_timerv
    nrk_timer.o(.ARM.exidx) refers to nrk_timer.o(i._Z26_nrk_high_speed_timer_stopv) for i._Z26_nrk_high_speed_timer_stopv
    nrk_timer.o(.ARM.exidx) refers to nrk_timer.o(i._Z27_nrk_high_speed_timer_startv) for i._Z27_nrk_high_speed_timer_startv
    nrk_timer.o(.ARM.exidx) refers to nrk_timer.o(i._Z27_nrk_high_speed_timer_resetv) for i._Z27_nrk_high_speed_timer_resetv
    nrk_timer.o(.ARM.exidx) refers to nrk_timer.o(i._Z25_nrk_high_speed_timer_getv) for i._Z25_nrk_high_speed_timer_getv
    nrk_timer.o(.ARM.exidx) refers to nrk_timer.o(i._Z25nrk_high_speed_timer_waittt) for i._Z25nrk_high_speed_timer_waittt
    nrk_timer.o(.ARM.exidx) refers to nrk_timer.o(i._Z18_nrk_os_timer_stopv) for i._Z18_nrk_os_timer_stopv
    nrk_timer.o(.ARM.exidx) refers to nrk_timer.o(i._Z17_nrk_os_timer_seth) for i._Z17_nrk_os_timer_seth
    nrk_timer.o(.ARM.exidx) refers to nrk_timer.o(i._Z20_nrk_get_next_wakeupv) for i._Z20_nrk_get_next_wakeupv
    nrk_timer.o(.ARM.exidx) refers to nrk_timer.o(i._Z20_nrk_set_next_wakeuph) for i._Z20_nrk_set_next_wakeuph
    nrk_timer.o(.ARM.exidx) refers to nrk_timer.o(i._Z18nrk_timer_int_stoph) for i._Z18nrk_timer_int_stoph
    nrk_timer.o(.ARM.exidx) refers to nrk_timer.o(i._Z19nrk_timer_int_reseth) for i._Z19nrk_timer_int_reseth
    nrk_timer.o(.ARM.exidx) refers to nrk_timer.o(i._Z18nrk_timer_int_readh) for i._Z18nrk_timer_int_readh
    nrk_timer.o(.ARM.exidx) refers to nrk_timer.o(i._Z19nrk_timer_int_starth) for i._Z19nrk_timer_int_starth
    nrk_timer.o(.ARM.exidx) refers to nrk_timer.o(i._Z23nrk_timer_int_configurehttPv) for i._Z23nrk_timer_int_configurehttPv
[...]
    rf_init(RF_RX_INFO*, unsigned char, unsigned short, unsigned short) 0x00006495   Thumb Code    68  basic_rf.o(i._Z7rf_initP10RF_RX_INFOhtt)
    rx_task()                                0x000064e5   Thumb Code   116  mainnode.o(i._Z7rx_taskv)
    tx_task()                                0x00006565   Thumb Code   404  mainnode.o(i._Z7tx_taskv)
    _bmac_rx()                               0x00006709   Thumb Code   100  bmac.o(i._Z8_bmac_rxv)
    _bmac_tx()                               0x00006771   Thumb Code   190  bmac.o(i._Z8_bmac_txv)
    init_adc()                               0x00006839   Thumb Code   240  adc_driver.o(i._Z8init_adcv)
    mrf_init()                               0x00006935   Thumb Code    28  mrf24j40.o(i._Z8mrf_initv)
    mrf_rssi()                               0x00006955   Thumb Code    42  mrf24j40.o(i._Z8mrf_rssiv)
    nrk_init()                               0x00006981   Thumb Code   154  nrk.o(i._Z8nrk_initv)
    nrk_open(unsigned char, unsigned char)   0x00006a2d   Thumb Code    96  nrk_driver.o(i._Z8nrk_openhh)
    nrk_read(unsigned char, unsigned char*, unsigned char) 0x00006a91   Thumb Code    48  nrk_driver.o(i._Z8nrk_readhPhh)
    nrk_wait(nrk_time_t)                     0x00006ac5   Thumb Code    74  nrk_task.o(i._Z8nrk_wait10nrk_time_t)
    rf_rx_on()                               0x00006b19   Thumb Code    18  basic_rf.o(i._Z8rf_rx_onv)
    PORT_INIT()                              0x00006b35   Thumb Code    22  ulib.o(i._Z9PORT_INITv)
    bmac_init(unsigned char)                 0x00006b4d   Thumb Code   112  bmac.o(i._Z9bmac_inith)
    initDEBUG()                              0x00006c1d   Thumb Code   150  ulib.o(i._Z9initDEBUGv)
    mrf_reset()                              0x00006cb9   Thumb Code   222  mrf24j40.o(i._Z9mrf_resetv)
    nrk_close(unsigned char)                 0x00006d99   Thumb Code    48  nrk_driver.o(i._Z9nrk_closeh)
    nrk_start()                              0x00006dcd   Thumb Code   124  nrk.o(i._Z9nrk_startv)
    rf_rx_off()                              0x00006e55   Thumb Code    18  basic_rf.o(i._Z9rf_rx_offv)
    mbed::Base::clear(const char*, char*)    0x00006e71   Thumb Code    42  Base.cpp.lpc1768.arm.o(i._ZN4mbed4Base5clearEPKcPc)
    mbed::Base::lookup(const char*, unsigned) 0x00006ea1   Thumb Code    50  Base.cpp.lpc1768.arm.o(i._ZN4mbed4Base6lookupEPKcj)
    mbed::Base::list_objs(const char*, char*) 0x00006ed9   Thumb Code    56  Base.cpp.lpc1768.arm.o(i._ZN4mbed4Base9list_objsEPKcPc)
    std::type_info::operator ==(const std::type_info&) const 0x00006f19   Thumb Code    32  type_info_eq.o(i._ZNKSt9type_infoeqERKS_)
    operator delete[] (void*)                0x00006f39   Thumb Code     8  array_del.o(i._ZdaPv)
    operator delete (void*)                  0x00006f41   Thumb Code     8  delete.o(i._ZdlPv)
    __ARM_common_get_typeid                  0x00006f49   Thumb Code    32  rtti.o(i.__ARM_common_get_typeid)
    __ARM_fpclassify                         0x00006f69   Thumb Code    40  fpclassify.o(i.__ARM_fpclassify)
    __derived_to_base_conversion             0x00006f91   Thumb Code   106  rtti.o(i.__derived_to_base_conversion)
    __dynamic_cast                           0x00007001   Thumb Code   166  rtti.o(i.__dynamic_cast)
    __mathlib_dbl_underflow                  0x000070b1   Thumb Code    10  dunder.o(i.__mathlib_dbl_underflow)
    __mathlib_flt_underflow                  0x000070c1   Thumb Code    10  funder.o(i.__mathlib_flt_underflow)
    __mathlib_narrow                         0x000070cb   Thumb Code    16  narrow.o(i.__mathlib_narrow)
    __mathlib_tofloat                        0x000070dd   Thumb Code   132  narrow.o(i.__mathlib_tofloat)
    __support_ldexp                          0x00007165   Thumb Code    22  ldexp.o(i.__support_ldexp)
    __user_setup_stackheap                   0x0000717d   Thumb Code     8  stackheap.o(i.__user_setup_stackheap)
    _is_digit                                0x00007189   Thumb Code    14  __printf_wp.o(i._is_digit)
    _nrk_timer_tick                          0x00007197   Thumb Code     4  nrk.o(i._nrk_timer_tick)
    _sys_close                               0x0000719d   Thumb Code    40  stdio.cpp.lpc1768.arm.o(i._sys_close)
    _sys_flen                                0x000071c9   Thumb Code    34  stdio.cpp.lpc1768.arm.o(i._sys_flen)
    _sys_istty                               0x000071f1   Thumb Code    34  stdio.cpp.lpc1768.arm.o(i._sys_istty)
    _sys_open                                0x00007219   Thumb Code   348  stdio.cpp.lpc1768.arm.o(i._sys_open)
    _sys_seek                                0x0000739d   Thumb Code    40  stdio.cpp.lpc1768.arm.o(i._sys_seek)
    _sys_write                               0x000073c9   Thumb Code    76  stdio.cpp.lpc1768.arm.o(i._sys_write)
    exit                                     0x0000741d   Thumb Code    22  exit.c.lpc1768.arm.o(i.exit)
    fputc                                    0x00007433   Thumb Code    26  fputc.o(i.fputc)
    frexp                                    0x0000744d   Thumb Code    80  frexp.o(i.frexp)
    gpio_output                              0x000074a5   Thumb Code    48  gpio_api.c.lpc1768.arm.o(i.gpio_output)
    gpio_write                               0x000074d5   Thumb Code    24  gpio_api.c.lpc1768.arm.o(i.gpio_write)
    ldexp                                    0x000074ed   Thumb Code   126  ldexp.o(i.ldexp)
    main                                     0x0000756b   Thumb Code    36  mainnode.o(i.main)
    mbed_die                                 0x00007591   Thumb Code   114  utils_api.c.lpc1768.arm.o(i.mbed_die)
    pin_function                             0x00007609   Thumb Code    52  pinmap.c.lpc1768.arm.o(i.pin_function)
    pin_mode                                 0x00007641   Thumb Code    52  pinmap.c.lpc1768.arm.o(i.pin_mode)
    pinmap_merge                             0x00007679   Thumb Code    36  pinmap.c.lpc1768.arm.o(i.pinmap_merge)
    pinmap_peripheral                        0x000076b5   Thumb Code    50  pinmap.c.lpc1768.arm.o(i.pinmap_peripheral)
    pinmap_pinout                            0x0000770d   Thumb Code   134  pinmap.c.lpc1768.arm.o(i.pinmap_pinout)
    scalbnf                                  0x000077b1   Thumb Code    90  scalbnf.o(i.scalbnf)
    semihost_exit                            0x0000780b   Thumb Code    12  semihost_api.c.lpc1768.arm.o(i.semihost_exit)
    serial_baud                              0x00007819   Thumb Code   218  serial_api.c.lpc1768.arm.o(i.serial_baud)
    serial_format                            0x00007919   Thumb Code   132  serial_api.c.lpc1768.arm.o(i.serial_format)
    serial_init                              0x000079ad   Thumb Code   178  serial_api.c.lpc1768.arm.o(i.serial_init)
    serial_putc                              0x00007a91   Thumb Code    12  serial_api.c.lpc1768.arm.o(i.serial_putc)
    timer_frequency                          0x00007a9d   Thumb Code    16  timer_api.c.lpc1768.arm.o(i.timer_frequency)
    timer_init                               0x00007ab1   Thumb Code   100  timer_api.c.lpc1768.arm.o(i.timer_init)
    timer_read                               0x00007b21   Thumb Code     4  timer_api.c.lpc1768.arm.o(i.timer_read)
    timer_start                              0x00007b25   Thumb Code    12  timer_api.c.lpc1768.arm.o(i.timer_start)
    us_ticker_read                           0x00007b31   Thumb Code    44  us_ticker_api.c.lpc1768.arm.o(i.us_ticker_read)
    wait_ms                                  0x00007b69   Thumb Code    28  wait_api.c.lpc1768.arm.o(i.wait_ms)
    wait_us                                  0x00007b85   Thumb Code    22  wait_api.c.lpc1768.arm.o(i.wait_us)
    _get_lc_numeric                          0x00007b9d   Thumb Code    44  lc_numeric_c.o(locale$$code)
    _get_lc_ctype                            0x00007bc9   Thumb Code    44  lc_ctype_c.o(locale$$code)
    __aeabi_d2f                              0x00007bf5   Thumb Code     0  d2f.o(x$fpl$d2f)
    _d2f                                     0x00007bf5   Thumb Code    98  d2f.o(x$fpl$d2f)
    __fpl_dcheck_NaN1                        0x00007c59   Thumb Code    10  dcheck1.o(x$fpl$dcheck1)
    __fpl_dcmp_Inf                           0x00007c69   Thumb Code    24  dcmpi.o(x$fpl$dcmpinf)
    __aeabi_cdcmpeq                          0x00007c81   Thumb Code     0  deqf.o(x$fpl$deqf)
    _dcmpeq                                  0x00007c81   Thumb Code   120  deqf.o(x$fpl$deqf)
    __aeabi_cdcmple                          0x00007cf9   Thumb Code     0  dleqf.o(x$fpl$dleqf)
    _dcmple                                  0x00007cf9   Thumb Code   120  dleqf.o(x$fpl$dleqf)
    __fpl_dcmple_InfNaN                      0x00007d5b   Thumb Code     0  dleqf.o(x$fpl$dleqf)
    __fpl_dnaninf                            0x00007d71   Thumb Code   156  dnaninf.o(x$fpl$dnaninf)
    __aeabi_cdrcmple                         0x00007e0d   Thumb Code     0  drleqf.o(x$fpl$drleqf)
    _drcmple                                 0x00007e0d   Thumb Code   108  drleqf.o(x$fpl$drleqf)
    __aeabi_fadd                             0x00007e79   Thumb Code     0  faddsub_clz.o(x$fpl$fadd)
    _fadd                                    0x00007e79   Thumb Code   196  faddsub_clz.o(x$fpl$fadd)
    __fpl_fcheck_NaN1                        0x00007f3d   Thumb Code     6  fcheck1.o(x$fpl$fcheck1)
    __aeabi_fdiv                             0x00007f49   Thumb Code     0  fdiv.o(x$fpl$fdiv)
    _fdiv                                    0x00007f49   Thumb Code   384  fdiv.o(x$fpl$fdiv)
    __aeabi_f2iz                             0x000080cd   Thumb Code     0  ffix.o(x$fpl$ffix)
    _ffix                                    0x000080cd   Thumb Code    54  ffix.o(x$fpl$ffix)
    __aeabi_i2f                              0x00008105   Thumb Code     0  fflt_clz.o(x$fpl$fflt)
    _fflt                                    0x00008105   Thumb Code    48  fflt_clz.o(x$fpl$fflt)
    __aeabi_ui2f                             0x00008135   Thumb Code     0  fflt_clz.o(x$fpl$ffltu)
    _ffltu                                   0x00008135   Thumb Code    38  fflt_clz.o(x$fpl$ffltu)
    __aeabi_fmul                             0x0000815d   Thumb Code     0  fmul.o(x$fpl$fmul)
    _fmul                                    0x0000815d   Thumb Code   258  fmul.o(x$fpl$fmul)
    __fpl_fnaninf                            0x0000825f   Thumb Code   140  fnaninf.o(x$fpl$fnaninf)
    __fpl_fretinf                            0x000082eb   Thumb Code    10  fretinf.o(x$fpl$fretinf)
    __aeabi_fsub                             0x000082f5   Thumb Code     0  faddsub_clz.o(x$fpl$fsub)
    _fsub                                    0x000082f5   Thumb Code   234  faddsub_clz.o(x$fpl$fsub)
    _printf_fp_dec                           0x000083df   Thumb Code     4  printf1.o(x$fpl$printf1)
    _printf_fp_hex                           0x000083e3   Thumb Code     4  printf2.o(x$fpl$printf2)
    __fpl_return_NaN                         0x000083e7   Thumb Code   100  retnan.o(x$fpl$retnan)
    __ARM_scalbn                             0x0000844b   Thumb Code    92  scalbn.o(x$fpl$scalbn)
    __ARM_scalbnf                            0x000084a7   Thumb Code    76  scalbnf.o(x$fpl$scalbnf)
    _scanf_real                              0x000084f3   Thumb Code     4  scanf1.o(x$fpl$scanf1)
    _scanf_hex_real                          0x000084f7   Thumb Code     4  scanf2.o(x$fpl$scanf2)
    _scanf_infnan                            0x000084fb   Thumb Code     4  scanf2.o(x$fpl$scanf2)
    __fpl_cmpreturn                          0x000084ff   Thumb Code    48  trapv.o(x$fpl$trapveneer)
    __I$use$fp                               0x0000852e   Number         0  usenofp.o(x$fpl$usenofp)
    __stdin_name                             0x00008567   Data           7  stdio.cpp.lpc1768.arm.o(.constdata)
    __stdout_name                            0x0000856e   Data           8  stdio.cpp.lpc1768.arm.o(.constdata)
    __stderr_name                            0x00008576   Data           8  stdio.cpp.lpc1768.arm.o(.constdata)
    mbed::Base::_base_funcs                  0x000086d4   Data          24  Base.cpp.lpc1768.arm.o(.constdata)
    typeinfo for __cxxabiv1::__class_type_info 0x000087b0   Data          12  lib_rtti_impl.o(.constdata__ZTIN10__cxxabiv117__class_type_infoE)
    typeinfo for __cxxabiv1::__si_class_type_info 0x000087bc   Data          12  lib_rtti_impl.o(.constdata__ZTIN10__cxxabiv120__si_class_type_infoE)
    typeinfo for __cxxabiv1::__vmi_class_type_info 0x000087c8   Data          12  lib_rtti_impl.o(.constdata__ZTIN10__cxxabiv121__vmi_class_type_infoE)
    typeinfo for mbed::FileHandle            0x000087d4   Data           8  stdio.cpp.lpc1768.arm.o(.constdata__ZTIN4mbed10FileHandleE)
    typeinfo for mbed::FileSystemLike        0x000087dc   Data          12  stdio.cpp.lpc1768.arm.o(.constdata__ZTIN4mbed14FileSystemLikeE)
    typeinfo for mbed::Base                  0x000087e8   Data           8  Base.cpp.lpc1768.arm.o(.constdata__ZTIN4mbed4BaseE)
    typeinfo for mbed::FileLike              0x000087f0   Data          32  stdio.cpp.lpc1768.arm.o(.constdata__ZTIN4mbed8FileLikeE)
    typeinfo for std::type_info              0x00008810   Data           8  type_info_dtor.o(.constdata__ZTISt9type_info)
    typeinfo name for __cxxabiv1::__class_type_info 0x00008818   Data          34  lib_rtti_impl.o(.constdata__ZTSN10__cxxabiv117__class_type_infoE)
    typeinfo name for __cxxabiv1::__si_class_type_info 0x0000883a   Data          37  lib_rtti_impl.o(.constdata__ZTSN10__cxxabiv120__si_class_type_infoE)
    typeinfo name for __cxxabiv1::__vmi_class_type_info 0x0000885f   Data          38  lib_rtti_impl.o(.constdata__ZTSN10__cxxabiv121__vmi_class_type_infoE)
    typeinfo name for mbed::FileHandle       0x00008885   Data          20  stdio.cpp.lpc1768.arm.o(.constdata__ZTSN4mbed10FileHandleE)
    typeinfo name for mbed::FileSystemLike   0x00008899   Data          24  stdio.cpp.lpc1768.arm.o(.constdata__ZTSN4mbed14FileSystemLikeE)
    typeinfo name for mbed::Base             0x000088b1   Data          13  Base.cpp.lpc1768.arm.o(.constdata__ZTSN4mbed4BaseE)
    typeinfo name for mbed::FileLike         0x000088be   Data          17  stdio.cpp.lpc1768.arm.o(.constdata__ZTSN4mbed8FileLikeE)
    typeinfo name for std::type_info         0x000088cf   Data          13  type_info_dtor.o(.constdata__ZTSSt9type_info)
    vtable for __cxxabiv1::__class_type_info 0x000088dc   Data          16  lib_rtti_impl.o(.constdata__ZTVN10__cxxabiv117__class_type_infoE)
    vtable for __cxxabiv1::__si_class_type_info 0x000088ec   Data          16  lib_rtti_impl.o(.constdata__ZTVN10__cxxabiv120__si_class_type_infoE)
    vtable for __cxxabiv1::__vmi_class_type_info 0x000088fc   Data          16  lib_rtti_impl.o(.constdata__ZTVN10__cxxabiv121__vmi_class_type_infoE)
    Region$$Table$$Base                      0x00008920   Number         0  anon$$obj.o(Region$$Table)
    Region$$Table$$Limit                     0x00008940   Number         0  anon$$obj.o(Region$$Table)
    __aeabi_HUGE_VAL                         0x00008940   Data           0  fpconst.o(c$$dinf)
    __aeabi_HUGE_VALL                        0x00008940   Data           0  fpconst.o(c$$dinf)
    __aeabi_INFINITY                         0x00008940   Data           0  fpconst.o(c$$dinf)
    __dInf                                   0x00008940   Data           0  fpconst.o(c$$dinf)
    __huge_val                               0x00008940   Data           0  fpconst.o(c$$dinf)
    __ctype                                  0x00008971   Data           0  lc_ctype_c.o(locale$$data)
    _nrk_prev_timer_val                      0x100000c4   Data           1  nrk_timer.o(.data)
    _nrk_time_trigger                        0x100000c5   Data           1  nrk_timer.o(.data)
    nrk_kernel_stk_ptr                       0x100000c8   Data           4  nrk.o(.data)
    nrk_wakeup_signal                        0x100000cc   Data           1  nrk.o(.data)
    nrk_cur_task_prio                        0x100000d0   Data           1  nrk.o(.data)
    nrk_high_ready_prio                      0x100000d1   Data           1  nrk.o(.data)
    nrk_task_init_cnt                        0x100000d2   Data           1  nrk.o(.data)
    _free_node                               0x100000d4   Data           4  nrk.o(.data)
    _head_node                               0x100000d8   Data           4  nrk.o(.data)
    nrk_cur_task_TCB                         0x100000dc   Data           4  nrk.o(.data)
    nrk_high_ready_TCB                       0x100000e0   Data           4  nrk.o(.data)
    nrk_system_time                          0x100000e4   Data           8  nrk.o(.data)
    error_task                               0x100000ec   Data           1  nrk_error.o(.data)
    error_num                                0x100000ed   Data           1  nrk_error.o(.data)
    _nrk_signal_list                         0x100000f0   Data           4  nrk_events.o(.data)
    _nrk_cpu_state                           0x100000f4   Data           1  nrk_scheduler.o(.data)
    task_addr                                0x100000f8   Data           4  nrk_scheduler.o(.data)
    channel                                  0x100000fc   Data           1  adc_driver.o(.data)
    adc_reg                                  0x10000100   Data           4  adc_driver.o(.data)
    channel2                                 0x10000104   Data           1  ff_basic_sensor.o(.data)
    is_open                                  0x10000105   Data           1  ff_basic_sensor.o(.data)
    nrk_driver_init                          0x10000108   Data           1  nrk_driver.o(.data)
    _nrk_driver_count                        0x10000109   Data           1  nrk_driver.o(.data)
    nrk_drivers                              0x1000010c   Data           8  nrk_driver.o(.data)
    bmac_rx_pkt_signal                       0x10000114   Data           1  bmac.o(.data)
    bmac_tx_pkt_done_signal                  0x10000115   Data           1  bmac.o(.data)
    bmac_enable_signal                       0x10000116   Data           1  bmac.o(.data)
    rx_ready                                 0x1000012c   Data           1  basic_rf.o(.data)
    auto_ack_enable                          0x1000012d   Data           1  basic_rf.o(.data)
    security_enable                          0x1000012e   Data           1  basic_rf.o(.data)
    rx_data_ready                            0x1000012f   Data           1  basic_rf.o(.data)
    tx_status_ready                          0x10000130   Data           1  basic_rf.o(.data)
    rssi_cca_thold                           0x10000131   Data           1  basic_rf.o(.data)
    myAddr                                   0x10000132   Data           2  mrf24j40.o(.data)
    myPanid                                  0x10000134   Data           2  mrf24j40.o(.data)
    pPtr                                     0x10000136   Data           1  mainnode.o(.data)
    ipPtr                                    0x10000137   Data           1  mainnode.o(.data)
    apPtr                                    0x10000138   Data           1  mainnode.o(.data)
    pQue                                     0x10000139   Data           1  mainnode.o(.data)
    txPtr                                    0x1000013a   Data           1  mainnode.o(.data)
    ipQue                                    0x1000013b   Data           1  mainnode.o(.data)
    itxPtr                                   0x1000013c   Data           1  mainnode.o(.data)
    apQue                                    0x1000013d   Data           1  mainnode.o(.data)
    updateCnt                                0x1000013e   Data           1  mainnode.o(.data)
    rDiscCnt                                 0x1000013f   Data           1  mainnode.o(.data)
    ack_cnt                                  0x10000140   Data           1  mainnode.o(.data)
    SystemCoreClock                          0x10000144   Data           4  system_LPC17xx.o(.data)
    __aeabi_stdin                            0x1000014c   Data           4  stdio_streams.o(.data)
    __aeabi_stdout                           0x10000150   Data           4  stdio_streams.o(.data)
    __aeabi_stderr                           0x10000154   Data           4  stdio_streams.o(.data)
    mbed::Base::_head                        0x10000158   Data           4  Base.cpp.lpc1768.arm.o(.data)
    mbed::Base::_classes                     0x1000015c   Data           4  Base.cpp.lpc1768.arm.o(.data)
    mbed::Base::_base_class                  0x10000160   Data          12  Base.cpp.lpc1768.arm.o(.data)
    nrk_kernel_stk                           0x10000170   Data         128  nrk.o(.bss)
    nrk_idle_task_stk                        0x100001f0   Data         128  nrk.o(.bss)
    nrk_task_TCB                             0x10000270   Data         308  nrk.o(.bss)
    _nrk_readyQ                              0x100003a4   Data          96  nrk.o(.bss)
    bmac_rfRxInfo                            0x10000530   Data          16  bmac.o(.bss)
    bmac_rfTxInfo                            0x10000540   Data          12  bmac.o(.bss)
    rfSettings                               0x1000054c   Data          12  basic_rf.o(.bss)
    pLen                                     0x10000558   Data          10  mainnode.o(.bss)
    ipLen                                    0x10000562   Data          10  mainnode.o(.bss)
    apLen                                    0x1000056c   Data          10  mainnode.o(.bss)
    pDes                                     0x10000576   Data          10  mainnode.o(.bss)
    ipDes                                    0x10000580   Data          10  mainnode.o(.bss)
    apDes                                    0x1000058a   Data          10  mainnode.o(.bss)
    pDat                                     0x10000594   Data         320  mainnode.o(.bss)
    ipDat                                    0x100006d4   Data         320  mainnode.o(.bss)
    apDat                                    0x10000814   Data         320  mainnode.o(.bss)
    uniqueIDsRREQ                            0x10000954   Data          10  mainnode.o(.bss)
    uniqueIDsRSAL                            0x1000095e   Data          10  mainnode.o(.bss)
    ackTrack                                 0x10000968   Data          10  mainnode.o(.bss)
    ackTrackS                                0x10000972   Data          10  mainnode.o(.bss)
    ackTrackR                                0x1000097c   Data          10  mainnode.o(.bss)
    cache                                    0x10000986   Data          10  mainnode.o(.bss)
    RX_TASK                                  0x10000990   Data          44  mainnode.o(.bss)
    rx_task_stack                            0x100009bc   Data         512  mainnode.o(.bss)
    TX_TASK                                  0x10000bbc   Data          44  mainnode.o(.bss)
    tx_task_stack                            0x10000be8   Data         512  mainnode.o(.bss)
    INTER_TX_TASK                            0x10000de8   Data          44  mainnode.o(.bss)
    inter_tx_task_stack                      0x10000e14   Data         512  mainnode.o(.bss)
    tx_buf                                   0x10001014   Data         115  mainnode.o(.bss)
    itx_buf                                  0x10001087   Data         115  mainnode.o(.bss)
    rx_buf                                   0x100010fa   Data         115  mainnode.o(.bss)
    __stdin                                  0x10001170   Data          84  stdio_streams.o(.bss)
    __stdout                                 0x100011c4   Data          84  stdio_streams.o(.bss)
    __stderr                                 0x10001218   Data          84  stdio_streams.o(.bss)
    _random_number_data                      0x1000126c   Data         228  rand.o(.bss)
    Image$$RW_IRAM1$$ZI$$Limit               0x100013b0   Number         0  rt_eh_globals_addr.o(.bss)



==============================================================================

Memory Map of the image

  Image Entry point : 0x000000c5

  Load Region LR_IROM1 (Base: 0x00000000, Size: 0x00008be4, Max: 0x00080000, ABSOLUTE, COMPRESSED[0x00008a88])

    Execution Region ER_IROM1 (Base: 0x00000000, Size: 0x00008a74, Max: 0x00080000, ABSOLUTE)

    Base Addr    Size         Type   Attr      Idx    E Section Name        Object

    0x00000000   0x000000c4   Data   RO         2456    RESET               startup_LPC17xx.o
    0x000000c4   0x00000008   Code   RO         2572  * !!!main             c_w.l(__main.o)
    0x000000cc   0x00000034   Code   RO         3708    !!!scatter          c_w.l(__scatter.o)
    0x00000100   0x0000003a   Code   RO         3706    !!dczerorl          c_w.l(__dczerorl.o)
    0x0000013a   0x00000002   PAD
    0x0000013c   0x0000001c   Code   RO         3710    !!handler_zi        c_w.l(__scatter_zi.o)
    0x00000158   0x00000000   Code   RO         2556    .ARM.Collect$$_printf_percent$$00000000  c_w.l(_printf_percent.o)
    0x00000158   0x00000006   Code   RO         3415    .ARM.Collect$$_printf_percent$$00000001  c_w.l(_printf_n.o)
    0x0000015e   0x00000006   Code   RO         3416    .ARM.Collect$$_printf_percent$$00000002  c_w.l(_printf_p.o)
    0x00000164   0x00000006   Code   RO         3420    .ARM.Collect$$_printf_percent$$00000003  c_w.l(_printf_f.o)
    0x0000016a   0x00000006   Code   RO         3421    .ARM.Collect$$_printf_percent$$00000004  c_w.l(_printf_e.o)
    0x00000170   0x00000006   Code   RO         3422    .ARM.Collect$$_printf_percent$$00000005  c_w.l(_printf_g.o)
    0x00000176   0x00000006   Code   RO         3423    .ARM.Collect$$_printf_percent$$00000006  c_w.l(_printf_a.o)
    0x0000017c   0x0000000a   Code   RO         3427    .ARM.Collect$$_printf_percent$$00000007  c_w.l(_printf_ll.o)
    0x00000186   0x00000006   Code   RO         3418    .ARM.Collect$$_printf_percent$$00000008  c_w.l(_printf_i.o)
    0x0000018c   0x00000006   Code   RO         2555    .ARM.Collect$$_printf_percent$$00000009  c_w.l(_printf_d.o)
    0x00000192   0x00000006   Code   RO         3419    .ARM.Collect$$_printf_percent$$0000000A  c_w.l(_printf_u.o)
    0x00000198   0x00000006   Code   RO         3417    .ARM.Collect$$_printf_percent$$0000000B  c_w.l(_printf_o.o)
    0x0000019e   0x00000006   Code   RO         2554    .ARM.Collect$$_printf_percent$$0000000C  c_w.l(_printf_x.o)
    0x000001a4   0x00000006   Code   RO         3424    .ARM.Collect$$_printf_percent$$0000000D  c_w.l(_printf_lli.o)
    0x000001aa   0x00000006   Code   RO         3425    .ARM.Collect$$_printf_percent$$0000000E  c_w.l(_printf_lld.o)
    0x000001b0   0x00000006   Code   RO         3426    .ARM.Collect$$_printf_percent$$0000000F  c_w.l(_printf_llu.o)
    0x000001b6   0x00000006   Code   RO         3431    .ARM.Collect$$_printf_percent$$00000010  c_w.l(_printf_llo.o)
    0x000001bc   0x00000006   Code   RO         3432    .ARM.Collect$$_printf_percent$$00000011  c_w.l(_printf_llx.o)
    0x000001c2   0x0000000a   Code   RO         3428    .ARM.Collect$$_printf_percent$$00000012  c_w.l(_printf_l.o)
    0x000001cc   0x00000006   Code   RO         3413    .ARM.Collect$$_printf_percent$$00000013  c_w.l(_printf_c.o)
    0x000001d2   0x00000006   Code   RO         3414    .ARM.Collect$$_printf_percent$$00000014  c_w.l(_printf_s.o)
    0x000001d8   0x00000006   Code   RO         3429    .ARM.Collect$$_printf_percent$$00000015  c_w.l(_printf_lc.o)
    0x000001de   0x00000006   Code   RO         3430    .ARM.Collect$$_printf_percent$$00000016  c_w.l(_printf_ls.o)
    0x000001e4   0x00000004   Code   RO         2607    .ARM.Collect$$_printf_percent$$00000017  c_w.l(_printf_percent_end.o)
    0x000001e8   0x00000002   Code   RO         3055    .ARM.Collect$$libinit$$00000000  c_w.l(libinit.o)
    0x000001ea   0x00000000   Code   RO         2619    .ARM.Collect$$libinit$$00000002  c_w.l(libinit2.o)
    0x000001ea   0x00000008   Code   RO         2620    .ARM.Collect$$libinit$$00000003  c_w.l(libinit2.o)
    0x000001f2   0x00000000   Code   RO         2622    .ARM.Collect$$libinit$$00000008  c_w.l(libinit2.o)
    0x000001f2   0x00000000   Code   RO         2624    .ARM.Collect$$libinit$$0000000A  c_w.l(libinit2.o)
    0x000001f2   0x00000004   Code   RO         2625    .ARM.Collect$$libinit$$0000000B  c_w.l(libinit2.o)
    0x000001f6   0x00000000   Code   RO         2626    .ARM.Collect$$libinit$$0000000C  c_w.l(libinit2.o)
    0x000001f6   0x00000006   Code   RO         2627    .ARM.Collect$$libinit$$0000000D  c_w.l(libinit2.o)
    0x000001fc   0x00000000   Code   RO         2629    .ARM.Collect$$libinit$$0000000F  c_w.l(libinit2.o)
    0x000001fc   0x0000000c   Code   RO         2630    .ARM.Collect$$libinit$$00000010  c_w.l(libinit2.o)
    0x00000208   0x00000000   Code   RO         2631    .ARM.Collect$$libinit$$00000011  c_w.l(libinit2.o)
    0x00000208   0x00000000   Code   RO         2633    .ARM.Collect$$libinit$$00000013  c_w.l(libinit2.o)
    0x00000208   0x0000000a   Code   RO         2634    .ARM.Collect$$libinit$$00000014  c_w.l(libinit2.o)
    0x00000212   0x00000000   Code   RO         2635    .ARM.Collect$$libinit$$00000015  c_w.l(libinit2.o)
    0x00000212   0x00000000   Code   RO         2637    .ARM.Collect$$libinit$$00000017  c_w.l(libinit2.o)
    0x00000212   0x00000000   Code   RO         2639    .ARM.Collect$$libinit$$00000019  c_w.l(libinit2.o)
    0x00000212   0x00000000   Code   RO         2641    .ARM.Collect$$libinit$$0000001B  c_w.l(libinit2.o)
    0x00000212   0x00000000   Code   RO         2643    .ARM.Collect$$libinit$$0000001D  c_w.l(libinit2.o)
    0x00000212   0x00000000   Code   RO         2645    .ARM.Collect$$libinit$$0000001F  c_w.l(libinit2.o)
    0x00000212   0x00000000   Code   RO         2647    .ARM.Collect$$libinit$$00000021  c_w.l(libinit2.o)
    0x00000212   0x00000004   Code   RO         2648    .ARM.Collect$$libinit$$00000022  c_w.l(libinit2.o)
    0x00000216   0x00000000   Code   RO         2649    .ARM.Collect$$libinit$$00000023  c_w.l(libinit2.o)
    0x00000216   0x00000000   Code   RO         2653    .ARM.Collect$$libinit$$0000002A  c_w.l(libinit2.o)
    0x00000216   0x00000000   Code   RO         2655    .ARM.Collect$$libinit$$0000002C  c_w.l(libinit2.o)
    0x00000216   0x00000000   Code   RO         2657    .ARM.Collect$$libinit$$0000002E  c_w.l(libinit2.o)
    0x00000216   0x00000000   Code   RO         2659    .ARM.Collect$$libinit$$00000030  c_w.l(libinit2.o)
    0x00000216   0x00000002   Code   RO         2660    .ARM.Collect$$libinit$$00000031  c_w.l(libinit2.o)
    0x00000218   0x00000000   Code   RO         2870    .ARM.Collect$$libshutdown$$00000003  c_w.l(libshutdown2.o)
    0x00000218   0x00000000   Code   RO         2594    .ARM.Collect$$rtentry$$00000000  c_w.l(rtentry.o)
    0x00000218   0x00000000   Code   RO         2769    .ARM.Collect$$rtentry$$00000002  c_w.l(rtentry2.o)
    0x00000218   0x00000006   Code   RO         2781    .ARM.Collect$$rtentry$$00000004  c_w.l(rtentry4.o)
    0x0000021e   0x00000000   Code   RO         2771    .ARM.Collect$$rtentry$$00000009  c_w.l(rtentry2.o)
    0x0000021e   0x00000004   Code   RO         2772    .ARM.Collect$$rtentry$$0000000A  c_w.l(rtentry2.o)
    0x00000222   0x00000000   Code   RO         2774    .ARM.Collect$$rtentry$$0000000C  c_w.l(rtentry2.o)
    0x00000222   0x00000008   Code   RO         2775    .ARM.Collect$$rtentry$$0000000D  c_w.l(rtentry2.o)
    0x0000022a   0x00000002   PAD
    0x0000022c   0x00000034   Code   RO         2565    .emb_text           c_w.l(rand.o)
    0x00000260   0x00000000   Code   RO         3241    .emb_text           c_w.l(maybetermalloc1.o)
    0x00000260   0x00000078   Code   RO         1431    .text               my_asm.o
    0x000002d8   0x00000024   Code   RO         2458    .text               startup_LPC17xx.o
    0x000002fc   0x00000004   Code   RO         2457    .ARM.__at_0x02FC    startup_LPC17xx.o
    0x00000300   0x000000ee   Code   RO         2499    .text               c_w.l(lludivv7m.o)
    0x000003ee   0x00000002   PAD
    0x000003f0   0x00000018   Code   RO         2501    .text               c_w.l(__2printf.o)
    0x00000408   0x00000078   Code   RO         2511    .text               c_w.l(_printf_dec.o)
    0x00000480   0x0000009c   Code   RO         2531    .text               c_w.l(_printf_hex_int_ll_ptr.o)
    0x0000051c   0x0000018c   Code   RO         2551    .text               c_w.l(__printf_flags_ss_wp.o)
    0x000006a8   0x00000004   Code   RO         2557    .text               c_w.l(putc.o)
    0x000006ac   0x0000003c   Code   RO         2566    .text               c_w.l(rand.o)
    0x000006e8   0x0000003e   Code   RO         2570    .text               c_w.l(strlen.o)
    0x00000726   0x000000b8   Code   RO         2599    .text               c_w.l(_printf_intcommon.o)
    0x000007de   0x00000002   PAD
    0x000007e0   0x00000030   Code   RO         2601    .text               c_w.l(_printf_char_common.o)
    0x00000810   0x0000000a   Code   RO         2603    .text               c_w.l(_sputc.o)
    0x0000081a   0x00000002   PAD
    0x0000081c   0x00000024   Code   RO         2605    .text               c_w.l(_printf_char_file.o)
    0x00000840   0x00000138   Code   RO         2612    .text               c_w.l(initio.o)
    0x00000978   0x0000004e   Code   RO         2787    .text               c_w.l(h1_free.o)
    0x000009c6   0x00000008   Code   RO         2843    .text               c_w.l(ferror.o)
    0x000009ce   0x000001de   Code   RO         2845    .text               c_w.l(flsbuf.o)
    0x00000bac   0x00000046   Code   RO         2847    .text               c_w.l(setvbuf.o)
    0x00000bf2   0x00000002   PAD
    0x00000bf4   0x000000ec   Code   RO         2850    .text               c_w.l(fopen.o)
    0x00000ce0   0x0000004c   Code   RO         2852    .text               c_w.l(fclose.o)
    0x00000d2c   0x0000000e   Code   RO         2860    .text               c_w.l(defsig_rtred_outer.o)
    0x00000d3a   0x0000004e   Code   RO         2864    .text               c_w.l(rt_memclr_w.o)
    0x00000d88   0x00000008   Code   RO         2993    .text               c_w.l(rt_heap_descriptor.o)
    0x00000d90   0x00000004   Code   RO         2998    .text               c_w.l(hguard.o)
    0x00000d94   0x0000008a   Code   RO         3000    .text               c_w.l(init_alloc.o)
    0x00000e1e   0x0000005e   Code   RO         3006    .text               c_w.l(h1_alloc.o)
    0x00000e7c   0x0000003c   Code   RO         3022    .text               c_w.l(sscanf.o)
    0x00000eb8   0x000000f8   Code   RO         3024    .text               c_w.l(fseek.o)
    0x00000fb0   0x000000f0   Code   RO         3026    .text               c_w.l(stdio.o)
    0x000010a0   0x0000000a   Code   RO         3032    .text               c_w.l(defsig_exit.o)
    0x000010aa   0x00000002   PAD
    0x000010ac   0x00000034   Code   RO         3038    .text               c_w.l(defsig_rtred_inner.o)
    0x000010e0   0x00000018   Code   RO         3040    .text               c_w.l(assert_stdio.o)
    0x000010f8   0x00000080   Code   RO         3044    .text               c_w.l(strcmpv7m.o)
    0x00001178   0x0000000c   Code   RO         3234    .text               c_w.l(sys_exit.o)
    0x00001184   0x0000000e   Code   RO         3243    .text               c_w.l(h1_init.o)
    0x00001192   0x00000034   Code   RO         3245    .text               c_w.l(h1_extend.o)
    0x000011c6   0x00000014   Code   RO         3251    .text               c_w.l(fprintf.o)
    0x000011da   0x00000002   PAD
    0x000011dc   0x0000002c   Code   RO         3253    .text               c_w.l(sprintf.o)
    0x00001208   0x00000156   Code   RO         3255    .text               c_w.l(_scanf_longlong.o)
    0x0000135e   0x00000150   Code   RO         3257    .text               c_w.l(_scanf_int.o)
    0x000014ae   0x000000da   Code   RO         3259    .text               c_w.l(_scanf_str.o)
    0x00001588   0x0000002c   Code   RO         3261    .text               c_w.l(scanf_char.o)
    0x000015b4   0x00000040   Code   RO         3263    .text               c_w.l(_sgetc.o)
    0x000015f4   0x00000110   Code   RO         3265    .text               c_w.l(_scanf_mbtowc.o)
    0x00001704   0x000000e2   Code   RO         3267    .text               c_w.l(_scanf_wctomb.o)
    0x000017e6   0x000000ca   Code   RO         3269    .text               c_w.l(_scanf_wstr.o)
    0x000018b0   0x00000064   Code   RO         3271    .text               c_w.l(fflush.o)
    0x00001914   0x00000022   Code   RO         3273    .text               c_w.l(fputs.o)
    0x00001936   0x00000046   Code   RO         3275    .text               c_w.l(ftell.o)
    0x0000197c   0x00000032   Code   RO         3283    .text               c_w.l(defsig_general.o)
    0x000019ae   0x0000000e   Code   RO         3287    .text               c_w.l(defsig_rtmem_outer.o)
    0x000019bc   0x0000007c   Code   RO         3295    .text               c_w.l(assert.o)
    0x00001a38   0x00000096   Code   RO         3297    .text               c_w.l(strncmp.o)
    0x00001ace   0x00000002   PAD
    0x00001ad0   0x00000050   Code   RO         3303    .text               c_w.l(heapauxa.o)
    0x00001b20   0x00000004   Code   RO         3323    .text               cpprt_w.l(arm_bad_typeid_noexceptions.o)
    0x00001b24   0x0000000e   Code   RO         3373    .text               c_w.l(sys_wrch.o)
    0x00001b32   0x00000002   Code   RO         3375    .text               c_w.l(use_no_semi.o)
    0x00001b34   0x00000000   Code   RO         3377    .text               c_w.l(indicate_semi.o)
    0x00001b34   0x00000008   Code   RO         3383    .text               c_w.l(rt_errno_addr.o)
    0x00001b3c   0x00000016   Code   RO         3390    .text               c_w.l(_rserrno.o)
    0x00001b52   0x00000012   Code   RO         3392    .text               c_w.l(isspace.o)
    0x00001b64   0x00000052   Code   RO         3394    .text               c_w.l(_printf_pad.o)
    0x00001bb6   0x00000024   Code   RO         3396    .text               c_w.l(_printf_truncate.o)
    0x00001bda   0x00000052   Code   RO         3398    .text               c_w.l(_printf_str.o)
    0x00001c2c   0x0000002a   Code   RO         3400    .text               c_w.l(_printf_charcount.o)
    0x00001c56   0x00000002   PAD
    0x00001c58   0x000000bc   Code   RO         3402    .text               c_w.l(_printf_wctomb.o)
    0x00001d14   0x00000078   Code   RO         3405    .text               c_w.l(_printf_longlong_dec.o)
    0x00001d8c   0x00000078   Code   RO         3411    .text               c_w.l(_printf_oct_int_ll.o)
    0x00001e04   0x0000001c   Code   RO         3433    .text               c_w.l(_chval.o)
    0x00001e20   0x00000370   Code   RO         3435    .text               c_w.l(_scanf.o)
    0x00002190   0x000004a4   Code   RO         3437    .text               c_w.l(scanf_fp.o)
    0x00002634   0x0000001e   Code   RO         3439    .text               c_w.l(_scanf_wcharmap.o)
    0x00002652   0x0000003c   Code   RO         3441    .text               c_w.l(_mbrtowc.o)
    0x0000268e   0x00000040   Code   RO         3443    .text               c_w.l(_wcrtomb.o)
    0x000026ce   0x00000010   Code   RO         3445    .text               c_w.l(abort.o)
    0x000026de   0x00000002   PAD
    0x000026e0   0x00000050   Code   RO         3447    .text               c_w.l(defsig_rtmem_inner.o)
    0x00002730   0x0000001a   Code   RO         3462    .text               cpprt_w.l(arm_exceptions_terminate.o)
    0x0000274a   0x00000002   PAD
    0x0000274c   0x00000010   Code   RO         3495    .text               c_w.l(rt_ctype_table.o)
    0x0000275c   0x00000008   Code   RO         3497    .text               c_w.l(rt_locale.o)
    0x00002764   0x0000008a   Code   RO         3506    .text               c_w.l(lludiv10.o)
    0x000027ee   0x00000420   Code   RO         3508    .text               c_w.l(_printf_fp_dec.o)
    0x00002c0e   0x00000002   PAD
    0x00002c10   0x00000304   Code   RO         3510    .text               c_w.l(_printf_fp_hex.o)
    0x00002f14   0x0000002c   Code   RO         3513    .text               c_w.l(_printf_char.o)
    0x00002f40   0x0000002c   Code   RO         3515    .text               c_w.l(_printf_wchar.o)
    0x00002f6c   0x000000e4   Code   RO         3517    .text               c_w.l(bigflt0.o)
    0x00003050   0x00000030   Code   RO         3548    .text               c_w.l(defsig_abrt_inner.o)
    0x00003080   0x0000000e   Code   RO         3550    .text               c_w.l(defsig_abrt_outer.o)
    0x0000308e   0x00000002   PAD
    0x00003090   0x00000050   Code   RO         3568    .text               cpprt_w.l(arm_exceptions_globs.o)
    0x000030e0   0x00000008   Code   RO         3601    .text               c_w.l(rt_eh_globals_addr.o)
    0x000030e8   0x00000080   Code   RO         3606    .text               c_w.l(_printf_fp_infnan.o)
    0x00003168   0x00000314   Code   RO         3608    .text               c_w.l(scanf_hexfp.o)
    0x0000347c   0x0000013c   Code   RO         3610    .text               c_w.l(scanf_infnan.o)
    0x000035b8   0x0000003c   Code   RO         3629    .text               cpprt_w.l(arm_exceptions_mem.o)
    0x000035f4   0x00000026   Code   RO         3649    .text               c_w.l(llshl.o)
    0x0000361a   0x0000003e   Code   RO         3520    CL$$btod_d2e        c_w.l(btod.o)
    0x00003658   0x00000046   Code   RO         3522    CL$$btod_d2e_denorm_low  c_w.l(btod.o)
    0x0000369e   0x00000060   Code   RO         3521    CL$$btod_d2e_norm_op1  c_w.l(btod.o)
    0x000036fe   0x00000338   Code   RO         3530    CL$$btod_div_common  c_w.l(btod.o)
    0x00003a36   0x00000002   PAD
    0x00003a38   0x00000054   Code   RO         3528    CL$$btod_e2d        c_w.l(btod.o)
    0x00003a8c   0x000000c6   Code   RO         3527    CL$$btod_e2e        c_w.l(btod.o)
    0x00003b52   0x00000028   Code   RO         3524    CL$$btod_ediv       c_w.l(btod.o)
    0x00003b7a   0x00000028   Code   RO         3526    CL$$btod_edivd      c_w.l(btod.o)
    0x00003ba2   0x00000028   Code   RO         3523    CL$$btod_emul       c_w.l(btod.o)
    0x00003bca   0x00000028   Code   RO         3525    CL$$btod_emuld      c_w.l(btod.o)
    0x00003bf2   0x00000244   Code   RO         3529    CL$$btod_mult_common  c_w.l(btod.o)
    0x00003e36   0x00000002   PAD
    0x00003e38   0x0000003c   Code   RO         1867    i.EINT3_IRQHandler  basic_rf.o
    0x00003e74   0x00000078   Code   RO         2461    i.SystemInit        system_LPC17xx.o
    0x00003eec   0x0000001c   Code   RO          289    i.TIMER0_IRQHandler  nrk_timer.o
    0x00003f08   0x00000018   Code   RO          290    i.TIMER1_IRQHandler  nrk_timer.o
    0x00003f20   0x00000050   Code   RO         2282    i._Z10TxQueueAddPhhhh  mainnode.o
    0x00003f70   0x0000001c   Code   RO         2133    i._Z10mrf_cs_seth   mrf24j40.o
    0x00003f8c   0x00000020   Code   RO         1149    i._Z11GPIO_SetDirhjh  ulib.o
    0x00003fac   0x000000bc   Code   RO         1566    i._Z11bmac_tx_pktPch  bmac.o
    0x00004068   0x00000034   Code   RO         1435    i._Z11get_adc_valv  adc_driver.o
    0x0000409c   0x0000002c   Code   RO         1152    i._Z11nrk_led_clri  ulib.o
    0x000040c8   0x0000002c   Code   RO         1153    i._Z11nrk_led_seti  ulib.o
    0x000040f4   0x00000028   Code   RO         1154    i._Z11set_PinFunchhh  ulib.o
    0x0000411c   0x000000a4   Code   RO         2283    i._Z12DataInitiatev  mainnode.o
    0x000041c0   0x000000c4   Code   RO         2284    i._Z12RouteReplyRxPhh  mainnode.o
    0x00004284   0x00000064   Code   RO         2285    i._Z12RouteReplyTxPhhh  mainnode.o
    0x000042e8   0x0000001e   Code   RO         2286    i._Z12RsalInitiateh  mainnode.o
    0x00004306   0x00000002   PAD
    0x00004308   0x0000006c   Code   RO         1568    i._Z12bmac_nw_taskv  bmac.o
    0x00004374   0x0000000c   Code   RO         1569    i._Z12bmac_startedv  bmac.o
    0x00004380   0x00000028   Code   RO         2134    i._Z12mrf_set_addrt  mrf24j40.o
    0x000043a8   0x000000b4   Code   RO         2135    i._Z12mrf_spi_inithhi  mrf24j40.o
    0x0000445c   0x00000184   Code   RO          489    i._Z12nrk_TCB_initP9task_typePjS1_tPvt  nrk.o
    0x000045e0   0x00000042   Code   RO         1157    i._Z12nrk_gpio_clrj  ulib.o
    0x00004622   0x00000042   Code   RO         1159    i._Z12nrk_gpio_setj  ulib.o
    0x00004664   0x0000000a   Code   RO         1870    i._Z12rf_data_modev  basic_rf.o
    0x0000466e   0x00000002   PAD
    0x00004670   0x00000018   Code   RO         1871    i._Z12rf_rx_packetv  basic_rf.o
    0x00004688   0x0000000a   Code   RO         1872    i._Z12rf_test_modev  basic_rf.o
    0x00004692   0x00000002   PAD
    0x00004694   0x00000124   Code   RO         1873    i._Z12rf_tx_packetP10RF_TX_INFO  basic_rf.o
    0x000047b8   0x00000054   Code   RO         1436    i._Z12set_adc_chanh  adc_driver.o
    0x0000480c   0x00000048   Code   RO         1160    i._Z12setupSPIPinsv  ulib.o
    0x00004854   0x00000046   Code   RO         3062    i._Z12tbc_downcastPvPKSt9type_infoP28a_base_class_traversal_blockPN10__cxxabiv122__base_class_type_infoE  cpprt_w.l(rtti.o)
    0x0000489a   0x00000014   Code   RO         1161    i._Z13GPIO_SetValuehj  ulib.o
    0x000048ae   0x00000002   PAD
    0x000048b0   0x000000b0   Code   RO         2288    i._Z13inter_tx_taskv  mainnode.o
    0x00004960   0x0000005c   Code   RO         2137    i._Z13mrf_gpio_initv  mrf24j40.o
    0x000049bc   0x0000004c   Code   RO         2138    i._Z13mrf_read_longt  mrf24j40.o
    0x00004a08   0x0000001c   Code   RO         2139    i._Z13mrf_reset_seth  mrf24j40.o
    0x00004a24   0x00000030   Code   RO         2140    i._Z13mrf_set_panidt  mrf24j40.o
    0x00004a54   0x0000001c   Code   RO         2141    i._Z13mrf_spi_writet  mrf24j40.o
    0x00004a70   0x00000018   Code   RO          671    i._Z13nrk_error_addh  nrk_error.o
    0x00004a88   0x00000020   Code   RO          868    i._Z13nrk_idle_taskv  nrk_idle_task.o
    0x00004aa8   0x00000022   Code   RO         1874    i._Z13rf_carrier_onv  basic_rf.o
    0x00004aca   0x00000018   Code   RO          291    i._Z14NVIC_EnableIRQ4IRQn  nrk_timer.o
    0x00004ae2   0x00000018   Code   RO         2289    i._Z14RouteDiscoveryv  mainnode.o
    0x00004afa   0x00000002   PAD
    0x00004afc   0x000000ac   Code   RO         2290    i._Z14RouteRequestRxPhh  mainnode.o
    0x00004ba8   0x0000006a   Code   RO         2291    i._Z14RouteRequestTxPhh  mainnode.o
    0x00004c12   0x00000002   PAD
    0x00004c14   0x0000000c   Code   RO          673    i._Z14_nrk_errno_seth  nrk_error.o
    0x00004c20   0x00000294   Code   RO          887    i._Z14_nrk_schedulerv  nrk_scheduler.o
    0x00004eb4   0x0000003e   Code   RO         2143    i._Z14mrf_read_shorth  mrf24j40.o
    0x00004ef2   0x00000050   Code   RO         2144    i._Z14mrf_write_longth  mrf24j40.o
    0x00004f42   0x00000002   PAD
    0x00004f44   0x0000003c   Code   RO          764    i._Z14nrk_event_waitj  nrk_events.o
    0x00004f80   0x00000004   Code   RO          490    i._Z14nrk_int_enablev  nrk.o
    0x00004f84   0x00000034   Code   RO         1508    i._Z14nrk_set_statushhh  nrk_driver.o
    0x00004fb8   0x00000022   Code   RO         1876    i._Z14rf_carrier_offv  basic_rf.o
    0x00004fda   0x00000002   Code   RO         1570    i._Z14rf_rx_callbackP10RF_RX_INFO  bmac.o
    0x00004fdc   0x00000028   Code   RO         1877    i._Z14rf_set_channelh  basic_rf.o
    0x00005004   0x00000046   Code   RO         1167    i._Z14setup_uartPinsv  ulib.o
    0x0000504a   0x00000014   Code   RO         1168    i._Z15GPIO_ClearValuehj  ulib.o
    0x0000505e   0x00000002   PAD
    0x00005060   0x00000034   Code   RO         1169    i._Z15GPIO_GetPointerh  ulib.o
    0x00005094   0x00000044   Code   RO         2292    i._Z15InterTxQueueAddPhhh  mainnode.o
    0x000050d8   0x0000006c   Code   RO         2293    i._Z15RxPacketProcessPhh  mainnode.o
    0x00005144   0x00000028   Code   RO         1571    i._Z15bmac_rx_pkt_getPhS_  bmac.o
    0x0000516c   0x00000040   Code   RO         2145    i._Z15mrf_write_shorthh  mrf24j40.o
    0x000051ac   0x00000004   Code   RO          491    i._Z15nrk_int_disablev  nrk.o
    0x000051b0   0x00000004   Code   RO         1171    i._Z15nrk_setup_portsv  ulib.o
    0x000051b4   0x00000002   Code   RO          913    i._Z15nrk_stack_checkv  nrk_stack_check.o
    0x000051b6   0x00000002   PAD
    0x000051b8   0x0000001c   Code   RO         1878    i._Z15rf_rx_check_ccav  basic_rf.o
    0x000051d4   0x00000026   Code   RO         1172    i._Z16PINSEL_ConfigPinP15PINSEL_CFG_Type  ulib.o
    0x000051fa   0x00000002   PAD
    0x000051fc   0x00000098   Code   RO          292    i._Z16_nrk_setup_timerv  nrk_timer.o
    0x00005294   0x0000004c   Code   RO         1573    i._Z16bmac_task_configv  bmac.o
    0x000052e0   0x00000034   Code   RO         2146    i._Z16mrf_gpioint_initv  mrf24j40.o
    0x00005314   0x00000094   Code   RO          767    i._Z16nrk_event_signala  nrk_events.o
    0x000053a8   0x00000004   Code   RO          293    i._Z16nrk_spin_wait_usj  nrk_timer.o
    0x000053ac   0x0000000a   Code   RO            2    i._Z16nrk_target_startv  nrk_cpu.o
    0x000053b6   0x0000001e   Code   RO            3    i._Z16nrk_task_set_stkP9task_typePjt  nrk_cpu.o
    0x000053d4   0x00000028   Code   RO         1881    i._Z16rf_polling_rx_onv  basic_rf.o
    0x000053fc   0x00000028   Code   RO         1174    i._Z16set_ResistorModehhh  ulib.o
    0x00005424   0x0000000a   Code   RO          294    i._Z17_nrk_os_timer_getv  nrk_timer.o
    0x0000542e   0x00000002   PAD
    0x00005430   0x00000074   Code   RO          949    i._Z17nrk_activate_taskP9task_type  nrk_task.o
    0x000054a4   0x000000b8   Code   RO          950    i._Z17nrk_add_to_readyQa  nrk_task.o
    0x0000555c   0x00000030   Code   RO          768    i._Z17nrk_signal_createv  nrk_events.o
    0x0000558c   0x00000068   Code   RO            4    i._Z17nrk_task_stk_initPFvvEPjS1_  nrk_cpu.o
    0x000055f4   0x00000044   Code   RO          951    i._Z17nrk_wait_until_nwv  nrk_task.o
    0x00005638   0x0000002c   Code   RO         1885    i._Z17rf_set_cca_thresha  basic_rf.o
    0x00005664   0x00000024   Code   RO         1176    i._Z17set_OpenDrainModehhh  ulib.o
    0x00005688   0x00000016   Code   RO         3063    i._Z17tbc_post_downcastPvPKSt9type_infoP28a_base_class_traversal_blockPN10__cxxabiv122__base_class_type_infoE  cpprt_w.l(rtti.o)
    0x0000569e   0x00000002   PAD
    0x000056a0   0x00000040   Code   RO         1070    i._Z18_nrk_time_to_ticksP10nrk_time_t  nrk_time.o
    0x000056e0   0x000000c4   Code   RO         2294    i._Z18nrk_create_tasksetv  mainnode.o
    0x000057a4   0x00000020   Code   RO         1887    i._Z18rf_auto_ack_enablev  basic_rf.o
    0x000057c4   0x000000b0   Code   RO         1888    i._Z18rf_parse_rx_packetv  basic_rf.o
    0x00005874   0x00000020   Code   RO         1576    i._Z19_bmac_channel_checkv  bmac.o
    0x00005894   0x00000010   Code   RO          299    i._Z19_nrk_os_timer_resetv  nrk_timer.o
    0x000058a4   0x0000000e   Code   RO          300    i._Z19_nrk_os_timer_startv  nrk_timer.o
    0x000058b2   0x00000002   PAD
    0x000058b4   0x0000000c   Code   RO         1577    i._Z19bmac_rx_pkt_releasev  bmac.o
    0x000058c0   0x0000000a   Code   RO         1579    i._Z19bmac_set_cca_thresha  bmac.o
    0x000058ca   0x00000002   PAD
    0x000058cc   0x00000028   Code   RO         1509    i._Z19nrk_register_driverPFhhhPhhEh  nrk_driver.o
    0x000058f4   0x00000054   Code   RO          953    i._Z19nrk_rem_from_readyQa  nrk_task.o
    0x00005948   0x00000028   Code   RO          770    i._Z19nrk_signal_registera  nrk_events.o
    0x00005970   0x00000020   Code   RO         1890    i._Z19rf_auto_ack_disablev  basic_rf.o
    0x00005990   0x0000000c   Code   RO          303    i._Z20_nrk_get_next_wakeupv  nrk_timer.o
    0x0000599c   0x0000000a   Code   RO          304    i._Z20_nrk_set_next_wakeuph  nrk_timer.o
    0x000059a6   0x00000002   PAD
    0x000059a8   0x0000000c   Code   RO          675    i._Z20nrk_kernel_error_addhh  nrk_error.o
    0x000059b4   0x0000000c   Code   RO         2295    i._Z20nrk_register_driversv  mainnode.o
    0x000059c0   0x00000044   Code   RO          955    i._Z20nrk_wait_until_tickst  nrk_task.o
    0x00005a04   0x0000000a   Code   RO         1583    i._Z21bmac_auto_ack_disablev  bmac.o
    0x00005a0e   0x00000016   Code   RO         1894    i._Z21rf_addr_decode_enablev  basic_rf.o
    0x00005a24   0x000000a8   Code   RO         3064    i._Z21traverse_base_classesPvPKSt9type_infoP28a_base_class_traversal_blockPN10__cxxabiv122__base_class_type_infoE  cpprt_w.l(rtti.o)
    0x00005acc   0x00000020   Code   RO         1586    i._Z22bmac_rx_pkt_set_bufferPch  bmac.o
    0x00005aec   0x00000034   Code   RO         1588    i._Z22bmac_wait_until_rx_pktv  bmac.o
    0x00005b20   0x00000154   Code   RO         1488    i._Z22dev_manager_ff_sensorshhPhh  ff_basic_sensor.o
    0x00005c74   0x00000078   Code   RO            5    i._Z22nrk_stack_pointer_initv  nrk_cpu.o
    0x00005cec   0x00000016   Code   RO         1895    i._Z22rf_addr_decode_disablev  basic_rf.o
    0x00005d02   0x00000002   PAD
    0x00005d04   0x00000014   Code   RO         1053    i._Z23_nrk_wait_for_schedulerv  nrk_task.o
    0x00005d18   0x0000000a   Code   RO         1589    i._Z23bmac_addr_decode_enablev  bmac.o
    0x00005d22   0x00000002   PAD
    0x00005d24   0x00000018   Code   RO         1592    i._Z23bmac_get_tx_done_signalv  bmac.o
    0x00005d3c   0x000000c0   Code   RO         3065    i._Z23find_base_class_at_addrPvS_PKSt9type_infoS2_Pi  cpprt_w.l(rtti.o)
    0x00005dfc   0x0000000c   Code   RO          306    i._Z25_nrk_high_speed_timer_getv  nrk_timer.o
    0x00005e08   0x0000000c   Code   RO         1596    i._Z25bmac_addr_decode_dest_mact  bmac.o
    0x00005e14   0x00000032   Code   RO          307    i._Z25nrk_high_speed_timer_waittt  nrk_timer.o
    0x00005e46   0x00000002   PAD
    0x00005e48   0x00000070   Code   RO            6    i._Z25nrk_stack_pointer_restorev  nrk_cpu.o
    0x00005eb8   0x00000020   Code   RO         1897    i._Z25rf_addr_decode_set_my_mact  basic_rf.o
    0x00005ed8   0x0000000c   Code   RO          956    i._Z26nrk_get_high_ready_task_IDv  nrk_task.o
    0x00005ee4   0x00000044   Code   RO          957    i._Z26nrk_wait_until_next_periodv  nrk_task.o
    0x00005f28   0x00000018   Code   RO          309    i._Z27_nrk_high_speed_timer_resetv  nrk_timer.o
    0x00005f40   0x0000000a   Code   RO         1598    i._Z27bmac_addr_decode_set_my_mact  bmac.o
    0x00005f4a   0x00000004   Code   RO            7    i._Z27nrk_task_set_entry_functionP9task_typePFvvE  nrk_cpu.o
    0x00005f4e   0x00000002   PAD
    0x00005f50   0x000001ec   Code   RO         3066    i._Z28derived_to_base_conversion_rPvPS_PKSt9type_infoS3_jPiiPS3_P19a_result_virtualityS4_  cpprt_w.l(rtti.o)
    0x0000613c   0x0000004c   Code   RO          958    i._Z29nrk_wait_until_next_n_periodst  nrk_task.o
    0x00006188   0x00000024   Code   RO         2296    i._Z6DackRxPhh      mainnode.o
    0x000061ac   0x00000038   Code   RO         2297    i._Z6DackTxh        mainnode.o
    0x000061e4   0x00000080   Code   RO         2298    i._Z6DataRxPhh      mainnode.o
    0x00006264   0x00000084   Code   RO         2299    i._Z6DataTxPhhh     mainnode.o
    0x000062e8   0x00000090   Code   RO         2300    i._Z6RsalRxPhh      mainnode.o
    0x00006378   0x00000054   Code   RO         2301    i._Z6RsalTxPhhh     mainnode.o
    0x000063cc   0x00000024   Code   RO         1601    i._Z6_b_powh        bmac.o
    0x000063f0   0x00000002   Code   RO         1127    i._Z7halWaitt       hal_wait.o
    0x000063f2   0x00000002   PAD
    0x000063f4   0x000000a0   Code   RO         1186    i._Z7initLEDv       ulib.o
    0x00006494   0x00000050   Code   RO         1900    i._Z7rf_initP10RF_RX_INFOhtt  basic_rf.o
    0x000064e4   0x00000080   Code   RO         2302    i._Z7rx_taskv       mainnode.o
    0x00006564   0x000001a4   Code   RO         2303    i._Z7tx_taskv       mainnode.o
    0x00006708   0x00000068   Code   RO         1602    i._Z8_bmac_rxv      bmac.o
    0x00006770   0x000000c8   Code   RO         1603    i._Z8_bmac_txv      bmac.o
    0x00006838   0x000000fc   Code   RO         1439    i._Z8init_adcv      adc_driver.o
    0x00006934   0x00000020   Code   RO         2147    i._Z8mrf_initv      mrf24j40.o
    0x00006954   0x0000002a   Code   RO         2148    i._Z8mrf_rssiv      mrf24j40.o
    0x0000697e   0x00000002   PAD
    0x00006980   0x000000ac   Code   RO          493    i._Z8nrk_initv      nrk.o
    0x00006a2c   0x00000064   Code   RO         1510    i._Z8nrk_openhh     nrk_driver.o
    0x00006a90   0x00000034   Code   RO         1511    i._Z8nrk_readhPhh   nrk_driver.o
    0x00006ac4   0x00000054   Code   RO          959    i._Z8nrk_wait10nrk_time_t  nrk_task.o
    0x00006b18   0x0000001c   Code   RO         1901    i._Z8rf_rx_onv      basic_rf.o
    0x00006b34   0x00000016   Code   RO         1187    i._Z9PORT_INITv     ulib.o
    0x00006b4a   0x00000002   PAD
    0x00006b4c   0x000000d0   Code   RO         1604    i._Z9bmac_inith     bmac.o
    0x00006c1c   0x0000009c   Code   RO         1189    i._Z9initDEBUGv     ulib.o
    0x00006cb8   0x000000de   Code   RO         2150    i._Z9mrf_resetv     mrf24j40.o
    0x00006d96   0x00000002   PAD
    0x00006d98   0x00000034   Code   RO         1512    i._Z9nrk_closeh     nrk_driver.o
    0x00006dcc   0x00000088   Code   RO          494    i._Z9nrk_startv     nrk.o
    0x00006e54   0x0000001c   Code   RO         1902    i._Z9rf_rx_offv     basic_rf.o
    0x00006e70   0x00000030   Code   RO         2916    i._ZN4mbed4Base5clearEPKcPc  mbed.ar(Base.cpp.lpc1768.arm.o)
    0x00006ea0   0x00000038   Code   RO         2917    i._ZN4mbed4Base6lookupEPKcj  mbed.ar(Base.cpp.lpc1768.arm.o)
    0x00006ed8   0x00000040   Code   RO         2920    i._ZN4mbed4Base9list_objsEPKcPc  mbed.ar(Base.cpp.lpc1768.arm.o)
    0x00006f18   0x00000020   Code   RO         3336    i._ZNKSt9type_infoeqERKS_  cpprt_w.l(type_info_eq.o)
    0x00006f38   0x00000008   Code   RO         3312    i._ZdaPv            cpprt_w.l(array_del.o)
    0x00006f40   0x00000008   Code   RO         3056    i._ZdlPv            cpprt_w.l(delete.o)
    0x00006f48   0x00000020   Code   RO         3087    i.__ARM_common_get_typeid  cpprt_w.l(rtti.o)
    0x00006f68   0x00000028   Code   RO         3643    i.__ARM_fpclassify  m_ws.l(fpclassify.o)
    0x00006f90   0x00000070   Code   RO         3067    i.__derived_to_base_conversion  cpprt_w.l(rtti.o)
    0x00007000   0x000000b0   Code   RO         3068    i.__dynamic_cast    cpprt_w.l(rtti.o)
    0x000070b0   0x00000010   Code   RO         3701    i.__mathlib_dbl_underflow  m_ws.l(dunder.o)
    0x000070c0   0x0000000a   Code   RO         3493    i.__mathlib_flt_underflow  m_ws.l(funder.o)
    0x000070ca   0x00000010   Code   RO         3595    i.__mathlib_narrow  m_ws.l(narrow.o)
    0x000070da   0x00000002   PAD
    0x000070dc   0x00000088   Code   RO         3596    i.__mathlib_tofloat  m_ws.l(narrow.o)
    0x00007164   0x00000016   Code   RO         3686    i.__support_ldexp   m_ws.l(ldexp.o)
    0x0000717a   0x00000002   PAD
    0x0000717c   0x0000000c   Code   RO         2465    i.__user_setup_stackheap  stackheap.o
    0x00007188   0x0000000e   Code   RO         2544    i._is_digit         c_w.l(__printf_wp.o)
    0x00007196   0x00000004   Code   RO          495    i._nrk_timer_tick   nrk.o
    0x0000719a   0x00000002   PAD
    0x0000719c   0x0000002c   Code   RO         2672    i._sys_close        mbed.ar(stdio.cpp.lpc1768.arm.o)
    0x000071c8   0x00000028   Code   RO         2675    i._sys_flen         mbed.ar(stdio.cpp.lpc1768.arm.o)
    0x000071f0   0x00000028   Code   RO         2676    i._sys_istty        mbed.ar(stdio.cpp.lpc1768.arm.o)
    0x00007218   0x00000184   Code   RO         2677    i._sys_open         mbed.ar(stdio.cpp.lpc1768.arm.o)
    0x0000739c   0x0000002c   Code   RO         2679    i._sys_seek         mbed.ar(stdio.cpp.lpc1768.arm.o)
    0x000073c8   0x00000054   Code   RO         2680    i._sys_write        mbed.ar(stdio.cpp.lpc1768.arm.o)
    0x0000741c   0x00000016   Code   RO         2908    i.exit              capi.ar(exit.c.lpc1768.arm.o)
    0x00007432   0x0000001a   Code   RO         2609    i.fputc             c_w.l(fputc.o)
    0x0000744c   0x00000058   Code   RO         3646    i.frexp             m_ws.l(frexp.o)
    0x000074a4   0x00000030   Code   RO         3365    i.gpio_output       capi.ar(gpio_api.c.lpc1768.arm.o)
    0x000074d4   0x00000018   Code   RO         3367    i.gpio_write        capi.ar(gpio_api.c.lpc1768.arm.o)
    0x000074ec   0x0000007e   Code   RO         3687    i.ldexp             m_ws.l(ldexp.o)
    0x0000756a   0x00000024   Code   RO         2304    i.main              mainnode.o
    0x0000758e   0x00000002   PAD
    0x00007590   0x00000078   Code   RO         3190    i.mbed_die          capi.ar(utils_api.c.lpc1768.arm.o)
    0x00007608   0x00000038   Code   RO         3224    i.pin_function      capi.ar(pinmap.c.lpc1768.arm.o)
    0x00007640   0x00000038   Code   RO         3225    i.pin_mode          capi.ar(pinmap.c.lpc1768.arm.o)
    0x00007678   0x0000003c   Code   RO         3226    i.pinmap_merge      capi.ar(pinmap.c.lpc1768.arm.o)
    0x000076b4   0x00000058   Code   RO         3227    i.pinmap_peripheral  capi.ar(pinmap.c.lpc1768.arm.o)
    0x0000770c   0x000000a4   Code   RO         3228    i.pinmap_pinout     capi.ar(pinmap.c.lpc1768.arm.o)
    0x000077b0   0x0000005a   Code   RO         3356    i.scalbnf           m_ws.l(scalbnf.o)
    0x0000780a   0x0000000c   Code   RO         3200    i.semihost_exit     capi.ar(semihost_api.c.lpc1768.arm.o)
    0x00007816   0x00000002   PAD
    0x00007818   0x00000100   Code   RO         2887    i.serial_baud       capi.ar(serial_api.c.lpc1768.arm.o)
    0x00007918   0x00000094   Code   RO         2889    i.serial_format     capi.ar(serial_api.c.lpc1768.arm.o)
    0x000079ac   0x000000e4   Code   RO         2892    i.serial_init       capi.ar(serial_api.c.lpc1768.arm.o)
    0x00007a90   0x0000000c   Code   RO         2894    i.serial_putc       capi.ar(serial_api.c.lpc1768.arm.o)
    0x00007a9c   0x00000014   Code   RO         2484    i.timer_frequency   capi.ar(timer_api.c.lpc1768.arm.o)
    0x00007ab0   0x00000070   Code   RO         2485    i.timer_init        capi.ar(timer_api.c.lpc1768.arm.o)
    0x00007b20   0x00000004   Code   RO         2486    i.timer_read        capi.ar(timer_api.c.lpc1768.arm.o)
    0x00007b24   0x0000000c   Code   RO         2487    i.timer_start       capi.ar(timer_api.c.lpc1768.arm.o)
    0x00007b30   0x00000038   Code   RO         2480    i.us_ticker_read    capi.ar(us_ticker_api.c.lpc1768.arm.o)
    0x00007b68   0x0000001c   Code   RO         2475    i.wait_ms           capi.ar(wait_api.c.lpc1768.arm.o)
    0x00007b84   0x00000016   Code   RO         2476    i.wait_us           capi.ar(wait_api.c.lpc1768.arm.o)
    0x00007b9a   0x00000002   PAD
    0x00007b9c   0x0000002c   Code   RO         3543    locale$$code        c_w.l(lc_numeric_c.o)
    0x00007bc8   0x0000002c   Code   RO         3622    locale$$code        c_w.l(lc_ctype_c.o)
    0x00007bf4   0x00000062   Code   RO         3635    x$fpl$d2f           fz_ws.l(d2f.o)
    0x00007c56   0x00000002   PAD
    0x00007c58   0x00000010   Code   RO         3699    x$fpl$dcheck1       fz_ws.l(dcheck1.o)
    0x00007c68   0x00000018   Code   RO         3677    x$fpl$dcmpinf       fz_ws.l(dcmpi.o)
    0x00007c80   0x00000078   Code   RO         3637    x$fpl$deqf          fz_ws.l(deqf.o)
    0x00007cf8   0x00000078   Code   RO         3679    x$fpl$dleqf         fz_ws.l(dleqf.o)
    0x00007d70   0x0000009c   Code   RO         2661    x$fpl$dnaninf       fz_ws.l(dnaninf.o)
    0x00007e0c   0x0000006c   Code   RO         3639    x$fpl$drleqf        fz_ws.l(drleqf.o)
    0x00007e78   0x000000c4   Code   RO         3339    x$fpl$fadd          fz_ws.l(faddsub_clz.o)
    0x00007f3c   0x0000000c   Code   RO         3584    x$fpl$fcheck1       fz_ws.l(fcheck1.o)
    0x00007f48   0x00000184   Code   RO         3346    x$fpl$fdiv          fz_ws.l(fdiv.o)
    0x000080cc   0x00000036   Code   RO         3349    x$fpl$ffix          fz_ws.l(ffix.o)
    0x00008102   0x00000002   PAD
    0x00008104   0x00000030   Code   RO         2587    x$fpl$fflt          fz_ws.l(fflt_clz.o)
    0x00008134   0x00000026   Code   RO         2586    x$fpl$ffltu         fz_ws.l(fflt_clz.o)
    0x0000815a   0x00000002   PAD
    0x0000815c   0x00000102   Code   RO         2592    x$fpl$fmul          fz_ws.l(fmul.o)
    0x0000825e   0x0000008c   Code   RO         2665    x$fpl$fnaninf       fz_ws.l(fnaninf.o)
    0x000082ea   0x0000000a   Code   RO         2667    x$fpl$fretinf       fz_ws.l(fretinf.o)
    0x000082f4   0x000000ea   Code   RO         3341    x$fpl$fsub          fz_ws.l(faddsub_clz.o)
    0x000083de   0x00000004   Code   RO         3483    x$fpl$printf1       fz_ws.l(printf1.o)
    0x000083e2   0x00000004   Code   RO         3485    x$fpl$printf2       fz_ws.l(printf2.o)
    0x000083e6   0x00000064   Code   RO         3641    x$fpl$retnan        fz_ws.l(retnan.o)
    0x0000844a   0x0000005c   Code   RO         3681    x$fpl$scalbn        fz_ws.l(scalbn.o)
    0x000084a6   0x0000004c   Code   RO         3491    x$fpl$scalbnf       fz_ws.l(scalbnf.o)
    0x000084f2   0x00000004   Code   RO         3353    x$fpl$scanf1        fz_ws.l(scanf1.o)
    0x000084f6   0x00000008   Code   RO         3589    x$fpl$scanf2        fz_ws.l(scanf2.o)
    0x000084fe   0x00000030   Code   RO         3683    x$fpl$trapveneer    fz_ws.l(trapv.o)
    0x0000852e   0x00000000   Code   RO         2669    x$fpl$usenofp       fz_ws.l(usenofp.o)
    0x0000852e   0x00000028   Data   RO         2532    .constdata          c_w.l(_printf_hex_int_ll_ptr.o)
    0x00008556   0x00000011   Data   RO         2552    .constdata          c_w.l(__printf_flags_ss_wp.o)
    0x00008567   0x00000017   Data   RO         2731    .constdata          mbed.ar(stdio.cpp.lpc1768.arm.o)
    0x0000857e   0x00000002   PAD
    0x00008580   0x00000154   Data   RO         2897    .constdata          capi.ar(serial_api.c.lpc1768.arm.o)
    0x000086d4   0x00000018   Data   RO         2943    .constdata          mbed.ar(Base.cpp.lpc1768.arm.o)
    0x000086ec   0x00000008   Data   RO         3403    .constdata          c_w.l(_printf_wctomb.o)
    0x000086f4   0x00000026   Data   RO         3511    .constdata          c_w.l(_printf_fp_hex.o)
    0x0000871a   0x00000002   PAD
    0x0000871c   0x00000094   Data   RO         3518    .constdata          c_w.l(bigflt0.o)
    0x000087b0   0x0000000c   Data   RO         3174    .constdata__ZTIN10__cxxabiv117__class_type_infoE  cpprt_w.l(lib_rtti_impl.o)
    0x000087bc   0x0000000c   Data   RO         3175    .constdata__ZTIN10__cxxabiv120__si_class_type_infoE  cpprt_w.l(lib_rtti_impl.o)
    0x000087c8   0x0000000c   Data   RO         3176    .constdata__ZTIN10__cxxabiv121__vmi_class_type_infoE  cpprt_w.l(lib_rtti_impl.o)
    0x000087d4   0x00000008   Data   RO         2762    .constdata__ZTIN4mbed10FileHandleE  mbed.ar(stdio.cpp.lpc1768.arm.o)
    0x000087dc   0x0000000c   Data   RO         2761    .constdata__ZTIN4mbed14FileSystemLikeE  mbed.ar(stdio.cpp.lpc1768.arm.o)
    0x000087e8   0x00000008   Data   RO         2968    .constdata__ZTIN4mbed4BaseE  mbed.ar(Base.cpp.lpc1768.arm.o)
    0x000087f0   0x00000020   Data   RO         2760    .constdata__ZTIN4mbed8FileLikeE  mbed.ar(stdio.cpp.lpc1768.arm.o)
    0x00008810   0x00000008   Data   RO         3334    .constdata__ZTISt9type_info  cpprt_w.l(type_info_dtor.o)
    0x00008818   0x00000022   Data   RO         3184    .constdata__ZTSN10__cxxabiv117__class_type_infoE  cpprt_w.l(lib_rtti_impl.o)
    0x0000883a   0x00000025   Data   RO         3185    .constdata__ZTSN10__cxxabiv120__si_class_type_infoE  cpprt_w.l(lib_rtti_impl.o)
    0x0000885f   0x00000026   Data   RO         3186    .constdata__ZTSN10__cxxabiv121__vmi_class_type_infoE  cpprt_w.l(lib_rtti_impl.o)
    0x00008885   0x00000014   Data   RO         2765    .constdata__ZTSN4mbed10FileHandleE  mbed.ar(stdio.cpp.lpc1768.arm.o)
    0x00008899   0x00000018   Data   RO         2764    .constdata__ZTSN4mbed14FileSystemLikeE  mbed.ar(stdio.cpp.lpc1768.arm.o)
    0x000088b1   0x0000000d   Data   RO         2972    .constdata__ZTSN4mbed4BaseE  mbed.ar(Base.cpp.lpc1768.arm.o)
    0x000088be   0x00000011   Data   RO         2763    .constdata__ZTSN4mbed8FileLikeE  mbed.ar(stdio.cpp.lpc1768.arm.o)
    0x000088cf   0x0000000d   Data   RO         3335    .constdata__ZTSSt9type_info  cpprt_w.l(type_info_dtor.o)
    0x000088dc   0x00000010   Data   RO         3159    .constdata__ZTVN10__cxxabiv117__class_type_infoE  cpprt_w.l(lib_rtti_impl.o)
    0x000088ec   0x00000010   Data   RO         3161    .constdata__ZTVN10__cxxabiv120__si_class_type_infoE  cpprt_w.l(lib_rtti_impl.o)
    0x000088fc   0x00000010   Data   RO         3163    .constdata__ZTVN10__cxxabiv121__vmi_class_type_infoE  cpprt_w.l(lib_rtti_impl.o)
    0x0000890c   0x0000000e   Data   RO         2945    .conststring        mbed.ar(Base.cpp.lpc1768.arm.o)
    0x0000891a   0x00000005   Data   RO         2946    .conststring        mbed.ar(Base.cpp.lpc1768.arm.o)
    0x0000891f   0x00000001   PAD
    0x00008920   0x00000020   Data   RO         3704    Region$$Table       anon$$obj.o
    0x00008940   0x00000008   Data   RO         3586    c$$dinf             fz_ws.l(fpconst.o)
    0x00008948   0x0000001c   Data   RO         3542    locale$$data        c_w.l(lc_numeric_c.o)
    0x00008964   0x00000110   Data   RO         3621    locale$$data        c_w.l(lc_ctype_c.o)


    Execution Region RW_IRAM1 (Base: 0x10000000, Size: 0x000013b0, Max: 0x00008000, ABSOLUTE, COMPRESSED[0x00000014])

    Base Addr    Size         Type   Attr      Idx    E Section Name        Object

    0x10000000   0x000000c4   Data   RW         2471    .ARM.__AT_0x10000000  cmsis_nvic.o
    0x100000c4   0x00000002   Data   RW          333    .data               nrk_timer.o
    0x100000c6   0x00000002   PAD
    0x100000c8   0x00000004   Data   RW          506    .data               nrk.o
    0x100000cc   0x00000001   Data   RW          507    .data               nrk.o
    0x100000cd   0x00000003   PAD
    0x100000d0   0x00000014   Data   RW          508    .data               nrk.o
    0x100000e4   0x00000008   Data   RW          511    .data               nrk.o
    0x100000ec   0x00000002   Data   RW          689    .data               nrk_error.o
    0x100000ee   0x00000002   PAD
    0x100000f0   0x00000004   Data   RW          787    .data               nrk_events.o
    0x100000f4   0x00000008   Data   RW          889    .data               nrk_scheduler.o
    0x100000fc   0x00000008   Data   RW         1445    .data               adc_driver.o
    0x10000104   0x00000002   Data   RW         1490    .data               ff_basic_sensor.o
    0x10000106   0x00000002   PAD
    0x10000108   0x0000000c   Data   RW         1521    .data               nrk_driver.o
    0x10000114   0x00000018   Data   RW         1646    .data               bmac.o
    0x1000012c   0x00000006   Data   RW         1942    .data               basic_rf.o
    0x10000132   0x00000004   Data   RW         2173    .data               mrf24j40.o
    0x10000136   0x0000000b   Data   RW         2331    .data               mainnode.o
    0x10000141   0x00000003   PAD
    0x10000144   0x00000004   Data   RW         2462    .data               system_LPC17xx.o
    0x10000148   0x00000004   Data   RW         2481    .data               capi.ar(us_ticker_api.c.lpc1768.arm.o)
    0x1000014c   0x00000004   Data   RW         2562    .data               c_w.l(stdio_streams.o)
    0x10000150   0x00000004   Data   RW         2563    .data               c_w.l(stdio_streams.o)
    0x10000154   0x00000004   Data   RW         2564    .data               c_w.l(stdio_streams.o)
    0x10000158   0x00000008   Data   RW         2947    .data               mbed.ar(Base.cpp.lpc1768.arm.o)
    0x10000160   0x0000000c   Data   RW         2948    .data               mbed.ar(Base.cpp.lpc1768.arm.o)
    0x1000016c   0x00000004   Data   RW         3304    .data               c_w.l(heapauxa.o)
    0x10000170   0x00000080   Zero   RW          504    .bss                nrk.o
    0x100001f0   0x00000214   Zero   RW          505    .bss                nrk.o
    0x10000404   0x00000148   Zero   RW         1645    .bss                bmac.o
    0x1000054c   0x0000000c   Zero   RW         1941    .bss                basic_rf.o
    0x10000558   0x00000c15   Zero   RW         2328    .bss                mainnode.o
    0x1000116d   0x00000003   PAD
    0x10001170   0x00000054   Zero   RW         2559    .bss                c_w.l(stdio_streams.o)
    0x100011c4   0x00000054   Zero   RW         2560    .bss                c_w.l(stdio_streams.o)
    0x10001218   0x00000054   Zero   RW         2561    .bss                c_w.l(stdio_streams.o)
    0x1000126c   0x000000e4   Zero   RW         2567    .bss                c_w.l(rand.o)
    0x10001350   0x00000040   Zero   RW         2730    .bss                mbed.ar(stdio.cpp.lpc1768.arm.o)
    0x10001390   0x00000004   Zero   RW         2994    .bss                c_w.l(rt_heap_descriptor.o)
    0x10001394   0x00000004   Zero   RW         3384    .bss                c_w.l(rt_errno_addr.o)
    0x10001398   0x00000014   Zero   RW         3498    .bss                c_w.l(rt_locale.o)
    0x100013ac   0x00000004   Zero   RW         3602    .bss                c_w.l(rt_eh_globals_addr.o)


    Execution Region RW_IRAM2 (Base: 0x2007c000, Size: 0x00000000, Max: 0x00004000, ABSOLUTE)

    **** No section assigned to this execution region ****


    Execution Region RW_IRAM3 (Base: 0x20080000, Size: 0x00000000, Max: 0x00004000, ABSOLUTE)

    **** No section assigned to this execution region ****


    Execution Region RW_IRAM4 (Base: 0x40038000, Size: 0x00000000, Max: 0x00000800, ABSOLUTE)

    **** No section assigned to this execution region ****


==============================================================================

Image component sizes


      Code (inc. data)   RO Data    RW Data    ZI Data      Debug   Object Name

       388         36          0          8          0       3846   adc_driver.o
      1068        112          0          6         12      14526   basic_rf.o
      1178        268          0         24        328      14590   bmac.o
         0          0          0        196          0          0   cmsis_nvic.o
       340         20          0          2          0       3112   ff_basic_sensor.o
         2          0          0          0          0        470   hal_wait.o
      2596        152          0         11       3093      16984   mainnode.o
      1074         70          0          4          0       9869   mrf24j40.o
       120         14          0          0          0        300   my_asm.o
       708         40          0         33        660       5933   nrk.o
       380         26          0          0          0      36966   nrk_cpu.o
       296         22          0         12          0       4965   nrk_driver.o
        48         18          0          2          0       2853   nrk_error.o
       296         32          0          4          0       2897   nrk_events.o
        32          6          0          0          0        536   nrk_idle_task.o
       660         40          0          8          0       1554   nrk_scheduler.o
         2          0          0          0          0        474   nrk_stack_check.o
       780         80          0          0          0       7556   nrk_task.o
        64          8          0          0          0       1886   nrk_time.o
       380         38          0          2          0      13225   nrk_timer.o
        12          4          0          0          0         60   stackheap.o
        40         12        196          0          0        220   startup_LPC17xx.o
       120         10          0          4          0         60   system_LPC17xx.o
       982         38          0          0          0      12169   ulib.o

    ----------------------------------------------------------------------
     11614       1046        228        328       4096     155051   Object Totals
         0          0         32          0          0          0   (incl. Generated)
        48          0          0         12          3          0   (incl. Padding)

    ----------------------------------------------------------------------

      Code (inc. data)   RO Data    RW Data    ZI Data      Debug   Library Member Name

        24          4          0          0          0         84   __2printf.o
        58          0          0          0          0          0   __dczerorl.o
         8          0          0          0          0         68   __main.o
       396          6         17          0          0         92   __printf_flags_ss_wp.o
        14          0          0          0          0         68   __printf_wp.o
        52          8          0          0          0          0   __scatter.o
        28          0          0          0          0          0   __scatter_zi.o
        28          0          0          0          0         68   _chval.o
        60          0          0          0          0         92   _mbrtowc.o
         6          0          0          0          0          0   _printf_a.o
         6          0          0          0          0          0   _printf_c.o
        44          0          0          0          0        108   _printf_char.o
        48          6          0          0          0         96   _printf_char_common.o
        36          4          0          0          0         80   _printf_char_file.o
        42          0          0          0          0         68   _printf_charcount.o
         6          0          0          0          0          0   _printf_d.o
       120         18          0          0          0         92   _printf_dec.o
         6          0          0          0          0          0   _printf_e.o
         6          0          0          0          0          0   _printf_f.o
      1056          0          0          0          0        212   _printf_fp_dec.o
       772         10         38          0          0        100   _printf_fp_hex.o
       128         16          0          0          0         84   _printf_fp_infnan.o
         6          0          0          0          0          0   _printf_g.o
       156          6         40          0          0        160   _printf_hex_int_ll_ptr.o
         6          0          0          0          0          0   _printf_i.o
       184          0          0          0          0         88   _printf_intcommon.o
        10          0          0          0          0          0   _printf_l.o
         6          0          0          0          0          0   _printf_lc.o
        10          0          0          0          0          0   _printf_ll.o
         6          0          0          0          0          0   _printf_lld.o
         6          0          0          0          0          0   _printf_lli.o
         6          0          0          0          0          0   _printf_llo.o
         6          0          0          0          0          0   _printf_llu.o
         6          0          0          0          0          0   _printf_llx.o
       120         16          0          0          0         92   _printf_longlong_dec.o
         6          0          0          0          0          0   _printf_ls.o
         6          0          0          0          0          0   _printf_n.o
         6          0          0          0          0          0   _printf_o.o
       120          8          0          0          0        124   _printf_oct_int_ll.o
         6          0          0          0          0          0   _printf_p.o
        82          0          0          0          0        108   _printf_pad.o
         0          0          0          0          0          0   _printf_percent.o
         4          0          0          0          0          0   _printf_percent_end.o
         6          0          0          0          0          0   _printf_s.o
        82          0          0          0          0         80   _printf_str.o
        36          0          0          0          0         84   _printf_truncate.o
         6          0          0          0          0          0   _printf_u.o
        44          0          0          0          0        108   _printf_wchar.o
       188          6          8          0          0         92   _printf_wctomb.o
         6          0          0          0          0          0   _printf_x.o
        22          0          0          0          0        100   _rserrno.o
       880          4          0          0          0        100   _scanf.o
       336          0          0          0          0         92   _scanf_int.o
       342          0          0          0          0         96   _scanf_longlong.o
       272          0          0          0          0         96   _scanf_mbtowc.o
       218          0          0          0          0         92   _scanf_str.o
        30          0          0          0          0         76   _scanf_wcharmap.o
       226          0          0          0          0         96   _scanf_wctomb.o
       202          0          0          0          0         92   _scanf_wstr.o
        64          0          0          0          0         84   _sgetc.o
        10          0          0          0          0         68   _sputc.o
        64          0          0          0          0         92   _wcrtomb.o
        16          0          0          0          0         72   abort.o
       124         40          0          0          0         76   assert.o
        24          6          0          0          0         80   assert_stdio.o
       228          6        148          0          0         96   bigflt0.o
      2074        132          0          0          0        940   btod.o
        48         34          0          0          0         76   defsig_abrt_inner.o
        14          0          0          0          0         80   defsig_abrt_outer.o
        10          0          0          0          0         68   defsig_exit.o
        50          0          0          0          0         88   defsig_general.o
        80         58          0          0          0         76   defsig_rtmem_inner.o
        14          0          0          0          0         80   defsig_rtmem_outer.o
        52         38          0          0          0         76   defsig_rtred_inner.o
        14          0          0          0          0         80   defsig_rtred_outer.o
        76          0          0          0          0         88   fclose.o
         8          0          0          0          0         68   ferror.o
       100          4          0          0          0        120   fflush.o
       478          0          0          0          0         88   flsbuf.o
       236          4          0          0          0        128   fopen.o
        20          0          0          0          0         84   fprintf.o
        26          0          0          0          0         68   fputc.o
        34          0          0          0          0         80   fputs.o
       248          6          0          0          0         84   fseek.o
        70          0          0          0          0         76   ftell.o
        94          0          0          0          0         80   h1_alloc.o
        52          0          0          0          0         68   h1_extend.o
        78          0          0          0          0         80   h1_free.o
        14          0          0          0          0         84   h1_init.o
        80          6          0          4          0         96   heapauxa.o
         4          0          0          0          0        136   hguard.o
         0          0          0          0          0          0   indicate_semi.o
       138          0          0          0          0        168   init_alloc.o
       312         46          0          0          0        112   initio.o
        18          0          0          0          0         76   isspace.o
        44         10        272          0          0         76   lc_ctype_c.o
        44         10         28          0          0         76   lc_numeric_c.o
         2          0          0          0          0          0   libinit.o
        46          0          0          0          0          0   libinit2.o
         0          0          0          0          0          0   libshutdown2.o
        38          0          0          0          0         68   llshl.o
       138          0          0          0          0         80   lludiv10.o
       238          0          0          0          0        100   lludivv7m.o
         0          0          0          0          0          0   maybetermalloc1.o
         4          0          0          0          0         68   putc.o
       112         18          0          0        228        160   rand.o
        16          4          0          0          0         76   rt_ctype_table.o
         8          4          0          0          4         68   rt_eh_globals_addr.o
         8          4          0          0          4         68   rt_errno_addr.o
         8          4          0          0          4         68   rt_heap_descriptor.o
         8          4          0          0         20         68   rt_locale.o
        78          0          0          0          0         80   rt_memclr_w.o
         0          0          0          0          0          0   rtentry.o
        12          0          0          0          0          0   rtentry2.o
         6          0          0          0          0          0   rtentry4.o
        44          8          0          0          0         84   scanf_char.o
      1188         12          0          0          0        144   scanf_fp.o
       788         12          0          0          0         96   scanf_hexfp.o
       316         18          0          0          0         96   scanf_infnan.o
        70          0          0          0          0         80   setvbuf.o
        44          6          0          0          0         84   sprintf.o
        60          8          0          0          0         84   sscanf.o
       240          6          0          0          0        156   stdio.o
         0          0          0         12        252          0   stdio_streams.o
       128          0          0          0          0         68   strcmpv7m.o
        62          0          0          0          0         76   strlen.o
       150          0          0          0          0         80   strncmp.o
        12          4          0          0          0         68   sys_exit.o
        14          0          0          0          0         76   sys_wrch.o
         2          0          0          0          0         68   use_no_semi.o
        22          0          0          0          0         76   exit.c.lpc1768.arm.o
        72          0          0          0          0        132   gpio_api.c.lpc1768.arm.o
       424        100          0          0          0        332   pinmap.c.lpc1768.arm.o
        12          0          0          0          0         68   semihost_api.c.lpc1768.arm.o
       644        110        340          0          0        280   serial_api.c.lpc1768.arm.o
       148         16          0          0          0        240   timer_api.c.lpc1768.arm.o
        56         12          0          4          0         80   us_ticker_api.c.lpc1768.arm.o
       120          6          0          0          0         76   utils_api.c.lpc1768.arm.o
        50          0          0          0          0        144   wait_api.c.lpc1768.arm.o
         4          0          0          0          0         72   arm_bad_typeid_noexceptions.o
        80         14          0          0          0        100   arm_exceptions_globs.o
        60          0          0          0          0        108   arm_exceptions_mem.o
        26          0          0          0          0         76   arm_exceptions_terminate.o
         8          0          0          0          0         76   array_del.o
         8          0          0          0          0         76   delete.o
         0          0        193          0          0          0   lib_rtti_impl.o
      1264         44          0          0          0        712   rtti.o
         0          0         21          0          0          0   type_info_dtor.o
        32          0          0          0          0         80   type_info_eq.o
        98          4          0          0          0         92   d2f.o
        16          4          0          0          0         68   dcheck1.o
        24          0          0          0          0         68   dcmpi.o
       120          4          0          0          0         92   deqf.o
       120          4          0          0          0         92   dleqf.o
       156          4          0          0          0         92   dnaninf.o
       108          0          0          0          0         80   drleqf.o
       430          8          0          0          0        168   faddsub_clz.o
        12          4          0          0          0         68   fcheck1.o
       388         76          0          0          0         96   fdiv.o
        54          4          0          0          0         84   ffix.o
        86          0          0          0          0        136   fflt_clz.o
       258          4          0          0          0         84   fmul.o
       140          4          0          0          0         84   fnaninf.o
         0          0          8          0          0          0   fpconst.o
        10          0          0          0          0         68   fretinf.o
         4          0          0          0          0         68   printf1.o
         4          0          0          0          0         68   printf2.o
       100          0          0          0          0         68   retnan.o
        92          0          0          0          0         68   scalbn.o
        76          0          0          0          0         68   scalbnf.o
         4          0          0          0          0         68   scanf1.o
         8          0          0          0          0         84   scanf2.o
        48          0          0          0          0         68   trapv.o
         0          0          0          0          0          0   usenofp.o
        16          6          0          0          0         68   dunder.o
        40          0          0          0          0         68   fpclassify.o
        88          8          0          0          0         76   frexp.o
        10          0          0          0          0         68   funder.o
       148          0          0          0          0        160   ldexp.o
       152          4          0          0          0        160   narrow.o
        90          0          0          0          0         76   scalbnf.o
       168         20         64         20          0        216   Base.cpp.lpc1768.arm.o
       640         68        136          0         64        404   stdio.cpp.lpc1768.arm.o

    ----------------------------------------------------------------------
     22284       1154       1318         40        576      15276   Library Totals
        48          2          5          0          0          0   (incl. Padding)

    ----------------------------------------------------------------------

      Code (inc. data)   RO Data    RW Data    ZI Data      Debug   Library Name

     15498        624        551         16        512       9320   c_w.l
      1548        244        340          4          0       1428   capi.ar
      1482         58        214          0          0       1300   cpprt_w.l
      2356        120          8          0          0       1932   fz_ws.l
       544         18          0          0          0        676   m_ws.l
       808         88        200         20         64        620   mbed.ar

    ----------------------------------------------------------------------
     22284       1154       1318         40        576      15276   Library Totals

    ----------------------------------------------------------------------

==============================================================================


      Code (inc. data)   RO Data    RW Data    ZI Data      Debug   

     33898       2200       1546        368       4672     153591   Grand Totals
     33898       2200       1546         20       4672     153591   ELF Image Totals (compressed)
     33898       2200       1546         20          0          0   ROM Totals

==============================================================================

    Total RO  Size (Code + RO Data)                35444 (  34.61kB)
    Total RW  Size (RW Data + ZI Data)              5040 (   4.92kB)
    Total ROM Size (Code + RO Data + RW Data)      35464 (  34.63kB)

==============================================================================

